Component: ARM Compiler 5.06 update 7 (build 960) Tool: armlink [4d3601]

==============================================================================

Section Cross References

    main.o(i.main) refers to at32f403a_407_wk_config.o(i.wk_system_clock_config) for wk_system_clock_config
    main.o(i.main) refers to at32f403a_407_wk_config.o(i.wk_periph_clock_config) for wk_periph_clock_config
    main.o(i.main) refers to at32f403a_407_wk_config.o(i.wk_debug_config) for wk_debug_config
    main.o(i.main) refers to at32f403a_407_wk_config.o(i.wk_nvic_config) for wk_nvic_config
    main.o(i.main) refers to at32f403a_407_wk_config.o(i.wk_dma1_channel1_init) for wk_dma1_channel1_init
    main.o(i.main) refers to at32f403a_407_wk_config.o(i.wk_dma_channel_config) for wk_dma_channel_config
    main.o(i.main) refers to at32f403a_407_dma.o(i.dma_channel_enable) for dma_channel_enable
    main.o(i.main) refers to at32f403a_407_wk_config.o(i.wk_usart1_init) for wk_usart1_init
    main.o(i.main) refers to at32f403a_407_wk_config.o(i.wk_adc1_init) for wk_adc1_init
    main.o(i.main) refers to at32f403a_407_wk_config.o(i.wk_tmr1_init) for wk_tmr1_init
    main.o(i.main) refers to at32f403a_407_wk_config.o(i.wk_tmr2_init) for wk_tmr2_init
    main.o(i.main) refers to at32f403a_407_wk_config.o(i.wk_gpio_config) for wk_gpio_config
    main.o(i.main) refers to delay.o(i.delay_init) for delay_init
    main.o(i.main) refers to foc.o(i.angle_init) for angle_init
    main.o(i.main) refers to foc.o(i.first_get) for first_get
    main.o(i.main) refers to at32f403a_407_tmr.o(i.tmr_interrupt_enable) for tmr_interrupt_enable
    main.o(i.main) refers to at32f403a_407_usart.o(i.usart_interrupt_enable) for usart_interrupt_enable
    main.o(i.main) refers to f2d.o(.text) for __aeabi_f2d
    main.o(i.main) refers to printfa.o(i.__0printf) for __2printf
    main.o(i.main) refers to foc.o(.data) for AD_Value
    main.o(i.main) refers to main.o(.data) for f_c
    main.o(i.main) refers to at32f403a_407_int.o(.data) for tar
    at32f403a_407_wk_config.o(i.wk_adc1_init) refers to at32f403a_407_gpio.o(i.gpio_default_para_init) for gpio_default_para_init
    at32f403a_407_wk_config.o(i.wk_adc1_init) refers to at32f403a_407_gpio.o(i.gpio_init) for gpio_init
    at32f403a_407_wk_config.o(i.wk_adc1_init) refers to at32f403a_407_crm.o(i.crm_adc_clock_div_set) for crm_adc_clock_div_set
    at32f403a_407_wk_config.o(i.wk_adc1_init) refers to at32f403a_407_adc.o(i.adc_combine_mode_select) for adc_combine_mode_select
    at32f403a_407_wk_config.o(i.wk_adc1_init) refers to at32f403a_407_adc.o(i.adc_base_default_para_init) for adc_base_default_para_init
    at32f403a_407_wk_config.o(i.wk_adc1_init) refers to at32f403a_407_adc.o(i.adc_base_config) for adc_base_config
    at32f403a_407_wk_config.o(i.wk_adc1_init) refers to at32f403a_407_adc.o(i.adc_ordinary_channel_set) for adc_ordinary_channel_set
    at32f403a_407_wk_config.o(i.wk_adc1_init) refers to at32f403a_407_adc.o(i.adc_ordinary_conversion_trigger_set) for adc_ordinary_conversion_trigger_set
    at32f403a_407_wk_config.o(i.wk_adc1_init) refers to at32f403a_407_adc.o(i.adc_ordinary_part_mode_enable) for adc_ordinary_part_mode_enable
    at32f403a_407_wk_config.o(i.wk_adc1_init) refers to at32f403a_407_adc.o(i.adc_dma_mode_enable) for adc_dma_mode_enable
    at32f403a_407_wk_config.o(i.wk_adc1_init) refers to at32f403a_407_adc.o(i.adc_enable) for adc_enable
    at32f403a_407_wk_config.o(i.wk_adc1_init) refers to at32f403a_407_adc.o(i.adc_calibration_init) for adc_calibration_init
    at32f403a_407_wk_config.o(i.wk_adc1_init) refers to at32f403a_407_adc.o(i.adc_calibration_init_status_get) for adc_calibration_init_status_get
    at32f403a_407_wk_config.o(i.wk_adc1_init) refers to at32f403a_407_adc.o(i.adc_calibration_start) for adc_calibration_start
    at32f403a_407_wk_config.o(i.wk_adc1_init) refers to at32f403a_407_adc.o(i.adc_calibration_status_get) for adc_calibration_status_get
    at32f403a_407_wk_config.o(i.wk_debug_config) refers to at32f403a_407_gpio.o(i.gpio_pin_remap_config) for gpio_pin_remap_config
    at32f403a_407_wk_config.o(i.wk_dma1_channel1_init) refers to at32f403a_407_dma.o(i.dma_reset) for dma_reset
    at32f403a_407_wk_config.o(i.wk_dma1_channel1_init) refers to at32f403a_407_dma.o(i.dma_default_para_init) for dma_default_para_init
    at32f403a_407_wk_config.o(i.wk_dma1_channel1_init) refers to at32f403a_407_dma.o(i.dma_init) for dma_init
    at32f403a_407_wk_config.o(i.wk_dma1_channel1_init) refers to at32f403a_407_dma.o(i.dma_flexible_config) for dma_flexible_config
    at32f403a_407_wk_config.o(i.wk_gpio_config) refers to at32f403a_407_gpio.o(i.gpio_default_para_init) for gpio_default_para_init
    at32f403a_407_wk_config.o(i.wk_gpio_config) refers to at32f403a_407_gpio.o(i.gpio_bits_reset) for gpio_bits_reset
    at32f403a_407_wk_config.o(i.wk_gpio_config) refers to at32f403a_407_gpio.o(i.gpio_bits_set) for gpio_bits_set
[...]
    Removing at32f403a_407_adc.o(i.adc_preempt_offset_value_set), (62 bytes).
    Removing at32f403a_407_adc.o(i.adc_preempt_part_mode_enable), (10 bytes).
    Removing at32f403a_407_adc.o(i.adc_preempt_software_trigger_enable), (10 bytes).
    Removing at32f403a_407_adc.o(i.adc_preempt_software_trigger_status_get), (18 bytes).
    Removing at32f403a_407_adc.o(i.adc_reset), (100 bytes).
    Removing at32f403a_407_adc.o(i.adc_tempersensor_vintrv_enable), (20 bytes).
    Removing at32f403a_407_adc.o(i.adc_voltage_monitor_enable), (32 bytes).
    Removing at32f403a_407_adc.o(i.adc_voltage_monitor_single_channel_select), (10 bytes).
    Removing at32f403a_407_adc.o(i.adc_voltage_monitor_threshold_value_set), (18 bytes).
    Removing at32f403a_407_dma.o(.rev16_text), (4 bytes).
    Removing at32f403a_407_dma.o(.revsh_text), (4 bytes).
    Removing at32f403a_407_dma.o(.rrx_text), (6 bytes).
    Removing at32f403a_407_dma.o(i.dma_data_number_get), (8 bytes).
    Removing at32f403a_407_dma.o(i.dma_data_number_set), (4 bytes).
    Removing at32f403a_407_dma.o(i.dma_flag_clear), (32 bytes).
    Removing at32f403a_407_dma.o(i.dma_flag_get), (44 bytes).
    Removing at32f403a_407_dma.o(i.dma_interrupt_enable), (18 bytes).
    Removing at32f403a_407_dma.o(i.dma_interrupt_flag_get), (44 bytes).
    Removing startup_at32f403a_407.o(HEAP), (512 bytes).
    Removing system_at32f403a_407.o(.rev16_text), (4 bytes).
    Removing system_at32f403a_407.o(.revsh_text), (4 bytes).
    Removing system_at32f403a_407.o(.rrx_text), (6 bytes).
    Removing usart_1.o(.rev16_text), (4 bytes).
    Removing usart_1.o(.revsh_text), (4 bytes).
    Removing usart_1.o(.rrx_text), (6 bytes).
    Removing delay.o(.rev16_text), (4 bytes).
    Removing delay.o(.revsh_text), (4 bytes).
    Removing delay.o(.rrx_text), (6 bytes).
    Removing delay.o(i.delay_sec), (34 bytes).
    Removing delay.o(i.delay_us), (80 bytes).
    Removing led.o(.rev16_text), (4 bytes).
    Removing led.o(.revsh_text), (4 bytes).
    Removing led.o(.rrx_text), (6 bytes).
    Removing foc.o(.rev16_text), (4 bytes).
    Removing foc.o(.revsh_text), (4 bytes).
    Removing foc.o(.rrx_text), (6 bytes).
    Removing as5600.o(.rev16_text), (4 bytes).
    Removing as5600.o(.revsh_text), (4 bytes).
    Removing as5600.o(.rrx_text), (6 bytes).
    Removing as5600.o(i.angle_get_all), (196 bytes).
    Removing i2c.o(.rev16_text), (4 bytes).
    Removing i2c.o(.revsh_text), (4 bytes).
    Removing i2c.o(.rrx_text), (6 bytes).
    Removing pid.o(.rev16_text), (4 bytes).
    Removing pid.o(.revsh_text), (4 bytes).
    Removing pid.o(.rrx_text), (6 bytes).

260 unused section(s) (total 9798 bytes) removed from the image.

==============================================================================

Image Symbol Table

    Local Symbols

    Symbol Name                              Value     Ov Type        Size  Object(Section)

    ../clib/microlib/division.c              0x00000000   Number         0  uldiv.o ABSOLUTE
    ../clib/microlib/division.c              0x00000000   Number         0  uidiv.o ABSOLUTE
    ../clib/microlib/errno.c                 0x00000000   Number         0  errno.o ABSOLUTE
    ../clib/microlib/init/entry.s            0x00000000   Number         0  entry7a.o ABSOLUTE
    ../clib/microlib/init/entry.s            0x00000000   Number         0  entry11b.o ABSOLUTE
    ../clib/microlib/init/entry.s            0x00000000   Number         0  entry11a.o ABSOLUTE
    ../clib/microlib/init/entry.s            0x00000000   Number         0  entry10b.o ABSOLUTE
    ../clib/microlib/init/entry.s            0x00000000   Number         0  entry2.o ABSOLUTE
    ../clib/microlib/init/entry.s            0x00000000   Number         0  entry10a.o ABSOLUTE
    ../clib/microlib/init/entry.s            0x00000000   Number         0  entry9b.o ABSOLUTE
    ../clib/microlib/init/entry.s            0x00000000   Number         0  entry9a.o ABSOLUTE
    ../clib/microlib/init/entry.s            0x00000000   Number         0  entry8b.o ABSOLUTE
    ../clib/microlib/init/entry.s            0x00000000   Number         0  entry8a.o ABSOLUTE
    ../clib/microlib/init/entry.s            0x00000000   Number         0  entry7b.o ABSOLUTE
    ../clib/microlib/init/entry.s            0x00000000   Number         0  entry12b.o ABSOLUTE
    ../clib/microlib/init/entry.s            0x00000000   Number         0  entry.o ABSOLUTE
    ../clib/microlib/init/entry.s            0x00000000   Number         0  entry5.o ABSOLUTE
    ../clib/microlib/init/entry.s            0x00000000   Number         0  entry12a.o ABSOLUTE
    ../clib/microlib/longlong.c              0x00000000   Number         0  llsshr.o ABSOLUTE
    ../clib/microlib/longlong.c              0x00000000   Number         0  llushr.o ABSOLUTE
    ../clib/microlib/longlong.c              0x00000000   Number         0  llshl.o ABSOLUTE
    ../clib/microlib/printf/printf.c         0x00000000   Number         0  printf0.o ABSOLUTE
    ../clib/microlib/printf/printf.c         0x00000000   Number         0  printfa.o ABSOLUTE
    ../clib/microlib/printf/printf.c         0x00000000   Number         0  printf8.o ABSOLUTE
    ../clib/microlib/printf/printf.c         0x00000000   Number         0  printf7.o ABSOLUTE
    ../clib/microlib/printf/printf.c         0x00000000   Number         0  printf6.o ABSOLUTE
    ../clib/microlib/printf/printf.c         0x00000000   Number         0  printf5.o ABSOLUTE
    ../clib/microlib/printf/printf.c         0x00000000   Number         0  printfb.o ABSOLUTE
    ../clib/microlib/printf/printf.c         0x00000000   Number         0  printf4.o ABSOLUTE
    ../clib/microlib/printf/printf.c         0x00000000   Number         0  printf3.o ABSOLUTE
    ../clib/microlib/printf/printf.c         0x00000000   Number         0  printf2.o ABSOLUTE
    ../clib/microlib/printf/printf.c         0x00000000   Number         0  printf1.o ABSOLUTE
    ../clib/microlib/printf/stubs.s          0x00000000   Number         0  stubs.o ABSOLUTE
    ../clib/microlib/stdio/streams.c         0x00000000   Number         0  stdout.o ABSOLUTE
    ../clib/microlib/stubs.s                 0x00000000   Number         0  iusefp.o ABSOLUTE
    ../fplib/microlib/d2f.c                  0x00000000   Number         0  d2f.o ABSOLUTE
    ../fplib/microlib/f2d.c                  0x00000000   Number         0  f2d.o ABSOLUTE
    ../fplib/microlib/fpadd.c                0x00000000   Number         0  dadd.o ABSOLUTE
    ../fplib/microlib/fpdiv.c                0x00000000   Number         0  ddiv.o ABSOLUTE
    ../fplib/microlib/fpepilogue.c           0x00000000   Number         0  fepilogue.o ABSOLUTE
    ../fplib/microlib/fpepilogue.c           0x00000000   Number         0  depilogue.o ABSOLUTE
    ../fplib/microlib/fpfix.c                0x00000000   Number         0  dfixul.o ABSOLUTE
    ../fplib/microlib/fpmul.c                0x00000000   Number         0  dmul.o ABSOLUTE
    ../fplib/microlib/fprem.c                0x00000000   Number         0  drem.o ABSOLUTE
    ../mathlib/dunder.c                      0x00000000   Number         0  dunder.o ABSOLUTE
    ../mathlib/fabs.c                        0x00000000   Number         0  fabs.o ABSOLUTE
    ../mathlib/fmod.c                        0x00000000   Number         0  fmod_x.o ABSOLUTE
    ../mathlib/fmod.c                        0x00000000   Number         0  fmod.o ABSOLUTE
    ..\..\Hardware\AS5600.c                  0x00000000   Number         0  as5600.o ABSOLUTE
    ..\..\Hardware\FOC.c                     0x00000000   Number         0  foc.o ABSOLUTE
    ..\..\Hardware\I2C.c                     0x00000000   Number         0  i2c.o ABSOLUTE
    ..\..\Hardware\PID.c                     0x00000000   Number         0  pid.o ABSOLUTE
    ..\..\Hardware\delay.c                   0x00000000   Number         0  delay.o ABSOLUTE
    ..\..\Hardware\led.c                     0x00000000   Number         0  led.o ABSOLUTE
    ..\..\Hardware\usart_1.c                 0x00000000   Number         0  usart_1.o ABSOLUTE
    ..\..\libraries\cmsis\cm4\device_support\system_at32f403a_407.c 0x00000000   Number         0  system_at32f403a_407.o ABSOLUTE
    ..\..\libraries\drivers\src\at32f403a_407_adc.c 0x00000000   Number         0  at32f403a_407_adc.o ABSOLUTE
    ..\..\libraries\drivers\src\at32f403a_407_crm.c 0x00000000   Number         0  at32f403a_407_crm.o ABSOLUTE
    ..\..\libraries\drivers\src\at32f403a_407_debug.c 0x00000000   Number         0  at32f403a_407_debug.o ABSOLUTE
    ..\..\libraries\drivers\src\at32f403a_407_dma.c 0x00000000   Number         0  at32f403a_407_dma.o ABSOLUTE
    ..\..\libraries\drivers\src\at32f403a_407_flash.c 0x00000000   Number         0  at32f403a_407_flash.o ABSOLUTE
    ..\..\libraries\drivers\src\at32f403a_407_gpio.c 0x00000000   Number         0  at32f403a_407_gpio.o ABSOLUTE
    ..\..\libraries\drivers\src\at32f403a_407_i2c.c 0x00000000   Number         0  at32f403a_407_i2c.o ABSOLUTE
    ..\..\libraries\drivers\src\at32f403a_407_misc.c 0x00000000   Number         0  at32f403a_407_misc.o ABSOLUTE
    ..\..\libraries\drivers\src\at32f403a_407_pwc.c 0x00000000   Number         0  at32f403a_407_pwc.o ABSOLUTE
    ..\..\libraries\drivers\src\at32f403a_407_tmr.c 0x00000000   Number         0  at32f403a_407_tmr.o ABSOLUTE
    ..\..\libraries\drivers\src\at32f403a_407_usart.c 0x00000000   Number         0  at32f403a_407_usart.o ABSOLUTE
    ..\\..\\Hardware\\AS5600.c               0x00000000   Number         0  as5600.o ABSOLUTE
    ..\\..\\Hardware\\FOC.c                  0x00000000   Number         0  foc.o ABSOLUTE
    ..\\..\\Hardware\\I2C.c                  0x00000000   Number         0  i2c.o ABSOLUTE
    ..\\..\\Hardware\\PID.c                  0x00000000   Number         0  pid.o ABSOLUTE
    ..\\..\\Hardware\\delay.c                0x00000000   Number         0  delay.o ABSOLUTE
    ..\\..\\Hardware\\led.c                  0x00000000   Number         0  led.o ABSOLUTE
    ..\\..\\Hardware\\usart_1.c              0x00000000   Number         0  usart_1.o ABSOLUTE
    ..\\..\\libraries\\cmsis\\cm4\\device_support\\system_at32f403a_407.c 0x00000000   Number         0  system_at32f403a_407.o ABSOLUTE
    ..\\..\\libraries\\drivers\\src\\at32f403a_407_adc.c 0x00000000   Number         0  at32f403a_407_adc.o ABSOLUTE
    ..\\..\\libraries\\drivers\\src\\at32f403a_407_crm.c 0x00000000   Number         0  at32f403a_407_crm.o ABSOLUTE
    ..\\..\\libraries\\drivers\\src\\at32f403a_407_debug.c 0x00000000   Number         0  at32f403a_407_debug.o ABSOLUTE
    ..\\..\\libraries\\drivers\\src\\at32f403a_407_dma.c 0x00000000   Number         0  at32f403a_407_dma.o ABSOLUTE
    ..\\..\\libraries\\drivers\\src\\at32f403a_407_flash.c 0x00000000   Number         0  at32f403a_407_flash.o ABSOLUTE
    ..\\..\\libraries\\drivers\\src\\at32f403a_407_gpio.c 0x00000000   Number         0  at32f403a_407_gpio.o ABSOLUTE
    ..\\..\\libraries\\drivers\\src\\at32f403a_407_i2c.c 0x00000000   Number         0  at32f403a_407_i2c.o ABSOLUTE
    ..\\..\\libraries\\drivers\\src\\at32f403a_407_misc.c 0x00000000   Number         0  at32f403a_407_misc.o ABSOLUTE
    ..\\..\\libraries\\drivers\\src\\at32f403a_407_pwc.c 0x00000000   Number         0  at32f403a_407_pwc.o ABSOLUTE
    ..\\..\\libraries\\drivers\\src\\at32f403a_407_tmr.c 0x00000000   Number         0  at32f403a_407_tmr.o ABSOLUTE
    ..\\..\\libraries\\drivers\\src\\at32f403a_407_usart.c 0x00000000   Number         0  at32f403a_407_usart.o ABSOLUTE
    ..\\src\\at32f403a_407_int.c             0x00000000   Number         0  at32f403a_407_int.o ABSOLUTE
    ..\\src\\at32f403a_407_wk_config.c       0x00000000   Number         0  at32f403a_407_wk_config.o ABSOLUTE
    ..\\src\\main.c                          0x00000000   Number         0  main.o ABSOLUTE
    ..\src\at32f403a_407_int.c               0x00000000   Number         0  at32f403a_407_int.o ABSOLUTE
    ..\src\at32f403a_407_wk_config.c         0x00000000   Number         0  at32f403a_407_wk_config.o ABSOLUTE
    ..\src\main.c                            0x00000000   Number         0  main.o ABSOLUTE
    cdrcmple.s                               0x00000000   Number         0  cdrcmple.o ABSOLUTE
    dc.s                                     0x00000000   Number         0  dc.o ABSOLUTE
    handlers.s                               0x00000000   Number         0  handlers.o ABSOLUTE
    init.s                                   0x00000000   Number         0  init.o ABSOLUTE
    startup_at32f403a_407.s                  0x00000000   Number         0  startup_at32f403a_407.o ABSOLUTE
    RESET                                    0x08000000   Section      388  startup_at32f403a_407.o(RESET)
    .ARM.Collect$$$$00000000                 0x08000184   Section        0  entry.o(.ARM.Collect$$$$00000000)
    .ARM.Collect$$$$00000001                 0x08000184   Section        4  entry2.o(.ARM.Collect$$$$00000001)
    .ARM.Collect$$$$00000004                 0x08000188   Section        4  entry5.o(.ARM.Collect$$$$00000004)
    .ARM.Collect$$$$00000008                 0x0800018c   Section        0  entry7b.o(.ARM.Collect$$$$00000008)
    .ARM.Collect$$$$0000000A                 0x0800018c   Section        0  entry8b.o(.ARM.Collect$$$$0000000A)
    .ARM.Collect$$$$0000000B                 0x0800018c   Section        8  entry9a.o(.ARM.Collect$$$$0000000B)
    .ARM.Collect$$$$0000000E                 0x08000194   Section        4  entry12b.o(.ARM.Collect$$$$0000000E)
    .ARM.Collect$$$$0000000F                 0x08000198   Section        0  entry10a.o(.ARM.Collect$$$$0000000F)
    .ARM.Collect$$$$00000011                 0x08000198   Section        0  entry11a.o(.ARM.Collect$$$$00000011)
    .ARM.Collect$$$$00002712                 0x08000198   Section        4  entry2.o(.ARM.Collect$$$$00002712)
    __lit__00000000                          0x08000198   Data           4  entry2.o(.ARM.Collect$$$$00002712)
    .text                                    0x0800019c   Section       36  startup_at32f403a_407.o(.text)
    $v0                                      0x0800019c   Number         0  startup_at32f403a_407.o(.text)
    .text                                    0x080001c0   Section        0  f2d.o(.text)
    .text                                    0x080001e8   Section       48  cdrcmple.o(.text)
    .text                                    0x08000218   Section        0  d2f.o(.text)
    .text                                    0x08000250   Section        0  uidiv.o(.text)
    .text                                    0x0800027c   Section        0  uldiv.o(.text)
    .text                                    0x080002de   Section        0  iusefp.o(.text)
    .text                                    0x080002de   Section        0  fepilogue.o(.text)
    .text                                    0x0800034c   Section        0  dadd.o(.text)
    .text                                    0x0800049a   Section        0  dmul.o(.text)
    .text                                    0x0800057e   Section        0  ddiv.o(.text)
    .text                                    0x0800065c   Section        0  drem.o(.text)
    .text                                    0x080006e2   Section        0  dfixul.o(.text)
    .text                                    0x08000714   Section       36  init.o(.text)
    .text                                    0x08000738   Section        0  llshl.o(.text)
    .text                                    0x08000756   Section        0  llushr.o(.text)
    .text                                    0x08000776   Section        0  llsshr.o(.text)
    .text                                    0x0800079a   Section        0  depilogue.o(.text)
    i.AS5600_IIC_Read_OneByte                0x08000854   Section        0  as5600.o(i.AS5600_IIC_Read_OneByte)
    i.Angle_limit                            0x08000894   Section        0  foc.o(i.Angle_limit)
    i.BusFault_Handler                       0x080008f8   Section        0  at32f403a_407_int.o(i.BusFault_Handler)
    i.DebugMon_Handler                       0x080008fc   Section        0  at32f403a_407_int.o(i.DebugMon_Handler)
    i.HardFault_Handler                      0x080008fe   Section        0  at32f403a_407_int.o(i.HardFault_Handler)
    i.IIC_Ack                                0x08000904   Section        0  i2c.o(i.IIC_Ack)
    i.IIC_NAck                               0x08000954   Section        0  i2c.o(i.IIC_NAck)
    i.IIC_Read_Byte                          0x080009a4   Section        0  i2c.o(i.IIC_Read_Byte)
    i.IIC_Send_Byte                          0x08000a14   Section        0  i2c.o(i.IIC_Send_Byte)
    i.IIC_Start                              0x08000a88   Section        0  i2c.o(i.IIC_Start)
    i.IIC_Stop                               0x08000ad4   Section        0  i2c.o(i.IIC_Stop)
    i.IIC_Wait_Ack                           0x08000b20   Section        0  i2c.o(i.IIC_Wait_Ack)
    i.Id_pid                                 0x08000b88   Section        0  pid.o(i.Id_pid)
    i.Iq_pid                                 0x08000c50   Section        0  pid.o(i.Iq_pid)
    i.LowPass_Filter                         0x08000d18   Section        0  pid.o(i.LowPass_Filter)
    i.MemManage_Handler                      0x08000d80   Section        0  at32f403a_407_int.o(i.MemManage_Handler)
    i.NMI_Handler                            0x08000d84   Section        0  at32f403a_407_int.o(i.NMI_Handler)
    i.PendSV_Handler                         0x08000d86   Section        0  at32f403a_407_int.o(i.PendSV_Handler)
    i.SVC_Handler                            0x08000d88   Section        0  at32f403a_407_int.o(i.SVC_Handler)
    i.SystemInit                             0x08000d8c   Section        0  system_at32f403a_407.o(i.SystemInit)
    i.TMR1_OVF_TMR10_IRQHandler              0x08000dfc   Section        0  at32f403a_407_int.o(i.TMR1_OVF_TMR10_IRQHandler)
    i.USART1_IRQHandler                      0x08000e54   Section        0  at32f403a_407_int.o(i.USART1_IRQHandler)
    i.UsageFault_Handler                     0x08000ef4   Section        0  at32f403a_407_int.o(i.UsageFault_Handler)
    i.__0printf                              0x08000ef8   Section        0  printfa.o(i.__0printf)
    i.__hardfp_fmod                          0x08000f18   Section        0  fmod.o(i.__hardfp_fmod)
    i.__mathlib_dbl_invalid                  0x08001020   Section        0  dunder.o(i.__mathlib_dbl_invalid)
    i.__scatterload_copy                     0x08001040   Section       14  handlers.o(i.__scatterload_copy)
    i.__scatterload_null                     0x0800104e   Section        2  handlers.o(i.__scatterload_null)
    i.__scatterload_zeroinit                 0x08001050   Section       14  handlers.o(i.__scatterload_zeroinit)
    i.__set_errno                            0x08001060   Section        0  errno.o(i.__set_errno)
    i._electricalAngle                       0x0800106c   Section        0  foc.o(i._electricalAngle)
    i._fp_digits                             0x08001098   Section        0  printfa.o(i._fp_digits)
    _fp_digits                               0x08001099   Thumb Code   366  printfa.o(i._fp_digits)
    i._printf_core                           0x0800121c   Section        0  printfa.o(i._printf_core)
    _printf_core                             0x0800121d   Thumb Code  1704  printfa.o(i._printf_core)
    i._printf_post_padding                   0x080018d0   Section        0  printfa.o(i._printf_post_padding)
    _printf_post_padding                     0x080018d1   Thumb Code    36  printfa.o(i._printf_post_padding)
    i._printf_pre_padding                    0x080018f4   Section        0  printfa.o(i._printf_pre_padding)
    _printf_pre_padding                      0x080018f5   Thumb Code    46  printfa.o(i._printf_pre_padding)
    i.adc_base_config                        0x08001922   Section        0  at32f403a_407_adc.o(i.adc_base_config)
    i.adc_base_default_para_init             0x0800194e   Section        0  at32f403a_407_adc.o(i.adc_base_default_para_init)
    i.adc_calibration_init                   0x0800195c   Section        0  at32f403a_407_adc.o(i.adc_calibration_init)
    i.adc_calibration_init_status_get        0x08001968   Section        0  at32f403a_407_adc.o(i.adc_calibration_init_status_get)
    i.adc_calibration_start                  0x0800197a   Section        0  at32f403a_407_adc.o(i.adc_calibration_start)
    i.adc_calibration_status_get             0x08001986   Section        0  at32f403a_407_adc.o(i.adc_calibration_status_get)
    i.adc_combine_mode_select                0x08001998   Section        0  at32f403a_407_adc.o(i.adc_combine_mode_select)
    i.adc_dma_mode_enable                    0x080019ac   Section        0  at32f403a_407_adc.o(i.adc_dma_mode_enable)
    i.adc_enable                             0x080019b6   Section        0  at32f403a_407_adc.o(i.adc_enable)
    i.adc_ordinary_channel_set               0x080019c0   Section        0  at32f403a_407_adc.o(i.adc_ordinary_channel_set)
    i.adc_ordinary_conversion_trigger_set    0x08001a68   Section        0  at32f403a_407_adc.o(i.adc_ordinary_conversion_trigger_set)
    i.adc_ordinary_part_mode_enable          0x08001a9c   Section        0  at32f403a_407_adc.o(i.adc_ordinary_part_mode_enable)
    i.angle_get                              0x08001aa8   Section        0  as5600.o(i.angle_get)
    i.angle_init                             0x08001b28   Section        0  foc.o(i.angle_init)
    i.at32_led_toggle                        0x08001bcc   Section        0  led.o(i.at32_led_toggle)
    i.crm_adc_clock_div_set                  0x08001be0   Section        0  at32f403a_407_crm.o(i.crm_adc_clock_div_set)
    i.crm_ahb_div_set                        0x08001c00   Section        0  at32f403a_407_crm.o(i.crm_ahb_div_set)
    i.crm_apb1_div_set                       0x08001c14   Section        0  at32f403a_407_crm.o(i.crm_apb1_div_set)
    i.crm_apb2_div_set                       0x08001c28   Section        0  at32f403a_407_crm.o(i.crm_apb2_div_set)
    i.crm_auto_step_mode_enable              0x08001c3c   Section        0  at32f403a_407_crm.o(i.crm_auto_step_mode_enable)
    i.crm_clock_source_enable                0x08001c64   Section        0  at32f403a_407_crm.o(i.crm_clock_source_enable)
    i.crm_clocks_freq_get                    0x08001cc4   Section        0  at32f403a_407_crm.o(i.crm_clocks_freq_get)
    i.crm_flag_get                           0x08001df0   Section        0  at32f403a_407_crm.o(i.crm_flag_get)
    i.crm_hext_stable_wait                   0x08001e20   Section        0  at32f403a_407_crm.o(i.crm_hext_stable_wait)
    i.crm_periph_clock_enable                0x08001e50   Section        0  at32f403a_407_crm.o(i.crm_periph_clock_enable)
    i.crm_pll_config                         0x08001e94   Section        0  at32f403a_407_crm.o(i.crm_pll_config)
    i.crm_reset                              0x08001f10   Section        0  at32f403a_407_crm.o(i.crm_reset)
    i.crm_sysclk_switch                      0x08001f68   Section        0  at32f403a_407_crm.o(i.crm_sysclk_switch)
    i.crm_sysclk_switch_status_get           0x08001fa4   Section        0  at32f403a_407_crm.o(i.crm_sysclk_switch_status_get)
    i.delay_init                             0x08001fb4   Section        0  delay.o(i.delay_init)
    i.delay_ms                               0x08001fec   Section        0  delay.o(i.delay_ms)
    i.delay_s                                0x08002060   Section        0  i2c.o(i.delay_s)
    i.dma_channel_enable                     0x0800206c   Section        0  at32f403a_407_dma.o(i.dma_channel_enable)
    i.dma_default_para_init                  0x08002076   Section        0  at32f403a_407_dma.o(i.dma_default_para_init)
    i.dma_flexible_config                    0x0800208e   Section        0  at32f403a_407_dma.o(i.dma_flexible_config)
    i.dma_init                               0x08002126   Section        0  at32f403a_407_dma.o(i.dma_init)
    i.dma_reset                              0x08002184   Section        0  at32f403a_407_dma.o(i.dma_reset)
    i.fast_cos                               0x080021f4   Section        0  foc.o(i.fast_cos)
    fast_cos                                 0x080021f5   Thumb Code   164  foc.o(i.fast_cos)
    i.fast_sin                               0x080022b8   Section        0  foc.o(i.fast_sin)
    fast_sin                                 0x080022b9   Thumb Code   168  foc.o(i.fast_sin)
    i.first_get                              0x08002380   Section        0  foc.o(i.first_get)
    i.fputc                                  0x080023c4   Section        0  usart_1.o(i.fputc)
    i.gpio_bits_reset                        0x080023f8   Section        0  at32f403a_407_gpio.o(i.gpio_bits_reset)
    i.gpio_bits_set                          0x080023fc   Section        0  at32f403a_407_gpio.o(i.gpio_bits_set)
    i.gpio_default_para_init                 0x08002400   Section        0  at32f403a_407_gpio.o(i.gpio_default_para_init)
    i.gpio_init                              0x08002416   Section        0  at32f403a_407_gpio.o(i.gpio_init)
    i.gpio_pin_remap_config                  0x080024c0   Section        0  at32f403a_407_gpio.o(i.gpio_pin_remap_config)
    i.limit                                  0x0800250c   Section        0  foc.o(i.limit)
    i.main                                   0x08002530   Section        0  main.o(i.main)
    i.nvic_irq_enable                        0x0800261c   Section        0  at32f403a_407_misc.o(i.nvic_irq_enable)
    i.nvic_priority_group_config             0x080026e4   Section        0  at32f403a_407_misc.o(i.nvic_priority_group_config)
    i.open                                   0x0800270c   Section        0  foc.o(i.open)
    i.setPhaseVoltage                        0x08002808   Section        0  foc.o(i.setPhaseVoltage)
    i.setpwm                                 0x08002aa0   Section        0  foc.o(i.setpwm)
    i.system_core_clock_update               0x08002bd8   Section        0  system_at32f403a_407.o(i.system_core_clock_update)
    i.systick_clock_source_config            0x08002cd0   Section        0  at32f403a_407_misc.o(i.systick_clock_source_config)
    i.tmr_base_init                          0x08002cf8   Section        0  at32f403a_407_tmr.o(i.tmr_base_init)
    i.tmr_channel_value_set                  0x08002d08   Section        0  at32f403a_407_tmr.o(i.tmr_channel_value_set)
    i.tmr_clock_source_div_set               0x08002d30   Section        0  at32f403a_407_tmr.o(i.tmr_clock_source_div_set)
    i.tmr_cnt_dir_set                        0x08002d3a   Section        0  at32f403a_407_tmr.o(i.tmr_cnt_dir_set)
    i.tmr_counter_enable                     0x08002d44   Section        0  at32f403a_407_tmr.o(i.tmr_counter_enable)
    i.tmr_flag_clear                         0x08002d4e   Section        0  at32f403a_407_tmr.o(i.tmr_flag_clear)
    i.tmr_interrupt_enable                   0x08002d54   Section        0  at32f403a_407_tmr.o(i.tmr_interrupt_enable)
    i.tmr_output_channel_buffer_enable       0x08002d6a   Section        0  at32f403a_407_tmr.o(i.tmr_output_channel_buffer_enable)
    i.tmr_output_channel_config              0x08002dac   Section        0  at32f403a_407_tmr.o(i.tmr_output_channel_config)
    i.tmr_output_channel_immediately_set     0x08002f4c   Section        0  at32f403a_407_tmr.o(i.tmr_output_channel_immediately_set)
    i.tmr_period_buffer_enable               0x08002f8e   Section        0  at32f403a_407_tmr.o(i.tmr_period_buffer_enable)
    i.tmr_primary_mode_select                0x08002f98   Section        0  at32f403a_407_tmr.o(i.tmr_primary_mode_select)
    i.tmr_repetition_counter_set             0x08002fa2   Section        0  at32f403a_407_tmr.o(i.tmr_repetition_counter_set)
    i.tmr_sub_sync_mode_set                  0x08002fac   Section        0  at32f403a_407_tmr.o(i.tmr_sub_sync_mode_set)
    i.usart_data_receive                     0x08002fb6   Section        0  at32f403a_407_usart.o(i.usart_data_receive)
    i.usart_data_transmit                    0x08002fbe   Section        0  at32f403a_407_usart.o(i.usart_data_transmit)
    i.usart_enable                           0x08002fc6   Section        0  at32f403a_407_usart.o(i.usart_enable)
    i.usart_flag_get                         0x08002fd0   Section        0  at32f403a_407_usart.o(i.usart_flag_get)
    i.usart_hardware_flow_control_set        0x08002fe0   Section        0  at32f403a_407_usart.o(i.usart_hardware_flow_control_set)
    i.usart_init                             0x08003048   Section        0  at32f403a_407_usart.o(i.usart_init)
    i.usart_interrupt_enable                 0x080030c8   Section        0  at32f403a_407_usart.o(i.usart_interrupt_enable)
    i.usart_interrupt_flag_get               0x080030fe   Section        0  at32f403a_407_usart.o(i.usart_interrupt_flag_get)
    i.usart_parity_selection_config          0x080031ae   Section        0  at32f403a_407_usart.o(i.usart_parity_selection_config)
    i.usart_receiver_enable                  0x080031fa   Section        0  at32f403a_407_usart.o(i.usart_receiver_enable)
    i.usart_transmitter_enable               0x08003204   Section        0  at32f403a_407_usart.o(i.usart_transmitter_enable)
    i.wk_adc1_init                           0x08003210   Section        0  at32f403a_407_wk_config.o(i.wk_adc1_init)
    i.wk_debug_config                        0x080032f4   Section        0  at32f403a_407_wk_config.o(i.wk_debug_config)
    i.wk_dma1_channel1_init                  0x08003304   Section        0  at32f403a_407_wk_config.o(i.wk_dma1_channel1_init)
    i.wk_dma_channel_config                  0x08003354   Section        0  at32f403a_407_wk_config.o(i.wk_dma_channel_config)
    i.wk_gpio_config                         0x0800335c   Section        0  at32f403a_407_wk_config.o(i.wk_gpio_config)
    i.wk_nvic_config                         0x080033a0   Section        0  at32f403a_407_wk_config.o(i.wk_nvic_config)
    i.wk_periph_clock_config                 0x080033c0   Section        0  at32f403a_407_wk_config.o(i.wk_periph_clock_config)
    i.wk_system_clock_config                 0x08003420   Section        0  at32f403a_407_wk_config.o(i.wk_system_clock_config)
    i.wk_tmr1_init                           0x080034b8   Section        0  at32f403a_407_wk_config.o(i.wk_tmr1_init)
    i.wk_tmr2_init                           0x08003504   Section        0  at32f403a_407_wk_config.o(i.wk_tmr2_init)
    i.wk_usart1_init                         0x08003720   Section        0  at32f403a_407_wk_config.o(i.wk_usart1_init)
    .constdata                               0x080037b4   Section       40  at32f403a_407_crm.o(.constdata)
    sclk_ahb_div_table                       0x080037b4   Data          16  at32f403a_407_crm.o(.constdata)
    ahb_apb1_div_table                       0x080037c4   Data           8  at32f403a_407_crm.o(.constdata)
    ahb_apb2_div_table                       0x080037cc   Data           8  at32f403a_407_crm.o(.constdata)
    adc_div_table                            0x080037d4   Data           8  at32f403a_407_crm.o(.constdata)
    .constdata                               0x080037dc   Section       16  system_at32f403a_407.o(.constdata)
    sys_ahb_div_table                        0x080037dc   Data          16  system_at32f403a_407.o(.constdata)
    .data                                    0x20000000   Section       10  main.o(.data)
    .data                                    0x2000000c   Section       36  at32f403a_407_int.o(.data)
    .data                                    0x20000030   Section        4  system_at32f403a_407.o(.data)
    .data                                    0x20000034   Section        8  delay.o(.data)
    fac_us                                   0x20000034   Data           4  delay.o(.data)
    fac_ms                                   0x20000038   Data           4  delay.o(.data)
    .data                                    0x2000003c   Section       72  foc.o(.data)
    .data                                    0x20000084   Section       28  as5600.o(.data)
    .data                                    0x200000a0   Section       64  pid.o(.data)
    y_prev                                   0x200000d8   Data           4  pid.o(.data)
    y_prev2                                  0x200000dc   Data           4  pid.o(.data)
    .data                                    0x200000e0   Section        4  stdout.o(.data)
    .data                                    0x200000e4   Section        4  errno.o(.data)
    _errno                                   0x200000e4   Data           4  errno.o(.data)
    STACK                                    0x200000e8   Section     1024  startup_at32f403a_407.o(STACK)

    Global Symbols

    Symbol Name                              Value     Ov Type        Size  Object(Section)

    BuildAttributes$$THM_ISAv4$E$P$D$K$B$S$7EM$VFPi3$EXTD16$VFPS$VFMA$PE$A:L22UL41UL21$X:L11$S22US41US21$IEEE1$IW$USESV6$~STKCKD$USESV7$~SHL$OTIME$ROPI$IEEEX$EBA8$MICROLIB$REQ8$PRES8$EABIv2 0x00000000   Number         0  anon$$obj.o ABSOLUTE
    __ARM_use_no_argv                        0x00000000   Number         0  main.o ABSOLUTE
    _printf_a                                0x00000000   Number         0  stubs.o ABSOLUTE
    _printf_c                                0x00000000   Number         0  stubs.o ABSOLUTE
    _printf_charcount                        0x00000000   Number         0  stubs.o ABSOLUTE
    _printf_d                                0x00000000   Number         0  stubs.o ABSOLUTE
    _printf_e                                0x00000000   Number         0  stubs.o ABSOLUTE
    _printf_f                                0x00000000   Number         0  stubs.o ABSOLUTE
    _printf_flags                            0x00000000   Number         0  stubs.o ABSOLUTE
    _printf_fp_dec                           0x00000000   Number         0  stubs.o ABSOLUTE
    _printf_fp_hex                           0x00000000   Number         0  stubs.o ABSOLUTE
    _printf_g                                0x00000000   Number         0  stubs.o ABSOLUTE
    _printf_i                                0x00000000   Number         0  stubs.o ABSOLUTE
    _printf_int_dec                          0x00000000   Number         0  stubs.o ABSOLUTE
    _printf_l                                0x00000000   Number         0  stubs.o ABSOLUTE
    _printf_lc                               0x00000000   Number         0  stubs.o ABSOLUTE
    _printf_ll                               0x00000000   Number         0  stubs.o ABSOLUTE
    _printf_lld                              0x00000000   Number         0  stubs.o ABSOLUTE
    _printf_lli                              0x00000000   Number         0  stubs.o ABSOLUTE
    _printf_llo                              0x00000000   Number         0  stubs.o ABSOLUTE
    _printf_llu                              0x00000000   Number         0  stubs.o ABSOLUTE
    _printf_llx                              0x00000000   Number         0  stubs.o ABSOLUTE
    _printf_longlong_dec                     0x00000000   Number         0  stubs.o ABSOLUTE
    _printf_longlong_hex                     0x00000000   Number         0  stubs.o ABSOLUTE
    _printf_longlong_oct                     0x00000000   Number         0  stubs.o ABSOLUTE
    _printf_ls                               0x00000000   Number         0  stubs.o ABSOLUTE
    _printf_mbtowc                           0x00000000   Number         0  stubs.o ABSOLUTE
    _printf_n                                0x00000000   Number         0  stubs.o ABSOLUTE
    _printf_o                                0x00000000   Number         0  stubs.o ABSOLUTE
    _printf_p                                0x00000000   Number         0  stubs.o ABSOLUTE
    _printf_percent                          0x00000000   Number         0  stubs.o ABSOLUTE
    _printf_pre_padding                      0x00000000   Number         0  stubs.o ABSOLUTE
    _printf_return_value                     0x00000000   Number         0  stubs.o ABSOLUTE
    _printf_s                                0x00000000   Number         0  stubs.o ABSOLUTE
    _printf_sizespec                         0x00000000   Number         0  stubs.o ABSOLUTE
    _printf_str                              0x00000000   Number         0  stubs.o ABSOLUTE
    _printf_truncate_signed                  0x00000000   Number         0  stubs.o ABSOLUTE
    _printf_truncate_unsigned                0x00000000   Number         0  stubs.o ABSOLUTE
    _printf_u                                0x00000000   Number         0  stubs.o ABSOLUTE
    _printf_wc                               0x00000000   Number         0  stubs.o ABSOLUTE
    _printf_wctomb                           0x00000000   Number         0  stubs.o ABSOLUTE
    _printf_widthprec                        0x00000000   Number         0  stubs.o ABSOLUTE
    _printf_x                                0x00000000   Number         0  stubs.o ABSOLUTE
    __arm_fini_                               - Undefined Weak Reference
    __cpp_initialize__aeabi_                  - Undefined Weak Reference
    __cxa_finalize                            - Undefined Weak Reference
    __decompress                              - Undefined Weak Reference
    _clock_init                               - Undefined Weak Reference
    _microlib_exit                            - Undefined Weak Reference
    __Vectors_Size                           0x00000184   Number         0  startup_at32f403a_407.o ABSOLUTE
    __Vectors                                0x08000000   Data           4  startup_at32f403a_407.o(RESET)
    __Vectors_End                            0x08000184   Data           0  startup_at32f403a_407.o(RESET)
    __main                                   0x08000185   Thumb Code     0  entry.o(.ARM.Collect$$$$00000000)
    _main_stk                                0x08000185   Thumb Code     0  entry2.o(.ARM.Collect$$$$00000001)
    _main_scatterload                        0x08000189   Thumb Code     0  entry5.o(.ARM.Collect$$$$00000004)
    __main_after_scatterload                 0x0800018d   Thumb Code     0  entry5.o(.ARM.Collect$$$$00000004)
    _main_clock                              0x0800018d   Thumb Code     0  entry7b.o(.ARM.Collect$$$$00000008)
    _main_cpp_init                           0x0800018d   Thumb Code     0  entry8b.o(.ARM.Collect$$$$0000000A)
    _main_init                               0x0800018d   Thumb Code     0  entry9a.o(.ARM.Collect$$$$0000000B)
    __rt_lib_shutdown_fini                   0x08000195   Thumb Code     0  entry12b.o(.ARM.Collect$$$$0000000E)
    __rt_final_cpp                           0x08000199   Thumb Code     0  entry10a.o(.ARM.Collect$$$$0000000F)
    __rt_final_exit                          0x08000199   Thumb Code     0  entry11a.o(.ARM.Collect$$$$00000011)
    Reset_Handler                            0x0800019d   Thumb Code     8  startup_at32f403a_407.o(.text)
    SysTick_Handler                          0x080001b5   Thumb Code     2  startup_at32f403a_407.o(.text)
    ACC_IRQHandler                           0x080001b7   Thumb Code     0  startup_at32f403a_407.o(.text)
    ADC1_2_IRQHandler                        0x080001b7   Thumb Code     0  startup_at32f403a_407.o(.text)
    ADC3_IRQHandler                          0x080001b7   Thumb Code     0  startup_at32f403a_407.o(.text)
    CAN1_RX1_IRQHandler                      0x080001b7   Thumb Code     0  startup_at32f403a_407.o(.text)
    CAN1_SE_IRQHandler                       0x080001b7   Thumb Code     0  startup_at32f403a_407.o(.text)
    CAN2_RX0_IRQHandler                      0x080001b7   Thumb Code     0  startup_at32f403a_407.o(.text)
    CAN2_RX1_IRQHandler                      0x080001b7   Thumb Code     0  startup_at32f403a_407.o(.text)
    CAN2_SE_IRQHandler                       0x080001b7   Thumb Code     0  startup_at32f403a_407.o(.text)
    CAN2_TX_IRQHandler                       0x080001b7   Thumb Code     0  startup_at32f403a_407.o(.text)
    CRM_IRQHandler                           0x080001b7   Thumb Code     0  startup_at32f403a_407.o(.text)
    DMA1_Channel1_IRQHandler                 0x080001b7   Thumb Code     0  startup_at32f403a_407.o(.text)
    DMA1_Channel2_IRQHandler                 0x080001b7   Thumb Code     0  startup_at32f403a_407.o(.text)
    DMA1_Channel3_IRQHandler                 0x080001b7   Thumb Code     0  startup_at32f403a_407.o(.text)
    DMA1_Channel4_IRQHandler                 0x080001b7   Thumb Code     0  startup_at32f403a_407.o(.text)
    DMA1_Channel5_IRQHandler                 0x080001b7   Thumb Code     0  startup_at32f403a_407.o(.text)
    DMA1_Channel6_IRQHandler                 0x080001b7   Thumb Code     0  startup_at32f403a_407.o(.text)
    DMA1_Channel7_IRQHandler                 0x080001b7   Thumb Code     0  startup_at32f403a_407.o(.text)
    DMA2_Channel1_IRQHandler                 0x080001b7   Thumb Code     0  startup_at32f403a_407.o(.text)
    DMA2_Channel2_IRQHandler                 0x080001b7   Thumb Code     0  startup_at32f403a_407.o(.text)
    DMA2_Channel3_IRQHandler                 0x080001b7   Thumb Code     0  startup_at32f403a_407.o(.text)
    DMA2_Channel4_5_IRQHandler               0x080001b7   Thumb Code     0  startup_at32f403a_407.o(.text)
    DMA2_Channel6_7_IRQHandler               0x080001b7   Thumb Code     0  startup_at32f403a_407.o(.text)
    EMAC_IRQHandler                          0x080001b7   Thumb Code     0  startup_at32f403a_407.o(.text)
    EMAC_WKUP_IRQHandler                     0x080001b7   Thumb Code     0  startup_at32f403a_407.o(.text)
    EXINT0_IRQHandler                        0x080001b7   Thumb Code     0  startup_at32f403a_407.o(.text)
    EXINT15_10_IRQHandler                    0x080001b7   Thumb Code     0  startup_at32f403a_407.o(.text)
    EXINT1_IRQHandler                        0x080001b7   Thumb Code     0  startup_at32f403a_407.o(.text)
    EXINT2_IRQHandler                        0x080001b7   Thumb Code     0  startup_at32f403a_407.o(.text)
    EXINT3_IRQHandler                        0x080001b7   Thumb Code     0  startup_at32f403a_407.o(.text)
    EXINT4_IRQHandler                        0x080001b7   Thumb Code     0  startup_at32f403a_407.o(.text)
    EXINT9_5_IRQHandler                      0x080001b7   Thumb Code     0  startup_at32f403a_407.o(.text)
    FLASH_IRQHandler                         0x080001b7   Thumb Code     0  startup_at32f403a_407.o(.text)
    I2C1_ERR_IRQHandler                      0x080001b7   Thumb Code     0  startup_at32f403a_407.o(.text)
    I2C1_EVT_IRQHandler                      0x080001b7   Thumb Code     0  startup_at32f403a_407.o(.text)
    I2C2_ERR_IRQHandler                      0x080001b7   Thumb Code     0  startup_at32f403a_407.o(.text)
    I2C2_EVT_IRQHandler                      0x080001b7   Thumb Code     0  startup_at32f403a_407.o(.text)
    I2C3_ERR_IRQHandler                      0x080001b7   Thumb Code     0  startup_at32f403a_407.o(.text)
    I2C3_EVT_IRQHandler                      0x080001b7   Thumb Code     0  startup_at32f403a_407.o(.text)
    PVM_IRQHandler                           0x080001b7   Thumb Code     0  startup_at32f403a_407.o(.text)
    RTCAlarm_IRQHandler                      0x080001b7   Thumb Code     0  startup_at32f403a_407.o(.text)
    RTC_IRQHandler                           0x080001b7   Thumb Code     0  startup_at32f403a_407.o(.text)
    SDIO1_IRQHandler                         0x080001b7   Thumb Code     0  startup_at32f403a_407.o(.text)
    SDIO2_IRQHandler                         0x080001b7   Thumb Code     0  startup_at32f403a_407.o(.text)
    SPI1_IRQHandler                          0x080001b7   Thumb Code     0  startup_at32f403a_407.o(.text)
    SPI2_I2S2EXT_IRQHandler                  0x080001b7   Thumb Code     0  startup_at32f403a_407.o(.text)
    SPI3_I2S3EXT_IRQHandler                  0x080001b7   Thumb Code     0  startup_at32f403a_407.o(.text)
    SPI4_IRQHandler                          0x080001b7   Thumb Code     0  startup_at32f403a_407.o(.text)
    TAMPER_IRQHandler                        0x080001b7   Thumb Code     0  startup_at32f403a_407.o(.text)
    TMR1_BRK_TMR9_IRQHandler                 0x080001b7   Thumb Code     0  startup_at32f403a_407.o(.text)
    TMR1_CH_IRQHandler                       0x080001b7   Thumb Code     0  startup_at32f403a_407.o(.text)
    TMR1_TRG_HALL_TMR11_IRQHandler           0x080001b7   Thumb Code     0  startup_at32f403a_407.o(.text)
    TMR2_GLOBAL_IRQHandler                   0x080001b7   Thumb Code     0  startup_at32f403a_407.o(.text)
    TMR3_GLOBAL_IRQHandler                   0x080001b7   Thumb Code     0  startup_at32f403a_407.o(.text)
    TMR4_GLOBAL_IRQHandler                   0x080001b7   Thumb Code     0  startup_at32f403a_407.o(.text)
    TMR5_GLOBAL_IRQHandler                   0x080001b7   Thumb Code     0  startup_at32f403a_407.o(.text)
    TMR6_GLOBAL_IRQHandler                   0x080001b7   Thumb Code     0  startup_at32f403a_407.o(.text)
    TMR7_GLOBAL_IRQHandler                   0x080001b7   Thumb Code     0  startup_at32f403a_407.o(.text)
    TMR8_BRK_TMR12_IRQHandler                0x080001b7   Thumb Code     0  startup_at32f403a_407.o(.text)
    TMR8_CH_IRQHandler                       0x080001b7   Thumb Code     0  startup_at32f403a_407.o(.text)
    TMR8_OVF_TMR13_IRQHandler                0x080001b7   Thumb Code     0  startup_at32f403a_407.o(.text)
    TMR8_TRG_HALL_TMR14_IRQHandler           0x080001b7   Thumb Code     0  startup_at32f403a_407.o(.text)
    UART4_IRQHandler                         0x080001b7   Thumb Code     0  startup_at32f403a_407.o(.text)
    UART5_IRQHandler                         0x080001b7   Thumb Code     0  startup_at32f403a_407.o(.text)
    UART7_IRQHandler                         0x080001b7   Thumb Code     0  startup_at32f403a_407.o(.text)
    UART8_IRQHandler                         0x080001b7   Thumb Code     0  startup_at32f403a_407.o(.text)
    USART2_IRQHandler                        0x080001b7   Thumb Code     0  startup_at32f403a_407.o(.text)
    USART3_IRQHandler                        0x080001b7   Thumb Code     0  startup_at32f403a_407.o(.text)
    USART6_IRQHandler                        0x080001b7   Thumb Code     0  startup_at32f403a_407.o(.text)
    USBFSWakeUp_IRQHandler                   0x080001b7   Thumb Code     0  startup_at32f403a_407.o(.text)
    USBFS_H_CAN1_TX_IRQHandler               0x080001b7   Thumb Code     0  startup_at32f403a_407.o(.text)
    USBFS_L_CAN1_RX0_IRQHandler              0x080001b7   Thumb Code     0  startup_at32f403a_407.o(.text)
    USBFS_MAPH_IRQHandler                    0x080001b7   Thumb Code     0  startup_at32f403a_407.o(.text)
    USBFS_MAPL_IRQHandler                    0x080001b7   Thumb Code     0  startup_at32f403a_407.o(.text)
    WWDT_IRQHandler                          0x080001b7   Thumb Code     0  startup_at32f403a_407.o(.text)
    XMC_IRQHandler                           0x080001b7   Thumb Code     0  startup_at32f403a_407.o(.text)
    __aeabi_f2d                              0x080001c1   Thumb Code    38  f2d.o(.text)
    __aeabi_cdrcmple                         0x080001e9   Thumb Code    48  cdrcmple.o(.text)
    __aeabi_d2f                              0x08000219   Thumb Code    56  d2f.o(.text)
    __aeabi_uidiv                            0x08000251   Thumb Code     0  uidiv.o(.text)
    __aeabi_uidivmod                         0x08000251   Thumb Code    44  uidiv.o(.text)
    __aeabi_uldivmod                         0x0800027d   Thumb Code    98  uldiv.o(.text)
    __I$use$fp                               0x080002df   Thumb Code     0  iusefp.o(.text)
    _float_round                             0x080002df   Thumb Code    18  fepilogue.o(.text)
    _float_epilogue                          0x080002f1   Thumb Code    92  fepilogue.o(.text)
    __aeabi_dadd                             0x0800034d   Thumb Code   322  dadd.o(.text)
    __aeabi_dsub                             0x0800048f   Thumb Code     6  dadd.o(.text)
    __aeabi_drsub                            0x08000495   Thumb Code     6  dadd.o(.text)
    __aeabi_dmul                             0x0800049b   Thumb Code   228  dmul.o(.text)
    __aeabi_ddiv                             0x0800057f   Thumb Code   222  ddiv.o(.text)
    _drem                                    0x0800065d   Thumb Code   134  drem.o(.text)
    __aeabi_d2ulz                            0x080006e3   Thumb Code    48  dfixul.o(.text)
    __scatterload                            0x08000715   Thumb Code    28  init.o(.text)
    __scatterload_rt2                        0x08000715   Thumb Code     0  init.o(.text)
    __aeabi_llsl                             0x08000739   Thumb Code    30  llshl.o(.text)
    _ll_shift_l                              0x08000739   Thumb Code     0  llshl.o(.text)
    __aeabi_llsr                             0x08000757   Thumb Code    32  llushr.o(.text)
    _ll_ushift_r                             0x08000757   Thumb Code     0  llushr.o(.text)
    __aeabi_lasr                             0x08000777   Thumb Code    36  llsshr.o(.text)
    _ll_sshift_r                             0x08000777   Thumb Code     0  llsshr.o(.text)
    _double_round                            0x0800079b   Thumb Code    30  depilogue.o(.text)
    _double_epilogue                         0x080007b9   Thumb Code   156  depilogue.o(.text)
    AS5600_IIC_Read_OneByte                  0x08000855   Thumb Code    64  as5600.o(i.AS5600_IIC_Read_OneByte)
    Angle_limit                              0x08000895   Thumb Code    88  foc.o(i.Angle_limit)
    BusFault_Handler                         0x080008f9   Thumb Code     4  at32f403a_407_int.o(i.BusFault_Handler)
    DebugMon_Handler                         0x080008fd   Thumb Code     2  at32f403a_407_int.o(i.DebugMon_Handler)
    HardFault_Handler                        0x080008ff   Thumb Code     4  at32f403a_407_int.o(i.HardFault_Handler)
    IIC_Ack                                  0x08000905   Thumb Code    66  i2c.o(i.IIC_Ack)
    IIC_NAck                                 0x08000955   Thumb Code    66  i2c.o(i.IIC_NAck)
    IIC_Read_Byte                            0x080009a5   Thumb Code    98  i2c.o(i.IIC_Read_Byte)
    IIC_Send_Byte                            0x08000a15   Thumb Code   104  i2c.o(i.IIC_Send_Byte)
    IIC_Start                                0x08000a89   Thumb Code    64  i2c.o(i.IIC_Start)
    IIC_Stop                                 0x08000ad5   Thumb Code    62  i2c.o(i.IIC_Stop)
    IIC_Wait_Ack                             0x08000b21   Thumb Code    92  i2c.o(i.IIC_Wait_Ack)
    Id_pid                                   0x08000b89   Thumb Code   172  pid.o(i.Id_pid)
    Iq_pid                                   0x08000c51   Thumb Code   172  pid.o(i.Iq_pid)
    LowPass_Filter                           0x08000d19   Thumb Code    88  pid.o(i.LowPass_Filter)
    MemManage_Handler                        0x08000d81   Thumb Code     4  at32f403a_407_int.o(i.MemManage_Handler)
    NMI_Handler                              0x08000d85   Thumb Code     2  at32f403a_407_int.o(i.NMI_Handler)
    PendSV_Handler                           0x08000d87   Thumb Code     2  at32f403a_407_int.o(i.PendSV_Handler)
    SVC_Handler                              0x08000d89   Thumb Code     2  at32f403a_407_int.o(i.SVC_Handler)
    SystemInit                               0x08000d8d   Thumb Code   100  system_at32f403a_407.o(i.SystemInit)
    TMR1_OVF_TMR10_IRQHandler                0x08000dfd   Thumb Code    70  at32f403a_407_int.o(i.TMR1_OVF_TMR10_IRQHandler)
    USART1_IRQHandler                        0x08000e55   Thumb Code   134  at32f403a_407_int.o(i.USART1_IRQHandler)
    UsageFault_Handler                       0x08000ef5   Thumb Code     4  at32f403a_407_int.o(i.UsageFault_Handler)
    __0printf                                0x08000ef9   Thumb Code    22  printfa.o(i.__0printf)
    __1printf                                0x08000ef9   Thumb Code     0  printfa.o(i.__0printf)
    __2printf                                0x08000ef9   Thumb Code     0  printfa.o(i.__0printf)
    __c89printf                              0x08000ef9   Thumb Code     0  printfa.o(i.__0printf)
    printf                                   0x08000ef9   Thumb Code     0  printfa.o(i.__0printf)
    __hardfp_fmod                            0x08000f19   Thumb Code   254  fmod.o(i.__hardfp_fmod)
    __mathlib_dbl_invalid                    0x08001021   Thumb Code    24  dunder.o(i.__mathlib_dbl_invalid)
    __scatterload_copy                       0x08001041   Thumb Code    14  handlers.o(i.__scatterload_copy)
    __scatterload_null                       0x0800104f   Thumb Code     2  handlers.o(i.__scatterload_null)
    __scatterload_zeroinit                   0x08001051   Thumb Code    14  handlers.o(i.__scatterload_zeroinit)
    __set_errno                              0x08001061   Thumb Code     6  errno.o(i.__set_errno)
    _electricalAngle                         0x0800106d   Thumb Code    38  foc.o(i._electricalAngle)
    adc_base_config                          0x08001923   Thumb Code    44  at32f403a_407_adc.o(i.adc_base_config)
    adc_base_default_para_init               0x0800194f   Thumb Code    14  at32f403a_407_adc.o(i.adc_base_default_para_init)
    adc_calibration_init                     0x0800195d   Thumb Code    12  at32f403a_407_adc.o(i.adc_calibration_init)
    adc_calibration_init_status_get          0x08001969   Thumb Code    18  at32f403a_407_adc.o(i.adc_calibration_init_status_get)
    adc_calibration_start                    0x0800197b   Thumb Code    12  at32f403a_407_adc.o(i.adc_calibration_start)
    adc_calibration_status_get               0x08001987   Thumb Code    18  at32f403a_407_adc.o(i.adc_calibration_status_get)
    adc_combine_mode_select                  0x08001999   Thumb Code    14  at32f403a_407_adc.o(i.adc_combine_mode_select)
    adc_dma_mode_enable                      0x080019ad   Thumb Code    10  at32f403a_407_adc.o(i.adc_dma_mode_enable)
    adc_enable                               0x080019b7   Thumb Code    10  at32f403a_407_adc.o(i.adc_enable)
    adc_ordinary_channel_set                 0x080019c1   Thumb Code   168  at32f403a_407_adc.o(i.adc_ordinary_channel_set)
    adc_ordinary_conversion_trigger_set      0x08001a69   Thumb Code    52  at32f403a_407_adc.o(i.adc_ordinary_conversion_trigger_set)
    adc_ordinary_part_mode_enable            0x08001a9d   Thumb Code    10  at32f403a_407_adc.o(i.adc_ordinary_part_mode_enable)
    angle_get                                0x08001aa9   Thumb Code   112  as5600.o(i.angle_get)
    angle_init                               0x08001b29   Thumb Code   114  foc.o(i.angle_init)
    at32_led_toggle                          0x08001bcd   Thumb Code    14  led.o(i.at32_led_toggle)
    crm_adc_clock_div_set                    0x08001be1   Thumb Code    28  at32f403a_407_crm.o(i.crm_adc_clock_div_set)
    crm_ahb_div_set                          0x08001c01   Thumb Code    14  at32f403a_407_crm.o(i.crm_ahb_div_set)
    crm_apb1_div_set                         0x08001c15   Thumb Code    14  at32f403a_407_crm.o(i.crm_apb1_div_set)
    crm_apb2_div_set                         0x08001c29   Thumb Code    14  at32f403a_407_crm.o(i.crm_apb2_div_set)
    crm_auto_step_mode_enable                0x08001c3d   Thumb Code    34  at32f403a_407_crm.o(i.crm_auto_step_mode_enable)
    crm_clock_source_enable                  0x08001c65   Thumb Code    90  at32f403a_407_crm.o(i.crm_clock_source_enable)
    crm_clocks_freq_get                      0x08001cc5   Thumb Code   268  at32f403a_407_crm.o(i.crm_clocks_freq_get)
    crm_flag_get                             0x08001df1   Thumb Code    42  at32f403a_407_crm.o(i.crm_flag_get)
    crm_hext_stable_wait                     0x08001e21   Thumb Code    46  at32f403a_407_crm.o(i.crm_hext_stable_wait)
    crm_periph_clock_enable                  0x08001e51   Thumb Code    62  at32f403a_407_crm.o(i.crm_periph_clock_enable)
    crm_pll_config                           0x08001e95   Thumb Code   118  at32f403a_407_crm.o(i.crm_pll_config)
    crm_reset                                0x08001f11   Thumb Code    80  at32f403a_407_crm.o(i.crm_reset)
    crm_sysclk_switch                        0x08001f69   Thumb Code    54  at32f403a_407_crm.o(i.crm_sysclk_switch)
    crm_sysclk_switch_status_get             0x08001fa5   Thumb Code    10  at32f403a_407_crm.o(i.crm_sysclk_switch_status_get)
    delay_init                               0x08001fb5   Thumb Code    38  delay.o(i.delay_init)
    delay_ms                                 0x08001fed   Thumb Code   110  delay.o(i.delay_ms)
    delay_s                                  0x08002061   Thumb Code    12  i2c.o(i.delay_s)
    dma_channel_enable                       0x0800206d   Thumb Code    10  at32f403a_407_dma.o(i.dma_channel_enable)
    dma_default_para_init                    0x08002077   Thumb Code    24  at32f403a_407_dma.o(i.dma_default_para_init)
    dma_flexible_config                      0x0800208f   Thumb Code   152  at32f403a_407_dma.o(i.dma_flexible_config)
    dma_init                                 0x08002127   Thumb Code    92  at32f403a_407_dma.o(i.dma_init)
    dma_reset                                0x08002185   Thumb Code   102  at32f403a_407_dma.o(i.dma_reset)
    first_get                                0x08002381   Thumb Code    62  foc.o(i.first_get)
    fputc                                    0x080023c5   Thumb Code    46  usart_1.o(i.fputc)
    gpio_bits_reset                          0x080023f9   Thumb Code     4  at32f403a_407_gpio.o(i.gpio_bits_reset)
    gpio_bits_set                            0x080023fd   Thumb Code     4  at32f403a_407_gpio.o(i.gpio_bits_set)
    gpio_default_para_init                   0x08002401   Thumb Code    22  at32f403a_407_gpio.o(i.gpio_default_para_init)
    gpio_init                                0x08002417   Thumb Code   168  at32f403a_407_gpio.o(i.gpio_init)
    gpio_pin_remap_config                    0x080024c1   Thumb Code    70  at32f403a_407_gpio.o(i.gpio_pin_remap_config)
    limit                                    0x0800250d   Thumb Code    36  foc.o(i.limit)
    main                                     0x08002531   Thumb Code   166  main.o(i.main)
    nvic_irq_enable                          0x0800261d   Thumb Code   190  at32f403a_407_misc.o(i.nvic_irq_enable)
    nvic_priority_group_config               0x080026e5   Thumb Code    32  at32f403a_407_misc.o(i.nvic_priority_group_config)
    open                                     0x0800270d   Thumb Code   224  foc.o(i.open)
    setPhaseVoltage                          0x08002809   Thumb Code   600  foc.o(i.setPhaseVoltage)
    setpwm                                   0x08002aa1   Thumb Code   292  foc.o(i.setpwm)
    system_core_clock_update                 0x08002bd9   Thumb Code   222  system_at32f403a_407.o(i.system_core_clock_update)
    systick_clock_source_config              0x08002cd1   Thumb Code    40  at32f403a_407_misc.o(i.systick_clock_source_config)
    tmr_base_init                            0x08002cf9   Thumb Code    16  at32f403a_407_tmr.o(i.tmr_base_init)
    tmr_channel_value_set                    0x08002d09   Thumb Code    40  at32f403a_407_tmr.o(i.tmr_channel_value_set)
    tmr_clock_source_div_set                 0x08002d31   Thumb Code    10  at32f403a_407_tmr.o(i.tmr_clock_source_div_set)
    tmr_cnt_dir_set                          0x08002d3b   Thumb Code    10  at32f403a_407_tmr.o(i.tmr_cnt_dir_set)
    tmr_counter_enable                       0x08002d45   Thumb Code    10  at32f403a_407_tmr.o(i.tmr_counter_enable)
    tmr_flag_clear                           0x08002d4f   Thumb Code     6  at32f403a_407_tmr.o(i.tmr_flag_clear)
    tmr_interrupt_enable                     0x08002d55   Thumb Code    22  at32f403a_407_tmr.o(i.tmr_interrupt_enable)
    tmr_output_channel_buffer_enable         0x08002d6b   Thumb Code    66  at32f403a_407_tmr.o(i.tmr_output_channel_buffer_enable)
    tmr_output_channel_config                0x08002dad   Thumb Code   416  at32f403a_407_tmr.o(i.tmr_output_channel_config)
    tmr_output_channel_immediately_set       0x08002f4d   Thumb Code    66  at32f403a_407_tmr.o(i.tmr_output_channel_immediately_set)
    tmr_period_buffer_enable                 0x08002f8f   Thumb Code    10  at32f403a_407_tmr.o(i.tmr_period_buffer_enable)
    tmr_primary_mode_select                  0x08002f99   Thumb Code    10  at32f403a_407_tmr.o(i.tmr_primary_mode_select)
    tmr_repetition_counter_set               0x08002fa3   Thumb Code    10  at32f403a_407_tmr.o(i.tmr_repetition_counter_set)
    tmr_sub_sync_mode_set                    0x08002fad   Thumb Code    10  at32f403a_407_tmr.o(i.tmr_sub_sync_mode_set)
    usart_data_receive                       0x08002fb7   Thumb Code     8  at32f403a_407_usart.o(i.usart_data_receive)
    usart_data_transmit                      0x08002fbf   Thumb Code     8  at32f403a_407_usart.o(i.usart_data_transmit)
    usart_enable                             0x08002fc7   Thumb Code    10  at32f403a_407_usart.o(i.usart_enable)
    usart_flag_get                           0x08002fd1   Thumb Code    16  at32f403a_407_usart.o(i.usart_flag_get)
    usart_hardware_flow_control_set          0x08002fe1   Thumb Code   102  at32f403a_407_usart.o(i.usart_hardware_flow_control_set)
    usart_init                               0x08003049   Thumb Code   114  at32f403a_407_usart.o(i.usart_init)
    usart_interrupt_enable                   0x080030c9   Thumb Code    54  at32f403a_407_usart.o(i.usart_interrupt_enable)
    usart_interrupt_flag_get                 0x080030ff   Thumb Code   176  at32f403a_407_usart.o(i.usart_interrupt_flag_get)
    usart_parity_selection_config            0x080031af   Thumb Code    76  at32f403a_407_usart.o(i.usart_parity_selection_config)
    usart_receiver_enable                    0x080031fb   Thumb Code    10  at32f403a_407_usart.o(i.usart_receiver_enable)
    usart_transmitter_enable                 0x08003205   Thumb Code    10  at32f403a_407_usart.o(i.usart_transmitter_enable)
    wk_adc1_init                             0x08003211   Thumb Code   218  at32f403a_407_wk_config.o(i.wk_adc1_init)
    wk_debug_config                          0x080032f5   Thumb Code    12  at32f403a_407_wk_config.o(i.wk_debug_config)
    wk_dma1_channel1_init                    0x08003305   Thumb Code    76  at32f403a_407_wk_config.o(i.wk_dma1_channel1_init)
    wk_dma_channel_config                    0x08003355   Thumb Code     8  at32f403a_407_wk_config.o(i.wk_dma_channel_config)
    wk_gpio_config                           0x0800335d   Thumb Code    62  at32f403a_407_wk_config.o(i.wk_gpio_config)
    wk_nvic_config                           0x080033a1   Thumb Code    30  at32f403a_407_wk_config.o(i.wk_nvic_config)
    wk_periph_clock_config                   0x080033c1   Thumb Code    92  at32f403a_407_wk_config.o(i.wk_periph_clock_config)
    wk_system_clock_config                   0x08003421   Thumb Code   146  at32f403a_407_wk_config.o(i.wk_system_clock_config)
    wk_tmr1_init                             0x080034b9   Thumb Code    72  at32f403a_407_wk_config.o(i.wk_tmr1_init)
    wk_tmr2_init                             0x08003505   Thumb Code   534  at32f403a_407_wk_config.o(i.wk_tmr2_init)
    wk_usart1_init                           0x08003721   Thumb Code   134  at32f403a_407_wk_config.o(i.wk_usart1_init)
    Region$$Table$$Base                      0x080037ec   Number         0  anon$$obj.o(Region$$Table)
    Region$$Table$$Limit                     0x0800380c   Number         0  anon$$obj.o(Region$$Table)
    f_a                                      0x20000000   Data           2  main.o(.data)
    f_b                                      0x20000002   Data           2  main.o(.data)
    f_c                                      0x20000004   Data           2  main.o(.data)
    rxdata                                   0x20000006   Data           4  main.o(.data)
    t                                        0x2000000c   Data           4  at32f403a_407_int.o(.data)
    tar_angle                                0x20000010   Data           4  at32f403a_407_int.o(.data)
    angle                                    0x20000014   Data           4  at32f403a_407_int.o(.data)
    all_angle                                0x20000018   Data           4  at32f403a_407_int.o(.data)
    local_out                                0x2000001c   Data           4  at32f403a_407_int.o(.data)
    flag                                     0x20000020   Data           4  at32f403a_407_int.o(.data)
    num                                      0x20000024   Data           4  at32f403a_407_int.o(.data)
    rx_tmp                                   0x20000028   Data           1  at32f403a_407_int.o(.data)
    tar                                      0x2000002c   Data           4  at32f403a_407_int.o(.data)
    system_core_clock                        0x20000030   Data           4  system_at32f403a_407.o(.data)
    zero                                     0x2000003c   Data           4  foc.o(.data)
    AD_Value                                 0x20000040   Data           6  foc.o(.data)
    Iq_tar                                   0x20000048   Data           4  foc.o(.data)
    pwm_a                                    0x2000004c   Data           4  foc.o(.data)
    pwm_b                                    0x20000050   Data           4  foc.o(.data)
    pwm_c                                    0x20000054   Data           4  foc.o(.data)
    Ualpha                                   0x20000058   Data           4  foc.o(.data)
    Ubate                                    0x2000005c   Data           4  foc.o(.data)
    Ialpha                                   0x20000060   Data           4  foc.o(.data)
    Ibate                                    0x20000064   Data           4  foc.o(.data)
    Ua                                       0x20000068   Data           4  foc.o(.data)
    Ub                                       0x2000006c   Data           4  foc.o(.data)
    Uc                                       0x20000070   Data           4  foc.o(.data)
    Uq                                       0x20000074   Data           4  foc.o(.data)
    Ud                                       0x20000078   Data           4  foc.o(.data)
    Iq                                       0x2000007c   Data           4  foc.o(.data)
    Id                                       0x20000080   Data           4  foc.o(.data)
    value                                    0x20000084   Data           4  as5600.o(.data)
    Angle                                    0x20000088   Data           4  as5600.o(.data)
    _2PI                                     0x2000008c   Data           4  as5600.o(.data)
    val                                      0x20000090   Data           4  as5600.o(.data)
    last_val                                 0x20000094   Data           4  as5600.o(.data)
    err                                      0x20000098   Data           4  as5600.o(.data)
    circle                                   0x2000009c   Data           4  as5600.o(.data)
    Err                                      0x200000a0   Data           4  pid.o(.data)
    last_err                                 0x200000a4   Data           4  pid.o(.data)
    next_err                                 0x200000a8   Data           4  pid.o(.data)
    out                                      0x200000ac   Data           4  pid.o(.data)
    add                                      0x200000b0   Data           4  pid.o(.data)
    P                                        0x200000b4   Data           4  pid.o(.data)
    I                                        0x200000b8   Data           4  pid.o(.data)
    Err_2                                    0x200000bc   Data           4  pid.o(.data)
    last_err_2                               0x200000c0   Data           4  pid.o(.data)
    next_err_2                               0x200000c4   Data           4  pid.o(.data)
    out_2                                    0x200000c8   Data           4  pid.o(.data)
    add_2                                    0x200000cc   Data           4  pid.o(.data)
    P_2                                      0x200000d0   Data           4  pid.o(.data)
    I_2                                      0x200000d4   Data           4  pid.o(.data)
    __stdout                                 0x200000e0   Data           4  stdout.o(.data)
    __initial_sp                             0x200004e8   Data           0  startup_at32f403a_407.o(STACK)



==============================================================================

Memory Map of the image

  Image Entry point : 0x08000185

  Load Region LR_IROM1 (Base: 0x08000000, Size: 0x000038f4, Max: 0x00100000, ABSOLUTE)

    Execution Region ER_IROM1 (Exec base: 0x08000000, Load base: 0x08000000, Size: 0x0000380c, Max: 0x00100000, ABSOLUTE)

    Exec Addr    Load Addr    Size         Type   Attr      Idx    E Section Name        Object

    0x08000000   0x08000000   0x00000184   Data   RO         2020    RESET               startup_at32f403a_407.o
    0x08000184   0x08000184   0x00000000   Code   RO         2421  * .ARM.Collect$$$$00000000  mc_w.l(entry.o)
    0x08000184   0x08000184   0x00000004   Code   RO         2705    .ARM.Collect$$$$00000001  mc_w.l(entry2.o)
    0x08000188   0x08000188   0x00000004   Code   RO         2708    .ARM.Collect$$$$00000004  mc_w.l(entry5.o)
    0x0800018c   0x0800018c   0x00000000   Code   RO         2710    .ARM.Collect$$$$00000008  mc_w.l(entry7b.o)
    0x0800018c   0x0800018c   0x00000000   Code   RO         2712    .ARM.Collect$$$$0000000A  mc_w.l(entry8b.o)
    0x0800018c   0x0800018c   0x00000008   Code   RO         2713    .ARM.Collect$$$$0000000B  mc_w.l(entry9a.o)
    0x08000194   0x08000194   0x00000004   Code   RO         2720    .ARM.Collect$$$$0000000E  mc_w.l(entry12b.o)
    0x08000198   0x08000198   0x00000000   Code   RO         2715    .ARM.Collect$$$$0000000F  mc_w.l(entry10a.o)
    0x08000198   0x08000198   0x00000000   Code   RO         2717    .ARM.Collect$$$$00000011  mc_w.l(entry11a.o)
    0x08000198   0x08000198   0x00000004   Code   RO         2706    .ARM.Collect$$$$00002712  mc_w.l(entry2.o)
    0x0800019c   0x0800019c   0x00000024   Code   RO         2021    .text               startup_at32f403a_407.o
    0x080001c0   0x080001c0   0x00000026   Code   RO         2685    .text               mf_w.l(f2d.o)
    0x080001e6   0x080001e6   0x00000002   PAD
    0x080001e8   0x080001e8   0x00000030   Code   RO         2687    .text               mf_w.l(cdrcmple.o)
    0x08000218   0x08000218   0x00000038   Code   RO         2689    .text               mf_w.l(d2f.o)
    0x08000250   0x08000250   0x0000002c   Code   RO         2722    .text               mc_w.l(uidiv.o)
    0x0800027c   0x0800027c   0x00000062   Code   RO         2724    .text               mc_w.l(uldiv.o)
    0x080002de   0x080002de   0x00000000   Code   RO         2733    .text               mc_w.l(iusefp.o)
    0x080002de   0x080002de   0x0000006e   Code   RO         2734    .text               mf_w.l(fepilogue.o)
    0x0800034c   0x0800034c   0x0000014e   Code   RO         2736    .text               mf_w.l(dadd.o)
    0x0800049a   0x0800049a   0x000000e4   Code   RO         2738    .text               mf_w.l(dmul.o)
    0x0800057e   0x0800057e   0x000000de   Code   RO         2740    .text               mf_w.l(ddiv.o)
    0x0800065c   0x0800065c   0x00000086   Code   RO         2742    .text               mf_w.l(drem.o)
    0x080006e2   0x080006e2   0x00000030   Code   RO         2744    .text               mf_w.l(dfixul.o)
    0x08000712   0x08000712   0x00000002   PAD
    0x08000714   0x08000714   0x00000024   Code   RO         2746    .text               mc_w.l(init.o)
    0x08000738   0x08000738   0x0000001e   Code   RO         2748    .text               mc_w.l(llshl.o)
    0x08000756   0x08000756   0x00000020   Code   RO         2750    .text               mc_w.l(llushr.o)
    0x08000776   0x08000776   0x00000024   Code   RO         2752    .text               mc_w.l(llsshr.o)
    0x0800079a   0x0800079a   0x000000ba   Code   RO         2754    .text               mf_w.l(depilogue.o)
    0x08000854   0x08000854   0x00000040   Code   RO         2252    i.AS5600_IIC_Read_OneByte  as5600.o
    0x08000894   0x08000894   0x00000064   Code   RO         2157    i.Angle_limit       foc.o
    0x080008f8   0x080008f8   0x00000004   Code   RO          211    i.BusFault_Handler  at32f403a_407_int.o
    0x080008fc   0x080008fc   0x00000002   Code   RO          212    i.DebugMon_Handler  at32f403a_407_int.o
    0x080008fe   0x080008fe   0x00000004   Code   RO          213    i.HardFault_Handler  at32f403a_407_int.o
    0x08000902   0x08000902   0x00000002   PAD
    0x08000904   0x08000904   0x00000050   Code   RO         2294    i.IIC_Ack           i2c.o
    0x08000954   0x08000954   0x00000050   Code   RO         2295    i.IIC_NAck          i2c.o
    0x080009a4   0x080009a4   0x00000070   Code   RO         2296    i.IIC_Read_Byte     i2c.o
    0x08000a14   0x08000a14   0x00000074   Code   RO         2297    i.IIC_Send_Byte     i2c.o
    0x08000a88   0x08000a88   0x0000004c   Code   RO         2298    i.IIC_Start         i2c.o
    0x08000ad4   0x08000ad4   0x0000004c   Code   RO         2299    i.IIC_Stop          i2c.o
    0x08000b20   0x08000b20   0x00000068   Code   RO         2300    i.IIC_Wait_Ack      i2c.o
    0x08000b88   0x08000b88   0x000000c8   Code   RO         2360    i.Id_pid            pid.o
    0x08000c50   0x08000c50   0x000000c8   Code   RO         2361    i.Iq_pid            pid.o
    0x08000d18   0x08000d18   0x00000068   Code   RO         2362    i.LowPass_Filter    pid.o
    0x08000d80   0x08000d80   0x00000004   Code   RO          214    i.MemManage_Handler  at32f403a_407_int.o
    0x08000d84   0x08000d84   0x00000002   Code   RO          215    i.NMI_Handler       at32f403a_407_int.o
    0x08000d86   0x08000d86   0x00000002   Code   RO          216    i.PendSV_Handler    at32f403a_407_int.o
    0x08000d88   0x08000d88   0x00000002   Code   RO          217    i.SVC_Handler       at32f403a_407_int.o
    0x08000d8a   0x08000d8a   0x00000002   PAD
    0x08000d8c   0x08000d8c   0x00000070   Code   RO         2028    i.SystemInit        system_at32f403a_407.o
    0x08000dfc   0x08000dfc   0x00000058   Code   RO          218    i.TMR1_OVF_TMR10_IRQHandler  at32f403a_407_int.o
    0x08000e54   0x08000e54   0x000000a0   Code   RO          219    i.USART1_IRQHandler  at32f403a_407_int.o
    0x08000ef4   0x08000ef4   0x00000004   Code   RO          220    i.UsageFault_Handler  at32f403a_407_int.o
    0x08000ef8   0x08000ef8   0x00000020   Code   RO         2657    i.__0printf         mc_w.l(printfa.o)
    0x08000f18   0x08000f18   0x00000104   Code   RO         2409    i.__hardfp_fmod     m_wm.l(fmod.o)
    0x0800101c   0x0800101c   0x00000004   PAD
    0x08001020   0x08001020   0x00000020   Code   RO         2694    i.__mathlib_dbl_invalid  m_wm.l(dunder.o)
    0x08001040   0x08001040   0x0000000e   Code   RO         2758    i.__scatterload_copy  mc_w.l(handlers.o)
    0x0800104e   0x0800104e   0x00000002   Code   RO         2759    i.__scatterload_null  mc_w.l(handlers.o)
    0x08001050   0x08001050   0x0000000e   Code   RO         2760    i.__scatterload_zeroinit  mc_w.l(handlers.o)
    0x0800105e   0x0800105e   0x00000002   PAD
    0x08001060   0x08001060   0x0000000c   Code   RO         2728    i.__set_errno       mc_w.l(errno.o)
    0x0800106c   0x0800106c   0x0000002c   Code   RO         2158    i._electricalAngle  foc.o
    0x08001098   0x08001098   0x00000184   Code   RO         2664    i._fp_digits        mc_w.l(printfa.o)
    0x0800121c   0x0800121c   0x000006b4   Code   RO         2665    i._printf_core      mc_w.l(printfa.o)
    0x080018d0   0x080018d0   0x00000024   Code   RO         2666    i._printf_post_padding  mc_w.l(printfa.o)
    0x080018f4   0x080018f4   0x0000002e   Code   RO         2667    i._printf_pre_padding  mc_w.l(printfa.o)
    0x08001922   0x08001922   0x0000002c   Code   RO         1709    i.adc_base_config   at32f403a_407_adc.o
    0x0800194e   0x0800194e   0x0000000e   Code   RO         1710    i.adc_base_default_para_init  at32f403a_407_adc.o
    0x0800195c   0x0800195c   0x0000000c   Code   RO         1711    i.adc_calibration_init  at32f403a_407_adc.o
    0x08001968   0x08001968   0x00000012   Code   RO         1712    i.adc_calibration_init_status_get  at32f403a_407_adc.o
    0x0800197a   0x0800197a   0x0000000c   Code   RO         1713    i.adc_calibration_start  at32f403a_407_adc.o
    0x08001986   0x08001986   0x00000012   Code   RO         1714    i.adc_calibration_status_get  at32f403a_407_adc.o
    0x08001998   0x08001998   0x00000014   Code   RO         1715    i.adc_combine_mode_select  at32f403a_407_adc.o
    0x080019ac   0x080019ac   0x0000000a   Code   RO         1717    i.adc_dma_mode_enable  at32f403a_407_adc.o
    0x080019b6   0x080019b6   0x0000000a   Code   RO         1718    i.adc_enable        at32f403a_407_adc.o
    0x080019c0   0x080019c0   0x000000a8   Code   RO         1723    i.adc_ordinary_channel_set  at32f403a_407_adc.o
    0x08001a68   0x08001a68   0x00000034   Code   RO         1725    i.adc_ordinary_conversion_trigger_set  at32f403a_407_adc.o
    0x08001a9c   0x08001a9c   0x0000000a   Code   RO         1727    i.adc_ordinary_part_mode_enable  at32f403a_407_adc.o
    0x08001aa6   0x08001aa6   0x00000002   PAD
    0x08001aa8   0x08001aa8   0x00000080   Code   RO         2253    i.angle_get         as5600.o
    0x08001b28   0x08001b28   0x000000a4   Code   RO         2159    i.angle_init        foc.o
    0x08001bcc   0x08001bcc   0x00000014   Code   RO         2133    i.at32_led_toggle   led.o
    0x08001be0   0x08001be0   0x00000020   Code   RO          299    i.crm_adc_clock_div_set  at32f403a_407_crm.o
    0x08001c00   0x08001c00   0x00000014   Code   RO          300    i.crm_ahb_div_set   at32f403a_407_crm.o
    0x08001c14   0x08001c14   0x00000014   Code   RO          301    i.crm_apb1_div_set  at32f403a_407_crm.o
    0x08001c28   0x08001c28   0x00000014   Code   RO          302    i.crm_apb2_div_set  at32f403a_407_crm.o
    0x08001c3c   0x08001c3c   0x00000028   Code   RO          303    i.crm_auto_step_mode_enable  at32f403a_407_crm.o
    0x08001c64   0x08001c64   0x00000060   Code   RO          309    i.crm_clock_source_enable  at32f403a_407_crm.o
    0x08001cc4   0x08001cc4   0x0000012c   Code   RO          310    i.crm_clocks_freq_get  at32f403a_407_crm.o
    0x08001df0   0x08001df0   0x00000030   Code   RO          312    i.crm_flag_get      at32f403a_407_crm.o
    0x08001e20   0x08001e20   0x0000002e   Code   RO          315    i.crm_hext_stable_wait  at32f403a_407_crm.o
    0x08001e4e   0x08001e4e   0x00000002   PAD
    0x08001e50   0x08001e50   0x00000044   Code   RO          323    i.crm_periph_clock_enable  at32f403a_407_crm.o
    0x08001e94   0x08001e94   0x0000007c   Code   RO          326    i.crm_pll_config    at32f403a_407_crm.o
    0x08001f10   0x08001f10   0x00000058   Code   RO          327    i.crm_reset         at32f403a_407_crm.o
    0x08001f68   0x08001f68   0x0000003c   Code   RO          330    i.crm_sysclk_switch  at32f403a_407_crm.o
    0x08001fa4   0x08001fa4   0x00000010   Code   RO          331    i.crm_sysclk_switch_status_get  at32f403a_407_crm.o
    0x08001fb4   0x08001fb4   0x00000038   Code   RO         2089    i.delay_init        delay.o
    0x08001fec   0x08001fec   0x00000074   Code   RO         2090    i.delay_ms          delay.o
    0x08002060   0x08002060   0x0000000c   Code   RO         2301    i.delay_s           i2c.o
    0x0800206c   0x0800206c   0x0000000a   Code   RO         1937    i.dma_channel_enable  at32f403a_407_dma.o
    0x08002076   0x08002076   0x00000018   Code   RO         1940    i.dma_default_para_init  at32f403a_407_dma.o
    0x0800208e   0x0800208e   0x00000098   Code   RO         1943    i.dma_flexible_config  at32f403a_407_dma.o
    0x08002126   0x08002126   0x0000005c   Code   RO         1944    i.dma_init          at32f403a_407_dma.o
    0x08002182   0x08002182   0x00000002   PAD
    0x08002184   0x08002184   0x00000070   Code   RO         1947    i.dma_reset         at32f403a_407_dma.o
    0x080021f4   0x080021f4   0x000000c4   Code   RO         2160    i.fast_cos          foc.o
    0x080022b8   0x080022b8   0x000000c8   Code   RO         2161    i.fast_sin          foc.o
    0x08002380   0x08002380   0x00000044   Code   RO         2162    i.first_get         foc.o
    0x080023c4   0x080023c4   0x00000034   Code   RO         2065    i.fputc             usart_1.o
    0x080023f8   0x080023f8   0x00000004   Code   RO          865    i.gpio_bits_reset   at32f403a_407_gpio.o
    0x080023fc   0x080023fc   0x00000004   Code   RO          866    i.gpio_bits_set     at32f403a_407_gpio.o
    0x08002400   0x08002400   0x00000016   Code   RO          868    i.gpio_default_para_init  at32f403a_407_gpio.o
    0x08002416   0x08002416   0x000000a8   Code   RO          872    i.gpio_init         at32f403a_407_gpio.o
    0x080024be   0x080024be   0x00000002   PAD
    0x080024c0   0x080024c0   0x0000004c   Code   RO          878    i.gpio_pin_remap_config  at32f403a_407_gpio.o
    0x0800250c   0x0800250c   0x00000024   Code   RO         2163    i.limit             foc.o
    0x08002530   0x08002530   0x000000ec   Code   RO            4    i.main              main.o
    0x0800261c   0x0800261c   0x000000c8   Code   RO          992    i.nvic_irq_enable   at32f403a_407_misc.o
    0x080026e4   0x080026e4   0x00000028   Code   RO          994    i.nvic_priority_group_config  at32f403a_407_misc.o
    0x0800270c   0x0800270c   0x000000fc   Code   RO         2164    i.open              foc.o
    0x08002808   0x08002808   0x00000298   Code   RO         2165    i.setPhaseVoltage   foc.o
    0x08002aa0   0x08002aa0   0x00000138   Code   RO         2166    i.setpwm            foc.o
    0x08002bd8   0x08002bd8   0x000000f8   Code   RO         2029    i.system_core_clock_update  system_at32f403a_407.o
    0x08002cd0   0x08002cd0   0x00000028   Code   RO          997    i.systick_clock_source_config  at32f403a_407_misc.o
    0x08002cf8   0x08002cf8   0x00000010   Code   RO         1338    i.tmr_base_init     at32f403a_407_tmr.o
    0x08002d08   0x08002d08   0x00000028   Code   RO         1346    i.tmr_channel_value_set  at32f403a_407_tmr.o
    0x08002d30   0x08002d30   0x0000000a   Code   RO         1347    i.tmr_clock_source_div_set  at32f403a_407_tmr.o
    0x08002d3a   0x08002d3a   0x0000000a   Code   RO         1348    i.tmr_cnt_dir_set   at32f403a_407_tmr.o
    0x08002d44   0x08002d44   0x0000000a   Code   RO         1349    i.tmr_counter_enable  at32f403a_407_tmr.o
    0x08002d4e   0x08002d4e   0x00000006   Code   RO         1361    i.tmr_flag_clear    at32f403a_407_tmr.o
    0x08002d54   0x08002d54   0x00000016   Code   RO         1370    i.tmr_interrupt_enable  at32f403a_407_tmr.o
    0x08002d6a   0x08002d6a   0x00000042   Code   RO         1373    i.tmr_output_channel_buffer_enable  at32f403a_407_tmr.o
    0x08002dac   0x08002dac   0x000001a0   Code   RO         1374    i.tmr_output_channel_config  at32f403a_407_tmr.o
    0x08002f4c   0x08002f4c   0x00000042   Code   RO         1375    i.tmr_output_channel_immediately_set  at32f403a_407_tmr.o
    0x08002f8e   0x08002f8e   0x0000000a   Code   RO         1383    i.tmr_period_buffer_enable  at32f403a_407_tmr.o
    0x08002f98   0x08002f98   0x0000000a   Code   RO         1386    i.tmr_primary_mode_select  at32f403a_407_tmr.o
    0x08002fa2   0x08002fa2   0x0000000a   Code   RO         1388    i.tmr_repetition_counter_set  at32f403a_407_tmr.o
    0x08002fac   0x08002fac   0x0000000a   Code   RO         1391    i.tmr_sub_sync_mode_set  at32f403a_407_tmr.o
    0x08002fb6   0x08002fb6   0x00000008   Code   RO         1143    i.usart_data_receive  at32f403a_407_usart.o
    0x08002fbe   0x08002fbe   0x00000008   Code   RO         1144    i.usart_data_transmit  at32f403a_407_usart.o
    0x08002fc6   0x08002fc6   0x0000000a   Code   RO         1147    i.usart_enable      at32f403a_407_usart.o
    0x08002fd0   0x08002fd0   0x00000010   Code   RO         1149    i.usart_flag_get    at32f403a_407_usart.o
    0x08002fe0   0x08002fe0   0x00000066   Code   RO         1150    i.usart_hardware_flow_control_set  at32f403a_407_usart.o
    0x08003046   0x08003046   0x00000002   PAD
    0x08003048   0x08003048   0x00000080   Code   RO         1151    i.usart_init        at32f403a_407_usart.o
    0x080030c8   0x080030c8   0x00000036   Code   RO         1152    i.usart_interrupt_enable  at32f403a_407_usart.o
    0x080030fe   0x080030fe   0x000000b0   Code   RO         1153    i.usart_interrupt_flag_get  at32f403a_407_usart.o
    0x080031ae   0x080031ae   0x0000004c   Code   RO         1158    i.usart_parity_selection_config  at32f403a_407_usart.o
    0x080031fa   0x080031fa   0x0000000a   Code   RO         1159    i.usart_receiver_enable  at32f403a_407_usart.o
    0x08003204   0x08003204   0x0000000a   Code   RO         1166    i.usart_transmitter_enable  at32f403a_407_usart.o
    0x0800320e   0x0800320e   0x00000002   PAD
    0x08003210   0x08003210   0x000000e4   Code   RO          127    i.wk_adc1_init      at32f403a_407_wk_config.o
    0x080032f4   0x080032f4   0x00000010   Code   RO          128    i.wk_debug_config   at32f403a_407_wk_config.o
    0x08003304   0x08003304   0x00000050   Code   RO          129    i.wk_dma1_channel1_init  at32f403a_407_wk_config.o
    0x08003354   0x08003354   0x00000008   Code   RO          130    i.wk_dma_channel_config  at32f403a_407_wk_config.o
    0x0800335c   0x0800335c   0x00000044   Code   RO          131    i.wk_gpio_config    at32f403a_407_wk_config.o
    0x080033a0   0x080033a0   0x0000001e   Code   RO          132    i.wk_nvic_config    at32f403a_407_wk_config.o
    0x080033be   0x080033be   0x00000002   PAD
    0x080033c0   0x080033c0   0x00000060   Code   RO          133    i.wk_periph_clock_config  at32f403a_407_wk_config.o
    0x08003420   0x08003420   0x00000098   Code   RO          134    i.wk_system_clock_config  at32f403a_407_wk_config.o
    0x080034b8   0x080034b8   0x0000004c   Code   RO          135    i.wk_tmr1_init      at32f403a_407_wk_config.o
    0x08003504   0x08003504   0x0000021c   Code   RO          136    i.wk_tmr2_init      at32f403a_407_wk_config.o
    0x08003720   0x08003720   0x00000094   Code   RO          137    i.wk_usart1_init    at32f403a_407_wk_config.o
    0x080037b4   0x080037b4   0x00000028   Data   RO          335    .constdata          at32f403a_407_crm.o
    0x080037dc   0x080037dc   0x00000010   Data   RO         2030    .constdata          system_at32f403a_407.o
    0x080037ec   0x080037ec   0x00000020   Data   RO         2756    Region$$Table       anon$$obj.o


    Execution Region RW_IRAM1 (Exec base: 0x20000000, Load base: 0x0800380c, Size: 0x000004e8, Max: 0x00018000, ABSOLUTE)

    Exec Addr    Load Addr    Size         Type   Attr      Idx    E Section Name        Object

    0x20000000   0x0800380c   0x0000000a   Data   RW            5    .data               main.o
    0x2000000a   0x08003816   0x00000002   PAD
    0x2000000c   0x08003818   0x00000024   Data   RW          221    .data               at32f403a_407_int.o
    0x20000030   0x0800383c   0x00000004   Data   RW         2031    .data               system_at32f403a_407.o
    0x20000034   0x08003840   0x00000008   Data   RW         2093    .data               delay.o
    0x2000003c   0x08003848   0x00000048   Data   RW         2167    .data               foc.o
    0x20000084   0x08003890   0x0000001c   Data   RW         2255    .data               as5600.o
    0x200000a0   0x080038ac   0x00000040   Data   RW         2363    .data               pid.o
    0x200000e0   0x080038ec   0x00000004   Data   RW         2721    .data               mc_w.l(stdout.o)
    0x200000e4   0x080038f0   0x00000004   Data   RW         2729    .data               mc_w.l(errno.o)
    0x200000e8        -       0x00000400   Zero   RW         2018    STACK               startup_at32f403a_407.o


==============================================================================

Image component sizes


      Code (inc. data)   RO Data    RW Data    ZI Data      Debug   Object Name

       192         16          0         28          0       1645   as5600.o
       388          6          0          0          0       8071   at32f403a_407_adc.o
       978        110         40          0          0       9356   at32f403a_407_crm.o
       390         10          0          0          0       3598   at32f403a_407_dma.o
       274          6          0          0          0       3943   at32f403a_407_gpio.o
       272         44          0         36          0       5468   at32f403a_407_int.o
       280         18          0          0          0      32728   at32f403a_407_misc.o
       702          0          0          0          0       9780   at32f403a_407_tmr.o
       598         14          0          0          0       7901   at32f403a_407_usart.o
      1442         58          0          0          0       7220   at32f403a_407_wk_config.o
       172         24          0          8          0       1596   delay.o
      2036        250          0         72          0       8708   foc.o
       656         92          0          0          0       4501   i2c.o
        20          6          0          0          0        470   led.o
       236         70          0         10          0      68448   main.o
       504         72          0         64          0       2787   pid.o
        36          8        388          0       1024        824   startup_at32f403a_407.o
       360         38         16          4          0       2264   system_at32f403a_407.o
        52          6          0          0          0        620   usart_1.o

    ----------------------------------------------------------------------
      9606        848        476        224       1024     179928   Object Totals
         0          0         32          0          0          0   (incl. Generated)
        18          0          0          2          0          0   (incl. Padding)

    ----------------------------------------------------------------------

      Code (inc. data)   RO Data    RW Data    ZI Data      Debug   Library Member Name

        32          8          0          0          0        124   dunder.o
       260          6          0          0          0        144   fmod.o
         0          0          0          0          0          0   entry.o
         0          0          0          0          0          0   entry10a.o
         0          0          0          0          0          0   entry11a.o
         4          0          0          0          0          0   entry12b.o
         8          4          0          0          0          0   entry2.o
         4          0          0          0          0          0   entry5.o
         0          0          0          0          0          0   entry7b.o
         0          0          0          0          0          0   entry8b.o
         8          4          0          0          0          0   entry9a.o
        12          6          0          4          0         68   errno.o
        30          0          0          0          0          0   handlers.o
        36          8          0          0          0         68   init.o
         0          0          0          0          0          0   iusefp.o
        30          0          0          0          0         68   llshl.o
        36          0          0          0          0         68   llsshr.o
        32          0          0          0          0         68   llushr.o
      2218         90          0          0          0        464   printfa.o
         0          0          0          4          0          0   stdout.o
        44          0          0          0          0         80   uidiv.o
        98          0          0          0          0         92   uldiv.o
        48          0          0          0          0         68   cdrcmple.o
        56          0          0          0          0         88   d2f.o
       334          0          0          0          0        148   dadd.o
       222          0          0          0          0        100   ddiv.o
       186          0          0          0          0        176   depilogue.o
        48          0          0          0          0         68   dfixul.o
       228          0          0          0          0         96   dmul.o
       134          0          0          0          0         96   drem.o
        38          0          0          0          0         68   f2d.o
       110          0          0          0          0        168   fepilogue.o

    ----------------------------------------------------------------------
      4266        130          0          8          0       2320   Library Totals
        10          4          0          0          0          0   (incl. Padding)

    ----------------------------------------------------------------------

      Code (inc. data)   RO Data    RW Data    ZI Data      Debug   Library Name

       292         14          0          0          0        268   m_wm.l
      2560        112          0          8          0        976   mc_w.l
      1404          0          0          0          0       1076   mf_w.l

    ----------------------------------------------------------------------
      4266        130          0          8          0       2320   Library Totals

    ----------------------------------------------------------------------

==============================================================================


      Code (inc. data)   RO Data    RW Data    ZI Data      Debug   

     13872        978        476        232       1024     170564   Grand Totals
     13872        978        476        232       1024     170564   ELF Image Totals
     13872        978        476        232          0          0   ROM Totals

==============================================================================

    Total RO  Size (Code + RO Data)                14348 (  14.01kB)
    Total RW  Size (RW Data + ZI Data)              1256 (   1.23kB)
    Total ROM Size (Code + RO Data + RW Data)      14580 (  14.24kB)

==============================================================================

