Component: ARM Compiler 5.06 update 7 (build 960) Tool: armlink [4d3601]

==============================================================================

Section Cross References

    startup_stm32f10x_md.o(RESET) refers to startup_stm32f10x_md.o(STACK) for __initial_sp
    startup_stm32f10x_md.o(RESET) refers to startup_stm32f10x_md.o(.text) for Reset_Handler
    startup_stm32f10x_md.o(RESET) refers to stm32f10x_it.o(i.NMI_Handler) for NMI_Handler
    startup_stm32f10x_md.o(RESET) refers to stm32f10x_it.o(i.HardFault_Handler) for HardFault_Handler
    startup_stm32f10x_md.o(RESET) refers to stm32f10x_it.o(i.MemManage_Handler) for MemManage_Handler
    startup_stm32f10x_md.o(RESET) refers to stm32f10x_it.o(i.BusFault_Handler) for BusFault_Handler
    startup_stm32f10x_md.o(RESET) refers to stm32f10x_it.o(i.UsageFault_Handler) for UsageFault_Handler
    startup_stm32f10x_md.o(RESET) refers to stm32f10x_it.o(i.SVC_Handler) for SVC_Handler
    startup_stm32f10x_md.o(RESET) refers to stm32f10x_it.o(i.DebugMon_Handler) for DebugMon_Handler
    startup_stm32f10x_md.o(RESET) refers to stm32f10x_it.o(i.PendSV_Handler) for PendSV_Handler
    startup_stm32f10x_md.o(RESET) refers to stm32f10x_it.o(i.SysTick_Handler) for SysTick_Handler
    startup_stm32f10x_md.o(RESET) refers to main.o(i.TIM1_UP_IRQHandler) for TIM1_UP_IRQHandler
    startup_stm32f10x_md.o(RESET) refers to usart.o(i.USART1_IRQHandler) for USART1_IRQHandler
    startup_stm32f10x_md.o(.text) refers to system_stm32f10x.o(i.SystemInit) for SystemInit
    startup_stm32f10x_md.o(.text) refers to entry.o(.ARM.Collect$$$$00000000) for __main
    system_stm32f10x.o(i.SetSysClock) refers to system_stm32f10x.o(i.SetSysClockTo72) for SetSysClockTo72
    system_stm32f10x.o(i.SystemCoreClockUpdate) refers to system_stm32f10x.o(.data) for SystemCoreClock
    system_stm32f10x.o(i.SystemInit) refers to system_stm32f10x.o(i.SetSysClock) for SetSysClock
    stm32f10x_adc.o(i.ADC_DeInit) refers to stm32f10x_rcc.o(i.RCC_APB2PeriphResetCmd) for RCC_APB2PeriphResetCmd
    stm32f10x_bkp.o(i.BKP_DeInit) refers to stm32f10x_rcc.o(i.RCC_BackupResetCmd) for RCC_BackupResetCmd
    stm32f10x_can.o(i.CAN_DeInit) refers to stm32f10x_rcc.o(i.RCC_APB1PeriphResetCmd) for RCC_APB1PeriphResetCmd
    stm32f10x_can.o(i.CAN_GetITStatus) refers to stm32f10x_can.o(i.CheckITStatus) for CheckITStatus
    stm32f10x_cec.o(i.CEC_DeInit) refers to stm32f10x_rcc.o(i.RCC_APB1PeriphResetCmd) for RCC_APB1PeriphResetCmd
    stm32f10x_dac.o(i.DAC_DeInit) refers to stm32f10x_rcc.o(i.RCC_APB1PeriphResetCmd) for RCC_APB1PeriphResetCmd
    stm32f10x_flash.o(i.FLASH_EnableWriteProtection) refers to stm32f10x_flash.o(i.FLASH_WaitForLastOperation) for FLASH_WaitForLastOperation
    stm32f10x_flash.o(i.FLASH_EraseAllBank1Pages) refers to stm32f10x_flash.o(i.FLASH_WaitForLastBank1Operation) for FLASH_WaitForLastBank1Operation
    stm32f10x_flash.o(i.FLASH_EraseAllPages) refers to stm32f10x_flash.o(i.FLASH_WaitForLastOperation) for FLASH_WaitForLastOperation
    stm32f10x_flash.o(i.FLASH_EraseOptionBytes) refers to stm32f10x_flash.o(i.FLASH_GetReadOutProtectionStatus) for FLASH_GetReadOutProtectionStatus
    stm32f10x_flash.o(i.FLASH_EraseOptionBytes) refers to stm32f10x_flash.o(i.FLASH_WaitForLastOperation) for FLASH_WaitForLastOperation
    stm32f10x_flash.o(i.FLASH_ErasePage) refers to stm32f10x_flash.o(i.FLASH_WaitForLastOperation) for FLASH_WaitForLastOperation
    stm32f10x_flash.o(i.FLASH_ProgramHalfWord) refers to stm32f10x_flash.o(i.FLASH_WaitForLastOperation) for FLASH_WaitForLastOperation
    stm32f10x_flash.o(i.FLASH_ProgramOptionByteData) refers to stm32f10x_flash.o(i.FLASH_WaitForLastOperation) for FLASH_WaitForLastOperation
    stm32f10x_flash.o(i.FLASH_ProgramWord) refers to stm32f10x_flash.o(i.FLASH_WaitForLastOperation) for FLASH_WaitForLastOperation
    stm32f10x_flash.o(i.FLASH_ReadOutProtection) refers to stm32f10x_flash.o(i.FLASH_WaitForLastOperation) for FLASH_WaitForLastOperation
    stm32f10x_flash.o(i.FLASH_UserOptionByteConfig) refers to stm32f10x_flash.o(i.FLASH_WaitForLastOperation) for FLASH_WaitForLastOperation
    stm32f10x_flash.o(i.FLASH_WaitForLastBank1Operation) refers to stm32f10x_flash.o(i.FLASH_GetBank1Status) for FLASH_GetBank1Status
    stm32f10x_flash.o(i.FLASH_WaitForLastOperation) refers to stm32f10x_flash.o(i.FLASH_GetBank1Status) for FLASH_GetBank1Status
    stm32f10x_gpio.o(i.GPIO_AFIODeInit) refers to stm32f10x_rcc.o(i.RCC_APB2PeriphResetCmd) for RCC_APB2PeriphResetCmd
    stm32f10x_gpio.o(i.GPIO_DeInit) refers to stm32f10x_rcc.o(i.RCC_APB2PeriphResetCmd) for RCC_APB2PeriphResetCmd
    stm32f10x_i2c.o(i.I2C_DeInit) refers to stm32f10x_rcc.o(i.RCC_APB1PeriphResetCmd) for RCC_APB1PeriphResetCmd
    stm32f10x_i2c.o(i.I2C_Init) refers to stm32f10x_rcc.o(i.RCC_GetClocksFreq) for RCC_GetClocksFreq
    stm32f10x_pwr.o(i.PWR_DeInit) refers to stm32f10x_rcc.o(i.RCC_APB1PeriphResetCmd) for RCC_APB1PeriphResetCmd
[...]
    Removing stm32f10x_pwr.o(i.PWR_EnterSTANDBYMode), (52 bytes).
    Removing stm32f10x_pwr.o(i.PWR_EnterSTOPMode), (64 bytes).
    Removing stm32f10x_pwr.o(i.PWR_GetFlagStatus), (24 bytes).
    Removing stm32f10x_pwr.o(i.PWR_PVDCmd), (12 bytes).
    Removing stm32f10x_pwr.o(i.PWR_PVDLevelConfig), (24 bytes).
    Removing stm32f10x_pwr.o(i.PWR_WakeUpPinCmd), (12 bytes).
    Removing stm32f10x_rcc.o(i.RCC_APB1PeriphResetCmd), (32 bytes).
    Removing stm32f10x_rcc.o(i.RCC_APB2PeriphResetCmd), (32 bytes).
    Removing stm32f10x_rcc.o(i.RCC_AdjustHSICalibrationValue), (24 bytes).
    Removing stm32f10x_rcc.o(i.RCC_BackupResetCmd), (12 bytes).
    Removing stm32f10x_rcc.o(i.RCC_ClearFlag), (20 bytes).
    Removing stm32f10x_rcc.o(i.RCC_ClearITPendingBit), (12 bytes).
    Removing stm32f10x_rcc.o(i.RCC_ClockSecuritySystemCmd), (12 bytes).
    Removing stm32f10x_rcc.o(i.RCC_DeInit), (76 bytes).
    Removing stm32f10x_rcc.o(i.RCC_GetFlagStatus), (60 bytes).
    Removing stm32f10x_rcc.o(i.RCC_GetITStatus), (24 bytes).
    Removing stm32f10x_rcc.o(i.RCC_GetSYSCLKSource), (16 bytes).
    Removing stm32f10x_rcc.o(i.RCC_HCLKConfig), (24 bytes).
    Removing stm32f10x_rcc.o(i.RCC_HSEConfig), (76 bytes).
    Removing stm32f10x_rcc.o(i.RCC_HSICmd), (12 bytes).
    Removing stm32f10x_rcc.o(i.RCC_ITConfig), (32 bytes).
    Removing stm32f10x_rcc.o(i.RCC_LSEConfig), (52 bytes).
    Removing stm32f10x_rcc.o(i.RCC_LSICmd), (12 bytes).
    Removing stm32f10x_rcc.o(i.RCC_MCOConfig), (12 bytes).
    Removing stm32f10x_rcc.o(i.RCC_PCLK1Config), (24 bytes).
    Removing stm32f10x_rcc.o(i.RCC_PCLK2Config), (24 bytes).
    Removing stm32f10x_rcc.o(i.RCC_PLLCmd), (12 bytes).
    Removing stm32f10x_rcc.o(i.RCC_PLLConfig), (28 bytes).
    Removing stm32f10x_rcc.o(i.RCC_RTCCLKCmd), (12 bytes).
    Removing stm32f10x_rcc.o(i.RCC_RTCCLKConfig), (16 bytes).
    Removing stm32f10x_rcc.o(i.RCC_SYSCLKConfig), (24 bytes).
    Removing stm32f10x_rcc.o(i.RCC_USBCLKConfig), (12 bytes).
    Removing stm32f10x_rcc.o(i.RCC_WaitForHSEStartUp), (56 bytes).
    Removing stm32f10x_rtc.o(i.RTC_ClearFlag), (16 bytes).
    Removing stm32f10x_rtc.o(i.RTC_ClearITPendingBit), (16 bytes).
    Removing stm32f10x_rtc.o(i.RTC_EnterConfigMode), (20 bytes).
    Removing stm32f10x_rtc.o(i.RTC_ExitConfigMode), (20 bytes).
    Removing stm32f10x_rtc.o(i.RTC_GetCounter), (20 bytes).
    Removing stm32f10x_rtc.o(i.RTC_GetDivider), (24 bytes).
    Removing stm32f10x_rtc.o(i.RTC_GetFlagStatus), (24 bytes).
    Removing stm32f10x_rtc.o(i.RTC_GetITStatus), (36 bytes).
    Removing stm32f10x_rtc.o(i.RTC_ITConfig), (32 bytes).
    Removing stm32f10x_rtc.o(i.RTC_SetAlarm), (28 bytes).
    Removing stm32f10x_rtc.o(i.RTC_SetCounter), (28 bytes).
    Removing stm32f10x_rtc.o(i.RTC_SetPrescaler), (32 bytes).
    Removing stm32f10x_rtc.o(i.RTC_WaitForLastTask), (20 bytes).
    Removing stm32f10x_rtc.o(i.RTC_WaitForSynchro), (36 bytes).
    Removing stm32f10x_sdio.o(i.SDIO_CEATAITCmd), (16 bytes).
    Removing stm32f10x_sdio.o(i.SDIO_ClearFlag), (12 bytes).
    Removing stm32f10x_sdio.o(i.SDIO_ClearITPendingBit), (12 bytes).
    Removing stm32f10x_sdio.o(i.SDIO_ClockCmd), (12 bytes).
    Removing stm32f10x_sdio.o(i.SDIO_CmdStructInit), (14 bytes).
    Removing stm32f10x_sdio.o(i.SDIO_CommandCompletionCmd), (12 bytes).
    Removing stm32f10x_sdio.o(i.SDIO_DMACmd), (12 bytes).
    Removing stm32f10x_sdio.o(i.SDIO_DataConfig), (48 bytes).
    Removing stm32f10x_sdio.o(i.SDIO_DataStructInit), (20 bytes).
    Removing stm32f10x_sdio.o(i.SDIO_DeInit), (36 bytes).
    Removing stm32f10x_sdio.o(i.SDIO_GetCommandResponse), (12 bytes).
    Removing stm32f10x_sdio.o(i.SDIO_GetDataCounter), (12 bytes).
    Removing stm32f10x_sdio.o(i.SDIO_GetFIFOCount), (12 bytes).
    Removing stm32f10x_sdio.o(i.SDIO_GetFlagStatus), (24 bytes).
    Removing stm32f10x_sdio.o(i.SDIO_GetITStatus), (24 bytes).
    Removing stm32f10x_sdio.o(i.SDIO_GetPowerState), (16 bytes).
    Removing stm32f10x_sdio.o(i.SDIO_GetResponse), (24 bytes).
    Removing stm32f10x_sdio.o(i.SDIO_ITConfig), (32 bytes).
    Removing stm32f10x_sdio.o(i.SDIO_Init), (48 bytes).
    Removing stm32f10x_sdio.o(i.SDIO_ReadData), (12 bytes).
    Removing stm32f10x_sdio.o(i.SDIO_SendCEATACmd), (12 bytes).
    Removing stm32f10x_sdio.o(i.SDIO_SendCommand), (44 bytes).
    Removing stm32f10x_sdio.o(i.SDIO_SendSDIOSuspendCmd), (12 bytes).
    Removing stm32f10x_sdio.o(i.SDIO_SetPowerState), (28 bytes).
    Removing stm32f10x_sdio.o(i.SDIO_SetSDIOOperation), (12 bytes).
    Removing stm32f10x_sdio.o(i.SDIO_SetSDIOReadWaitMode), (12 bytes).
    Removing stm32f10x_sdio.o(i.SDIO_StartSDIOReadWait), (12 bytes).
    Removing stm32f10x_sdio.o(i.SDIO_StopSDIOReadWait), (12 bytes).
    Removing stm32f10x_sdio.o(i.SDIO_StructInit), (16 bytes).
    Removing stm32f10x_sdio.o(i.SDIO_WriteData), (12 bytes).
    Removing stm32f10x_spi.o(i.I2S_Cmd), (24 bytes).
    Removing stm32f10x_spi.o(i.I2S_Init), (232 bytes).
    Removing stm32f10x_spi.o(i.I2S_StructInit), (20 bytes).
    Removing stm32f10x_spi.o(i.SPI_BiDirectionalLineConfig), (28 bytes).
    Removing stm32f10x_spi.o(i.SPI_CalculateCRC), (24 bytes).
    Removing stm32f10x_spi.o(i.SPI_Cmd), (24 bytes).
    Removing stm32f10x_spi.o(i.SPI_DataSizeConfig), (18 bytes).
    Removing stm32f10x_spi.o(i.SPI_GetCRC), (16 bytes).
    Removing stm32f10x_spi.o(i.SPI_GetCRCPolynomial), (6 bytes).
    Removing stm32f10x_spi.o(i.SPI_I2S_ClearFlag), (6 bytes).
    Removing stm32f10x_spi.o(i.SPI_I2S_ClearITPendingBit), (20 bytes).
    Removing stm32f10x_spi.o(i.SPI_I2S_DMACmd), (18 bytes).
    Removing stm32f10x_spi.o(i.SPI_I2S_DeInit), (88 bytes).
    Removing stm32f10x_spi.o(i.SPI_I2S_GetFlagStatus), (18 bytes).
    Removing stm32f10x_spi.o(i.SPI_I2S_GetITStatus), (52 bytes).
    Removing stm32f10x_spi.o(i.SPI_I2S_ITConfig), (32 bytes).
    Removing stm32f10x_spi.o(i.SPI_I2S_ReceiveData), (6 bytes).
    Removing stm32f10x_spi.o(i.SPI_I2S_SendData), (4 bytes).
    Removing stm32f10x_spi.o(i.SPI_Init), (60 bytes).
    Removing stm32f10x_spi.o(i.SPI_NSSInternalSoftwareConfig), (30 bytes).
    Removing stm32f10x_spi.o(i.SPI_SSOutputCmd), (24 bytes).
    Removing stm32f10x_spi.o(i.SPI_StructInit), (24 bytes).
    Removing stm32f10x_spi.o(i.SPI_TransmitCRC), (10 bytes).
    Removing stm32f10x_tim.o(i.TI1_Config), (128 bytes).
    Removing stm32f10x_tim.o(i.TI2_Config), (152 bytes).
    Removing stm32f10x_tim.o(i.TI3_Config), (144 bytes).
    Removing stm32f10x_tim.o(i.TI4_Config), (152 bytes).
    Removing stm32f10x_tim.o(i.TIM_ARRPreloadConfig), (24 bytes).
    Removing stm32f10x_tim.o(i.TIM_BDTRConfig), (32 bytes).
    Removing stm32f10x_tim.o(i.TIM_BDTRStructInit), (18 bytes).
    Removing stm32f10x_tim.o(i.TIM_CCPreloadControl), (24 bytes).
    Removing stm32f10x_tim.o(i.TIM_CCxCmd), (30 bytes).
    Removing stm32f10x_tim.o(i.TIM_CCxNCmd), (30 bytes).
    Removing stm32f10x_tim.o(i.TIM_ClearOC1Ref), (18 bytes).
    Removing stm32f10x_tim.o(i.TIM_ClearOC2Ref), (24 bytes).
    Removing stm32f10x_tim.o(i.TIM_ClearOC3Ref), (18 bytes).
    Removing stm32f10x_tim.o(i.TIM_ClearOC4Ref), (24 bytes).
    Removing stm32f10x_tim.o(i.TIM_CounterModeConfig), (18 bytes).
    Removing stm32f10x_tim.o(i.TIM_CtrlPWMOutputs), (30 bytes).
    Removing stm32f10x_tim.o(i.TIM_DMACmd), (18 bytes).
    Removing stm32f10x_tim.o(i.TIM_DMAConfig), (10 bytes).
    Removing stm32f10x_tim.o(i.TIM_DeInit), (488 bytes).
    Removing stm32f10x_tim.o(i.TIM_ETRClockMode1Config), (54 bytes).
    Removing stm32f10x_tim.o(i.TIM_ETRClockMode2Config), (32 bytes).
    Removing stm32f10x_tim.o(i.TIM_ETRConfig), (28 bytes).
    Removing stm32f10x_tim.o(i.TIM_EncoderInterfaceConfig), (66 bytes).
    Removing stm32f10x_tim.o(i.TIM_ForcedOC1Config), (18 bytes).
    Removing stm32f10x_tim.o(i.TIM_ForcedOC2Config), (26 bytes).
    Removing stm32f10x_tim.o(i.TIM_ForcedOC3Config), (18 bytes).
    Removing stm32f10x_tim.o(i.TIM_ForcedOC4Config), (26 bytes).
    Removing stm32f10x_tim.o(i.TIM_GenerateEvent), (4 bytes).
    Removing stm32f10x_tim.o(i.TIM_GetCapture1), (6 bytes).
    Removing stm32f10x_tim.o(i.TIM_GetCapture2), (6 bytes).
    Removing stm32f10x_tim.o(i.TIM_GetCapture3), (6 bytes).
    Removing stm32f10x_tim.o(i.TIM_GetCapture4), (8 bytes).
    Removing stm32f10x_tim.o(i.TIM_GetCounter), (6 bytes).
    Removing stm32f10x_tim.o(i.TIM_GetFlagStatus), (18 bytes).
    Removing stm32f10x_tim.o(i.TIM_GetPrescaler), (6 bytes).
    Removing stm32f10x_tim.o(i.TIM_ICInit), (172 bytes).
    Removing stm32f10x_tim.o(i.TIM_ICStructInit), (18 bytes).
    Removing stm32f10x_tim.o(i.TIM_ITRxExternalClockConfig), (24 bytes).
    Removing stm32f10x_tim.o(i.TIM_OC1FastConfig), (18 bytes).
    Removing stm32f10x_tim.o(i.TIM_OC1NPolarityConfig), (18 bytes).
    Removing stm32f10x_tim.o(i.TIM_OC1PolarityConfig), (18 bytes).
    Removing stm32f10x_tim.o(i.TIM_OC1PreloadConfig), (18 bytes).
    Removing stm32f10x_tim.o(i.TIM_OC2FastConfig), (26 bytes).
    Removing stm32f10x_tim.o(i.TIM_OC2NPolarityConfig), (26 bytes).
    Removing stm32f10x_tim.o(i.TIM_OC2PolarityConfig), (26 bytes).
    Removing stm32f10x_tim.o(i.TIM_OC2PreloadConfig), (26 bytes).
    Removing stm32f10x_tim.o(i.TIM_OC3FastConfig), (18 bytes).
    Removing stm32f10x_tim.o(i.TIM_OC3NPolarityConfig), (26 bytes).
    Removing stm32f10x_tim.o(i.TIM_OC3PolarityConfig), (26 bytes).
    Removing stm32f10x_tim.o(i.TIM_OC3PreloadConfig), (18 bytes).
    Removing stm32f10x_tim.o(i.TIM_OC4FastConfig), (26 bytes).
    Removing stm32f10x_tim.o(i.TIM_OC4PolarityConfig), (26 bytes).
    Removing stm32f10x_tim.o(i.TIM_OC4PreloadConfig), (26 bytes).
    Removing stm32f10x_tim.o(i.TIM_PWMIConfig), (124 bytes).
    Removing stm32f10x_tim.o(i.TIM_PrescalerConfig), (6 bytes).
    Removing stm32f10x_tim.o(i.TIM_SelectCCDMA), (24 bytes).
    Removing stm32f10x_tim.o(i.TIM_SelectCOM), (24 bytes).
    Removing stm32f10x_tim.o(i.TIM_SelectHallSensor), (24 bytes).
    Removing stm32f10x_tim.o(i.TIM_SelectInputTrigger), (18 bytes).
    Removing stm32f10x_tim.o(i.TIM_SelectMasterSlaveMode), (18 bytes).
    Removing stm32f10x_tim.o(i.TIM_SelectOCxM), (82 bytes).
    Removing stm32f10x_tim.o(i.TIM_SelectOnePulseMode), (18 bytes).
    Removing stm32f10x_tim.o(i.TIM_SelectOutputTrigger), (18 bytes).
    Removing stm32f10x_tim.o(i.TIM_SelectSlaveMode), (18 bytes).
    Removing stm32f10x_tim.o(i.TIM_SetAutoreload), (4 bytes).
    Removing stm32f10x_tim.o(i.TIM_SetClockDivision), (18 bytes).
    Removing stm32f10x_tim.o(i.TIM_SetCompare4), (6 bytes).
    Removing stm32f10x_tim.o(i.TIM_SetCounter), (4 bytes).
    Removing stm32f10x_tim.o(i.TIM_SetIC1Prescaler), (18 bytes).
    Removing stm32f10x_tim.o(i.TIM_SetIC2Prescaler), (26 bytes).
    Removing stm32f10x_tim.o(i.TIM_SetIC3Prescaler), (18 bytes).
    Removing stm32f10x_tim.o(i.TIM_SetIC4Prescaler), (26 bytes).
    Removing stm32f10x_tim.o(i.TIM_TIxExternalClockConfig), (62 bytes).
    Removing stm32f10x_tim.o(i.TIM_TimeBaseStructInit), (18 bytes).
    Removing stm32f10x_tim.o(i.TIM_UpdateDisableConfig), (24 bytes).
    Removing stm32f10x_tim.o(i.TIM_UpdateRequestConfig), (24 bytes).
    Removing stm32f10x_usart.o(i.USART_ClearFlag), (18 bytes).
    Removing stm32f10x_usart.o(i.USART_ClearITPendingBit), (30 bytes).
    Removing stm32f10x_usart.o(i.USART_ClockInit), (34 bytes).
    Removing stm32f10x_usart.o(i.USART_ClockStructInit), (12 bytes).
    Removing stm32f10x_usart.o(i.USART_DMACmd), (18 bytes).
    Removing stm32f10x_usart.o(i.USART_DeInit), (156 bytes).
    Removing stm32f10x_usart.o(i.USART_GetFlagStatus), (26 bytes).
    Removing stm32f10x_usart.o(i.USART_HalfDuplexCmd), (24 bytes).
    Removing stm32f10x_usart.o(i.USART_IrDACmd), (24 bytes).
    Removing stm32f10x_usart.o(i.USART_IrDAConfig), (18 bytes).
    Removing stm32f10x_usart.o(i.USART_LINBreakDetectLengthConfig), (18 bytes).
    Removing stm32f10x_usart.o(i.USART_LINCmd), (24 bytes).
    Removing stm32f10x_usart.o(i.USART_OneBitMethodCmd), (24 bytes).
    Removing stm32f10x_usart.o(i.USART_OverSampling8Cmd), (22 bytes).
    Removing stm32f10x_usart.o(i.USART_ReceiverWakeUpCmd), (24 bytes).
    Removing stm32f10x_usart.o(i.USART_SendBreak), (10 bytes).
    Removing stm32f10x_usart.o(i.USART_SendData), (8 bytes).
    Removing stm32f10x_usart.o(i.USART_SetAddress), (18 bytes).
    Removing stm32f10x_usart.o(i.USART_SetGuardTime), (16 bytes).
    Removing stm32f10x_usart.o(i.USART_SetPrescaler), (16 bytes).
    Removing stm32f10x_usart.o(i.USART_SmartCardCmd), (24 bytes).
    Removing stm32f10x_usart.o(i.USART_SmartCardNACKCmd), (24 bytes).
    Removing stm32f10x_usart.o(i.USART_StructInit), (24 bytes).
    Removing stm32f10x_usart.o(i.USART_WakeUpConfig), (18 bytes).
    Removing stm32f10x_wwdg.o(i.WWDG_ClearFlag), (12 bytes).
    Removing stm32f10x_wwdg.o(i.WWDG_DeInit), (22 bytes).
    Removing stm32f10x_wwdg.o(i.WWDG_Enable), (16 bytes).
    Removing stm32f10x_wwdg.o(i.WWDG_EnableIT), (12 bytes).
    Removing stm32f10x_wwdg.o(i.WWDG_GetFlagStatus), (12 bytes).
    Removing stm32f10x_wwdg.o(i.WWDG_SetCounter), (16 bytes).
    Removing stm32f10x_wwdg.o(i.WWDG_SetPrescaler), (24 bytes).
    Removing stm32f10x_wwdg.o(i.WWDG_SetWindowValue), (40 bytes).
    Removing pwm.o(i.Start_Motor), (32 bytes).
    Removing pwm.o(i.Stop_Motor), (30 bytes).
    Removing led.o(i.LED1_OFF), (16 bytes).
    Removing led.o(i.LED1_ON), (16 bytes).
    Removing pid.o(i.speed_2_clear), (44 bytes).
    Removing pid.o(i.speed_clear), (44 bytes).
    Removing sys.o(.emb_text), (6 bytes).
    Removing sys.o(i.INTX_DISABLE), (4 bytes).
    Removing sys.o(i.INTX_ENABLE), (4 bytes).
    Removing sys.o(i.WFI_SET), (4 bytes).
    Removing usart.o(i._sys_exit), (4 bytes).
    Removing dscalb.o(.text), (46 bytes).

446 unused section(s) (total 17586 bytes) removed from the image.

==============================================================================

Image Symbol Table

    Local Symbols

    Symbol Name                              Value     Ov Type        Size  Object(Section)

    ../clib/microlib/division.c              0x00000000   Number         0  uldiv.o ABSOLUTE
    ../clib/microlib/division.c              0x00000000   Number         0  uidiv.o ABSOLUTE
    ../clib/microlib/errno.c                 0x00000000   Number         0  errno.o ABSOLUTE
    ../clib/microlib/init/entry.s            0x00000000   Number         0  entry.o ABSOLUTE
    ../clib/microlib/init/entry.s            0x00000000   Number         0  entry11a.o ABSOLUTE
    ../clib/microlib/init/entry.s            0x00000000   Number         0  entry2.o ABSOLUTE
    ../clib/microlib/init/entry.s            0x00000000   Number         0  entry7b.o ABSOLUTE
    ../clib/microlib/init/entry.s            0x00000000   Number         0  entry8a.o ABSOLUTE
    ../clib/microlib/init/entry.s            0x00000000   Number         0  entry5.o ABSOLUTE
    ../clib/microlib/init/entry.s            0x00000000   Number         0  entry12a.o ABSOLUTE
    ../clib/microlib/init/entry.s            0x00000000   Number         0  entry10b.o ABSOLUTE
    ../clib/microlib/init/entry.s            0x00000000   Number         0  entry8b.o ABSOLUTE
    ../clib/microlib/init/entry.s            0x00000000   Number         0  entry10a.o ABSOLUTE
    ../clib/microlib/init/entry.s            0x00000000   Number         0  entry9b.o ABSOLUTE
    ../clib/microlib/init/entry.s            0x00000000   Number         0  entry9a.o ABSOLUTE
    ../clib/microlib/init/entry.s            0x00000000   Number         0  entry12b.o ABSOLUTE
    ../clib/microlib/init/entry.s            0x00000000   Number         0  entry7a.o ABSOLUTE
    ../clib/microlib/init/entry.s            0x00000000   Number         0  entry11b.o ABSOLUTE
    ../clib/microlib/longlong.c              0x00000000   Number         0  llushr.o ABSOLUTE
    ../clib/microlib/longlong.c              0x00000000   Number         0  llsshr.o ABSOLUTE
    ../clib/microlib/longlong.c              0x00000000   Number         0  llshl.o ABSOLUTE
    ../clib/microlib/printf/printf.c         0x00000000   Number         0  printfb.o ABSOLUTE
    ../clib/microlib/printf/printf.c         0x00000000   Number         0  printf1.o ABSOLUTE
    ../clib/microlib/printf/printf.c         0x00000000   Number         0  printf8.o ABSOLUTE
    ../clib/microlib/printf/printf.c         0x00000000   Number         0  printf3.o ABSOLUTE
    ../clib/microlib/printf/printf.c         0x00000000   Number         0  printf7.o ABSOLUTE
    ../clib/microlib/printf/printf.c         0x00000000   Number         0  printf6.o ABSOLUTE
    ../clib/microlib/printf/printf.c         0x00000000   Number         0  printfa.o ABSOLUTE
    ../clib/microlib/printf/printf.c         0x00000000   Number         0  printf5.o ABSOLUTE
    ../clib/microlib/printf/printf.c         0x00000000   Number         0  printf4.o ABSOLUTE
    ../clib/microlib/printf/printf.c         0x00000000   Number         0  printf2.o ABSOLUTE
    ../clib/microlib/printf/printf.c         0x00000000   Number         0  printf0.o ABSOLUTE
    ../clib/microlib/printf/stubs.s          0x00000000   Number         0  stubs.o ABSOLUTE
    ../clib/microlib/stubs.s                 0x00000000   Number         0  iusefp.o ABSOLUTE
    ../clib/microlib/stubs.s                 0x00000000   Number         0  useno.o ABSOLUTE
    ../fplib/microlib/d2f.c                  0x00000000   Number         0  d2f.o ABSOLUTE
    ../fplib/microlib/f2d.c                  0x00000000   Number         0  f2d.o ABSOLUTE
    ../fplib/microlib/fpadd.c                0x00000000   Number         0  fadd.o ABSOLUTE
    ../fplib/microlib/fpadd.c                0x00000000   Number         0  dadd.o ABSOLUTE
    ../fplib/microlib/fpdiv.c                0x00000000   Number         0  ddiv.o ABSOLUTE
    ../fplib/microlib/fpdiv.c                0x00000000   Number         0  fdiv.o ABSOLUTE
    ../fplib/microlib/fpepilogue.c           0x00000000   Number         0  fepilogue.o ABSOLUTE
    ../fplib/microlib/fpepilogue.c           0x00000000   Number         0  depilogue.o ABSOLUTE
    ../fplib/microlib/fpfix.c                0x00000000   Number         0  ffixui.o ABSOLUTE
    ../fplib/microlib/fpfix.c                0x00000000   Number         0  ffixi.o ABSOLUTE
    ../fplib/microlib/fpfix.c                0x00000000   Number         0  dfixul.o ABSOLUTE
    ../fplib/microlib/fpflt.c                0x00000000   Number         0  fflti.o ABSOLUTE
    ../fplib/microlib/fpmul.c                0x00000000   Number         0  dmul.o ABSOLUTE
    ../fplib/microlib/fpmul.c                0x00000000   Number         0  fmul.o ABSOLUTE
    ../fplib/microlib/fprem.c                0x00000000   Number         0  drem.o ABSOLUTE
    ../fplib/microlib/fpscalb.c              0x00000000   Number         0  dscalb.o ABSOLUTE
    ../mathlib/dunder.c                      0x00000000   Number         0  dunder.o ABSOLUTE
    ../mathlib/fmod.c                        0x00000000   Number         0  fmod_x.o ABSOLUTE
    ../mathlib/fmod.c                        0x00000000   Number         0  fmod.o ABSOLUTE
    Hardware\AS5600\AS5600.c                 0x00000000   Number         0  as5600.o ABSOLUTE
    Hardware\FOC\FOC.c                       0x00000000   Number         0  foc.o ABSOLUTE
    Hardware\I2C\I2C.c                       0x00000000   Number         0  i2c.o ABSOLUTE
    Hardware\LED\LED.c                       0x00000000   Number         0  led.o ABSOLUTE
    Hardware\PID\PID.c                       0x00000000   Number         0  pid.o ABSOLUTE
    Hardware\adc\AD.c                        0x00000000   Number         0  ad.o ABSOLUTE
    Hardware\pwm\pwm.c                       0x00000000   Number         0  pwm.o ABSOLUTE
    Hardware\timer1\timer1.c                 0x00000000   Number         0  timer1.o ABSOLUTE
    Library\misc.c                           0x00000000   Number         0  misc.o ABSOLUTE
    Library\stm32f10x_adc.c                  0x00000000   Number         0  stm32f10x_adc.o ABSOLUTE
    Library\stm32f10x_bkp.c                  0x00000000   Number         0  stm32f10x_bkp.o ABSOLUTE
    Library\stm32f10x_can.c                  0x00000000   Number         0  stm32f10x_can.o ABSOLUTE
    Library\stm32f10x_cec.c                  0x00000000   Number         0  stm32f10x_cec.o ABSOLUTE
    Library\stm32f10x_crc.c                  0x00000000   Number         0  stm32f10x_crc.o ABSOLUTE
    Library\stm32f10x_dac.c                  0x00000000   Number         0  stm32f10x_dac.o ABSOLUTE
    Library\stm32f10x_dbgmcu.c               0x00000000   Number         0  stm32f10x_dbgmcu.o ABSOLUTE
    Library\stm32f10x_dma.c                  0x00000000   Number         0  stm32f10x_dma.o ABSOLUTE
    Library\stm32f10x_exti.c                 0x00000000   Number         0  stm32f10x_exti.o ABSOLUTE
    Library\stm32f10x_flash.c                0x00000000   Number         0  stm32f10x_flash.o ABSOLUTE
    Library\stm32f10x_fsmc.c                 0x00000000   Number         0  stm32f10x_fsmc.o ABSOLUTE
    Library\stm32f10x_gpio.c                 0x00000000   Number         0  stm32f10x_gpio.o ABSOLUTE
    Library\stm32f10x_i2c.c                  0x00000000   Number         0  stm32f10x_i2c.o ABSOLUTE
    Library\stm32f10x_iwdg.c                 0x00000000   Number         0  stm32f10x_iwdg.o ABSOLUTE
    Library\stm32f10x_pwr.c                  0x00000000   Number         0  stm32f10x_pwr.o ABSOLUTE
    Library\stm32f10x_rcc.c                  0x00000000   Number         0  stm32f10x_rcc.o ABSOLUTE
    Library\stm32f10x_rtc.c                  0x00000000   Number         0  stm32f10x_rtc.o ABSOLUTE
    Library\stm32f10x_sdio.c                 0x00000000   Number         0  stm32f10x_sdio.o ABSOLUTE
    Library\stm32f10x_spi.c                  0x00000000   Number         0  stm32f10x_spi.o ABSOLUTE
    Library\stm32f10x_tim.c                  0x00000000   Number         0  stm32f10x_tim.o ABSOLUTE
    Library\stm32f10x_usart.c                0x00000000   Number         0  stm32f10x_usart.o ABSOLUTE
    Library\stm32f10x_wwdg.c                 0x00000000   Number         0  stm32f10x_wwdg.o ABSOLUTE
    SYSTEM\\sys\\sys.c                       0x00000000   Number         0  sys.o ABSOLUTE
    SYSTEM\delay\delay.c                     0x00000000   Number         0  delay.o ABSOLUTE
    SYSTEM\sys\sys.c                         0x00000000   Number         0  sys.o ABSOLUTE
    SYSTEM\usart\usart.c                     0x00000000   Number         0  usart.o ABSOLUTE
    Start\\core_cm3.c                        0x00000000   Number         0  core_cm3.o ABSOLUTE
    Start\core_cm3.c                         0x00000000   Number         0  core_cm3.o ABSOLUTE
    Start\startup_stm32f10x_md.s             0x00000000   Number         0  startup_stm32f10x_md.o ABSOLUTE
    Start\system_stm32f10x.c                 0x00000000   Number         0  system_stm32f10x.o ABSOLUTE
    User\main.c                              0x00000000   Number         0  main.o ABSOLUTE
    User\stm32f10x_it.c                      0x00000000   Number         0  stm32f10x_it.o ABSOLUTE
    cdrcmple.s                               0x00000000   Number         0  cdrcmple.o ABSOLUTE
    cfcmple.s                                0x00000000   Number         0  cfcmple.o ABSOLUTE
    cfrcmple.s                               0x00000000   Number         0  cfrcmple.o ABSOLUTE
    dc.s                                     0x00000000   Number         0  dc.o ABSOLUTE
    handlers.s                               0x00000000   Number         0  handlers.o ABSOLUTE
    init.s                                   0x00000000   Number         0  init.o ABSOLUTE
    RESET                                    0x08000000   Section      236  startup_stm32f10x_md.o(RESET)
    .ARM.Collect$$$$00000000                 0x080000ec   Section        0  entry.o(.ARM.Collect$$$$00000000)
    .ARM.Collect$$$$00000001                 0x080000ec   Section        4  entry2.o(.ARM.Collect$$$$00000001)
    .ARM.Collect$$$$00000004                 0x080000f0   Section        4  entry5.o(.ARM.Collect$$$$00000004)
    .ARM.Collect$$$$00000008                 0x080000f4   Section        0  entry7b.o(.ARM.Collect$$$$00000008)
    .ARM.Collect$$$$0000000A                 0x080000f4   Section        0  entry8b.o(.ARM.Collect$$$$0000000A)
    .ARM.Collect$$$$0000000B                 0x080000f4   Section        8  entry9a.o(.ARM.Collect$$$$0000000B)
    .ARM.Collect$$$$0000000E                 0x080000fc   Section        4  entry12b.o(.ARM.Collect$$$$0000000E)
    .ARM.Collect$$$$0000000F                 0x08000100   Section        0  entry10a.o(.ARM.Collect$$$$0000000F)
    .ARM.Collect$$$$00000011                 0x08000100   Section        0  entry11a.o(.ARM.Collect$$$$00000011)
    .ARM.Collect$$$$00002712                 0x08000100   Section        4  entry2.o(.ARM.Collect$$$$00002712)
    __lit__00000000                          0x08000100   Data           4  entry2.o(.ARM.Collect$$$$00002712)
    .text                                    0x08000104   Section       36  startup_stm32f10x_md.o(.text)
    .text                                    0x08000128   Section        0  fadd.o(.text)
    .text                                    0x080001d8   Section        0  fmul.o(.text)
    .text                                    0x0800023c   Section        0  fdiv.o(.text)
    .text                                    0x080002b8   Section        0  dadd.o(.text)
    .text                                    0x08000406   Section        0  dmul.o(.text)
    .text                                    0x080004ea   Section        0  ddiv.o(.text)
    .text                                    0x080005c8   Section        0  fflti.o(.text)
    .text                                    0x080005da   Section        0  ffixi.o(.text)
    .text                                    0x0800060c   Section        0  ffixui.o(.text)
    .text                                    0x08000634   Section        0  f2d.o(.text)
    .text                                    0x0800065a   Section        0  d2f.o(.text)
    .text                                    0x08000694   Section       20  cfcmple.o(.text)
    .text                                    0x080006a8   Section       20  cfrcmple.o(.text)
    .text                                    0x080006bc   Section        0  uidiv.o(.text)
    .text                                    0x080006e8   Section        0  uldiv.o(.text)
    .text                                    0x0800074a   Section        0  llshl.o(.text)
    .text                                    0x08000768   Section        0  llsshr.o(.text)
    .text                                    0x0800078c   Section        0  fepilogue.o(.text)
    .text                                    0x0800078c   Section        0  iusefp.o(.text)
    .text                                    0x080007fa   Section        0  depilogue.o(.text)
    .text                                    0x080008b4   Section        0  drem.o(.text)
    .text                                    0x0800093a   Section        0  dfixul.o(.text)
    .text                                    0x0800096c   Section       48  cdrcmple.o(.text)
    .text                                    0x0800099c   Section       36  init.o(.text)
    .text                                    0x080009c0   Section        0  llushr.o(.text)
    i.ADC_Cmd                                0x080009e0   Section        0  stm32f10x_adc.o(i.ADC_Cmd)
    i.ADC_DMACmd                             0x080009f6   Section        0  stm32f10x_adc.o(i.ADC_DMACmd)
    i.ADC_ExternalTrigConvCmd                0x08000a0c   Section        0  stm32f10x_adc.o(i.ADC_ExternalTrigConvCmd)
    i.ADC_GetCalibrationStatus               0x08000a22   Section        0  stm32f10x_adc.o(i.ADC_GetCalibrationStatus)
    i.ADC_GetResetCalibrationStatus          0x08000a36   Section        0  stm32f10x_adc.o(i.ADC_GetResetCalibrationStatus)
    i.ADC_Init                               0x08000a4c   Section        0  stm32f10x_adc.o(i.ADC_Init)
    i.ADC_RegularChannelConfig               0x08000a9c   Section        0  stm32f10x_adc.o(i.ADC_RegularChannelConfig)
    i.ADC_ResetCalibration                   0x08000b54   Section        0  stm32f10x_adc.o(i.ADC_ResetCalibration)
    i.ADC_StartCalibration                   0x08000b5e   Section        0  stm32f10x_adc.o(i.ADC_StartCalibration)
    i.AD_Init                                0x08000b68   Section        0  ad.o(i.AD_Init)
    i.AS5600_IIC_Read_OneByte                0x08000c74   Section        0  as5600.o(i.AS5600_IIC_Read_OneByte)
    i.Angle_limit                            0x08000cb4   Section        0  foc.o(i.Angle_limit)
    i.BusFault_Handler                       0x08000d08   Section        0  stm32f10x_it.o(i.BusFault_Handler)
    i.DMA_Cmd                                0x08000d0c   Section        0  stm32f10x_dma.o(i.DMA_Cmd)
    i.DMA_Init                               0x08000d24   Section        0  stm32f10x_dma.o(i.DMA_Init)
    i.DebugMon_Handler                       0x08000d60   Section        0  stm32f10x_it.o(i.DebugMon_Handler)
    i.GPIO_Init                              0x08000d62   Section        0  stm32f10x_gpio.o(i.GPIO_Init)
    i.GPIO_ResetBits                         0x08000e78   Section        0  stm32f10x_gpio.o(i.GPIO_ResetBits)
    i.GPIO_SetBits                           0x08000e7c   Section        0  stm32f10x_gpio.o(i.GPIO_SetBits)
    i.HardFault_Handler                      0x08000e80   Section        0  stm32f10x_it.o(i.HardFault_Handler)
    i.IIC_Ack                                0x08000e84   Section        0  i2c.o(i.IIC_Ack)
    i.IIC_Init                               0x08000ed4   Section        0  i2c.o(i.IIC_Init)
    i.IIC_NAck                               0x08000f08   Section        0  i2c.o(i.IIC_NAck)
    i.IIC_Read_Byte                          0x08000f58   Section        0  i2c.o(i.IIC_Read_Byte)
    i.IIC_Send_Byte                          0x08000fc8   Section        0  i2c.o(i.IIC_Send_Byte)
    i.IIC_Start                              0x0800103c   Section        0  i2c.o(i.IIC_Start)
    i.IIC_Stop                               0x08001088   Section        0  i2c.o(i.IIC_Stop)
    i.IIC_Wait_Ack                           0x080010d4   Section        0  i2c.o(i.IIC_Wait_Ack)
    i.Id_pid                                 0x08001138   Section        0  pid.o(i.Id_pid)
    i.Iq_pid                                 0x080011f0   Section        0  pid.o(i.Iq_pid)
    i.LED1_Turn                              0x080012a4   Section        0  led.o(i.LED1_Turn)
    i.LED_Init                               0x080012b8   Section        0  led.o(i.LED_Init)
    i.LowPass_Filter                         0x08001308   Section        0  pid.o(i.LowPass_Filter)
    i.MemManage_Handler                      0x080013cc   Section        0  stm32f10x_it.o(i.MemManage_Handler)
    i.NMI_Handler                            0x080013d0   Section        0  stm32f10x_it.o(i.NMI_Handler)
    i.NVIC_Init                              0x080013d4   Section        0  misc.o(i.NVIC_Init)
    i.PWM_Init                               0x08001444   Section        0  pwm.o(i.PWM_Init)
    i.PendSV_Handler                         0x080014f8   Section        0  stm32f10x_it.o(i.PendSV_Handler)
    i.RCC_ADCCLKConfig                       0x080014fc   Section        0  stm32f10x_rcc.o(i.RCC_ADCCLKConfig)
    i.RCC_AHBPeriphClockCmd                  0x08001514   Section        0  stm32f10x_rcc.o(i.RCC_AHBPeriphClockCmd)
    i.RCC_APB1PeriphClockCmd                 0x08001534   Section        0  stm32f10x_rcc.o(i.RCC_APB1PeriphClockCmd)
    i.RCC_APB2PeriphClockCmd                 0x08001554   Section        0  stm32f10x_rcc.o(i.RCC_APB2PeriphClockCmd)
    i.RCC_GetClocksFreq                      0x08001574   Section        0  stm32f10x_rcc.o(i.RCC_GetClocksFreq)
    i.SVC_Handler                            0x08001648   Section        0  stm32f10x_it.o(i.SVC_Handler)
    i.SetSysClock                            0x0800164a   Section        0  system_stm32f10x.o(i.SetSysClock)
    SetSysClock                              0x0800164b   Thumb Code     8  system_stm32f10x.o(i.SetSysClock)
    i.SetSysClockTo72                        0x08001654   Section        0  system_stm32f10x.o(i.SetSysClockTo72)
    SetSysClockTo72                          0x08001655   Thumb Code   214  system_stm32f10x.o(i.SetSysClockTo72)
    i.SysTick_CLKSourceConfig                0x08001734   Section        0  misc.o(i.SysTick_CLKSourceConfig)
    i.SysTick_Handler                        0x0800175c   Section        0  stm32f10x_it.o(i.SysTick_Handler)
    i.SystemInit                             0x08001760   Section        0  system_stm32f10x.o(i.SystemInit)
    i.TIM1_UP_IRQHandler                     0x080017c0   Section        0  main.o(i.TIM1_UP_IRQHandler)
    i.TIM_ClearFlag                          0x08001808   Section        0  stm32f10x_tim.o(i.TIM_ClearFlag)
    i.TIM_ClearITPendingBit                  0x0800180e   Section        0  stm32f10x_tim.o(i.TIM_ClearITPendingBit)
    i.TIM_Cmd                                0x08001814   Section        0  stm32f10x_tim.o(i.TIM_Cmd)
    i.TIM_GetITStatus                        0x0800182c   Section        0  stm32f10x_tim.o(i.TIM_GetITStatus)
    i.TIM_ITConfig                           0x0800184e   Section        0  stm32f10x_tim.o(i.TIM_ITConfig)
    i.TIM_InternalClockConfig                0x08001860   Section        0  stm32f10x_tim.o(i.TIM_InternalClockConfig)
    i.TIM_OC1Init                            0x0800186c   Section        0  stm32f10x_tim.o(i.TIM_OC1Init)
    i.TIM_OC2Init                            0x08001904   Section        0  stm32f10x_tim.o(i.TIM_OC2Init)
    i.TIM_OC3Init                            0x080019a8   Section        0  stm32f10x_tim.o(i.TIM_OC3Init)
    i.TIM_OC4Init                            0x08001a48   Section        0  stm32f10x_tim.o(i.TIM_OC4Init)
    i.TIM_OCStructInit                       0x08001ac4   Section        0  stm32f10x_tim.o(i.TIM_OCStructInit)
    i.TIM_SetCompare1                        0x08001ad8   Section        0  stm32f10x_tim.o(i.TIM_SetCompare1)
    i.TIM_SetCompare2                        0x08001adc   Section        0  stm32f10x_tim.o(i.TIM_SetCompare2)
    i.TIM_SetCompare3                        0x08001ae0   Section        0  stm32f10x_tim.o(i.TIM_SetCompare3)
    i.TIM_TimeBaseInit                       0x08001ae4   Section        0  stm32f10x_tim.o(i.TIM_TimeBaseInit)
    i.USART1_IRQHandler                      0x08001b88   Section        0  usart.o(i.USART1_IRQHandler)
    i.USART_Cmd                              0x08001c10   Section        0  stm32f10x_usart.o(i.USART_Cmd)
    i.USART_GetITStatus                      0x08001c28   Section        0  stm32f10x_usart.o(i.USART_GetITStatus)
    i.USART_ITConfig                         0x08001c7c   Section        0  stm32f10x_usart.o(i.USART_ITConfig)
    i.USART_Init                             0x08001cc8   Section        0  stm32f10x_usart.o(i.USART_Init)
    i.USART_ReceiveData                      0x08001da0   Section        0  stm32f10x_usart.o(i.USART_ReceiveData)
    i.UsageFault_Handler                     0x08001daa   Section        0  stm32f10x_it.o(i.UsageFault_Handler)
    i.__0printf                              0x08001db0   Section        0  printfa.o(i.__0printf)
    i.__mathlib_dbl_invalid                  0x08001dd0   Section        0  dunder.o(i.__mathlib_dbl_invalid)
    i.__scatterload_copy                     0x08001ddc   Section       14  handlers.o(i.__scatterload_copy)
    i.__scatterload_null                     0x08001dea   Section        2  handlers.o(i.__scatterload_null)
    i.__scatterload_zeroinit                 0x08001dec   Section       14  handlers.o(i.__scatterload_zeroinit)
    i.__set_errno                            0x08001dfc   Section        0  errno.o(i.__set_errno)
    i._electricalAngle                       0x08001e08   Section        0  foc.o(i._electricalAngle)
    i._fp_digits                             0x08001e1c   Section        0  printfa.o(i._fp_digits)
    _fp_digits                               0x08001e1d   Thumb Code   366  printfa.o(i._fp_digits)
    i._printf_core                           0x08001fa0   Section        0  printfa.o(i._printf_core)
    _printf_core                             0x08001fa1   Thumb Code  1704  printfa.o(i._printf_core)
    i._printf_post_padding                   0x08002654   Section        0  printfa.o(i._printf_post_padding)
    _printf_post_padding                     0x08002655   Thumb Code    36  printfa.o(i._printf_post_padding)
    i._printf_pre_padding                    0x08002678   Section        0  printfa.o(i._printf_pre_padding)
    _printf_pre_padding                      0x08002679   Thumb Code    46  printfa.o(i._printf_pre_padding)
    i.angle_get                              0x080026a8   Section        0  as5600.o(i.angle_get)
    i.beep_on                                0x08002710   Section        0  led.o(i.beep_on)
    i.delay_init                             0x0800274c   Section        0  delay.o(i.delay_init)
    i.delay_ms                               0x08002790   Section        0  delay.o(i.delay_ms)
    i.delay_s                                0x080027dc   Section        0  i2c.o(i.delay_s)
    i.delay_us                               0x080027e8   Section        0  delay.o(i.delay_us)
    i.f1                                     0x08002834   Section        0  foc.o(i.f1)
    f1                                       0x08002835   Thumb Code    96  foc.o(i.f1)
    i.f2                                     0x080028ac   Section        0  foc.o(i.f2)
    f2                                       0x080028ad   Thumb Code    96  foc.o(i.f2)
    i.fast_cos                               0x08002924   Section        0  foc.o(i.fast_cos)
    fast_cos                                 0x08002925   Thumb Code   128  foc.o(i.fast_cos)
    i.fast_sin                               0x080029ac   Section        0  foc.o(i.fast_sin)
    fast_sin                                 0x080029ad   Thumb Code   134  foc.o(i.fast_sin)
    i.first_get                              0x08002a3c   Section        0  ad.o(i.first_get)
    i.fmod                                   0x08002a70   Section        0  fmod.o(i.fmod)
    i.fputc                                  0x08002b04   Section        0  usart.o(i.fputc)
    i.limit                                  0x08002b20   Section        0  foc.o(i.limit)
    i.main                                   0x08002b4c   Section        0  main.o(i.main)
    i.pwm_a_write                            0x08002c54   Section        0  pwm.o(i.pwm_a_write)
    i.pwm_b_write                            0x08002c64   Section        0  pwm.o(i.pwm_b_write)
    i.pwm_c_write                            0x08002c74   Section        0  pwm.o(i.pwm_c_write)
    i.setPhaseVoltage                        0x08002c84   Section        0  foc.o(i.setPhaseVoltage)
    i.setpwm                                 0x08002f14   Section        0  foc.o(i.setpwm)
    i.timer1_Init                            0x08002fec   Section        0  timer1.o(i.timer1_Init)
    i.uart_init                              0x08003060   Section        0  usart.o(i.uart_init)
    .data                                    0x20000000   Section       20  system_stm32f10x.o(.data)
    .data                                    0x20000014   Section       20  stm32f10x_rcc.o(.data)
    APBAHBPrescTable                         0x20000014   Data          16  stm32f10x_rcc.o(.data)
    ADCPrescTable                            0x20000024   Data           4  stm32f10x_rcc.o(.data)
    .data                                    0x20000028   Section       28  main.o(.data)
    .data                                    0x20000044   Section       12  as5600.o(.data)
    .data                                    0x20000050   Section       56  foc.o(.data)
    .data                                    0x20000088   Section        4  ad.o(.data)
    .data                                    0x2000008c   Section       64  pid.o(.data)
    y_prev                                   0x200000c4   Data           4  pid.o(.data)
    y_prev2                                  0x200000c8   Data           4  pid.o(.data)
    .data                                    0x200000cc   Section        4  delay.o(.data)
    fac_us                                   0x200000cc   Data           1  delay.o(.data)
    fac_ms                                   0x200000ce   Data           2  delay.o(.data)
    .data                                    0x200000d0   Section        6  usart.o(.data)
    .data                                    0x200000d8   Section        4  errno.o(.data)
    _errno                                   0x200000d8   Data           4  errno.o(.data)
    .bss                                     0x200000dc   Section      200  usart.o(.bss)
    STACK                                    0x200001a8   Section     1024  startup_stm32f10x_md.o(STACK)

    Global Symbols

    Symbol Name                              Value     Ov Type        Size  Object(Section)

    BuildAttributes$$THM_ISAv4$P$D$K$B$S$PE$A:L22UL41UL21$X:L11$S22US41US21$IEEE1$IW$USESV6$~STKCKD$USESV7$~SHL$OTIME$ROPI$IEEEX$EBA8$MICROLIB$REQ8$PRES8$EABIv2 0x00000000   Number         0  anon$$obj.o ABSOLUTE
    __ARM_use_no_argv                        0x00000000   Number         0  main.o ABSOLUTE
    __use_no_errno                           0x00000000   Number         0  useno.o ABSOLUTE
    __use_no_exception_handling              0x00000000   Number         0  useno.o ABSOLUTE
    __use_no_fp                              0x00000000   Number         0  useno.o ABSOLUTE
    __use_no_heap                            0x00000000   Number         0  useno.o ABSOLUTE
    __use_no_heap_region                     0x00000000   Number         0  useno.o ABSOLUTE
    __use_no_semihosting                     0x00000000   Number         0  useno.o ABSOLUTE
    __use_no_semihosting_swi                 0x00000000   Number         0  useno.o ABSOLUTE
    __use_no_signal_handling                 0x00000000   Number         0  useno.o ABSOLUTE
    _printf_a                                0x00000000   Number         0  stubs.o ABSOLUTE
    _printf_c                                0x00000000   Number         0  stubs.o ABSOLUTE
    _printf_charcount                        0x00000000   Number         0  stubs.o ABSOLUTE
    _printf_d                                0x00000000   Number         0  stubs.o ABSOLUTE
    _printf_e                                0x00000000   Number         0  stubs.o ABSOLUTE
    _printf_f                                0x00000000   Number         0  stubs.o ABSOLUTE
    _printf_flags                            0x00000000   Number         0  stubs.o ABSOLUTE
    _printf_fp_dec                           0x00000000   Number         0  stubs.o ABSOLUTE
    _printf_fp_hex                           0x00000000   Number         0  stubs.o ABSOLUTE
    _printf_g                                0x00000000   Number         0  stubs.o ABSOLUTE
    _printf_i                                0x00000000   Number         0  stubs.o ABSOLUTE
    _printf_int_dec                          0x00000000   Number         0  stubs.o ABSOLUTE
    _printf_l                                0x00000000   Number         0  stubs.o ABSOLUTE
    _printf_lc                               0x00000000   Number         0  stubs.o ABSOLUTE
    _printf_ll                               0x00000000   Number         0  stubs.o ABSOLUTE
    _printf_lld                              0x00000000   Number         0  stubs.o ABSOLUTE
    _printf_lli                              0x00000000   Number         0  stubs.o ABSOLUTE
    _printf_llo                              0x00000000   Number         0  stubs.o ABSOLUTE
    _printf_llu                              0x00000000   Number         0  stubs.o ABSOLUTE
    _printf_llx                              0x00000000   Number         0  stubs.o ABSOLUTE
    _printf_longlong_dec                     0x00000000   Number         0  stubs.o ABSOLUTE
    _printf_longlong_hex                     0x00000000   Number         0  stubs.o ABSOLUTE
    _printf_longlong_oct                     0x00000000   Number         0  stubs.o ABSOLUTE
    _printf_ls                               0x00000000   Number         0  stubs.o ABSOLUTE
    _printf_mbtowc                           0x00000000   Number         0  stubs.o ABSOLUTE
    _printf_n                                0x00000000   Number         0  stubs.o ABSOLUTE
    _printf_o                                0x00000000   Number         0  stubs.o ABSOLUTE
    _printf_p                                0x00000000   Number         0  stubs.o ABSOLUTE
    _printf_percent                          0x00000000   Number         0  stubs.o ABSOLUTE
    _printf_pre_padding                      0x00000000   Number         0  stubs.o ABSOLUTE
    _printf_return_value                     0x00000000   Number         0  stubs.o ABSOLUTE
    _printf_s                                0x00000000   Number         0  stubs.o ABSOLUTE
    _printf_sizespec                         0x00000000   Number         0  stubs.o ABSOLUTE
    _printf_str                              0x00000000   Number         0  stubs.o ABSOLUTE
    _printf_truncate_signed                  0x00000000   Number         0  stubs.o ABSOLUTE
    _printf_truncate_unsigned                0x00000000   Number         0  stubs.o ABSOLUTE
    _printf_u                                0x00000000   Number         0  stubs.o ABSOLUTE
    _printf_wc                               0x00000000   Number         0  stubs.o ABSOLUTE
    _printf_wctomb                           0x00000000   Number         0  stubs.o ABSOLUTE
    _printf_widthprec                        0x00000000   Number         0  stubs.o ABSOLUTE
    _printf_x                                0x00000000   Number         0  stubs.o ABSOLUTE
    __arm_fini_                               - Undefined Weak Reference
    __cpp_initialize__aeabi_                  - Undefined Weak Reference
    __cxa_finalize                            - Undefined Weak Reference
    __decompress                              - Undefined Weak Reference
    _clock_init                               - Undefined Weak Reference
    _microlib_exit                            - Undefined Weak Reference
    __Vectors_Size                           0x000000ec   Number         0  startup_stm32f10x_md.o ABSOLUTE
    __Vectors                                0x08000000   Data           4  startup_stm32f10x_md.o(RESET)
    __Vectors_End                            0x080000ec   Data           0  startup_stm32f10x_md.o(RESET)
    __main                                   0x080000ed   Thumb Code     0  entry.o(.ARM.Collect$$$$00000000)
    _main_stk                                0x080000ed   Thumb Code     0  entry2.o(.ARM.Collect$$$$00000001)
    _main_scatterload                        0x080000f1   Thumb Code     0  entry5.o(.ARM.Collect$$$$00000004)
    __main_after_scatterload                 0x080000f5   Thumb Code     0  entry5.o(.ARM.Collect$$$$00000004)
    _main_clock                              0x080000f5   Thumb Code     0  entry7b.o(.ARM.Collect$$$$00000008)
    _main_cpp_init                           0x080000f5   Thumb Code     0  entry8b.o(.ARM.Collect$$$$0000000A)
    _main_init                               0x080000f5   Thumb Code     0  entry9a.o(.ARM.Collect$$$$0000000B)
    __rt_lib_shutdown_fini                   0x080000fd   Thumb Code     0  entry12b.o(.ARM.Collect$$$$0000000E)
    __rt_final_cpp                           0x08000101   Thumb Code     0  entry10a.o(.ARM.Collect$$$$0000000F)
    __rt_final_exit                          0x08000101   Thumb Code     0  entry11a.o(.ARM.Collect$$$$00000011)
    Reset_Handler                            0x08000105   Thumb Code     8  startup_stm32f10x_md.o(.text)
    ADC1_2_IRQHandler                        0x0800011f   Thumb Code     0  startup_stm32f10x_md.o(.text)
    CAN1_RX1_IRQHandler                      0x0800011f   Thumb Code     0  startup_stm32f10x_md.o(.text)
    CAN1_SCE_IRQHandler                      0x0800011f   Thumb Code     0  startup_stm32f10x_md.o(.text)
    DMA1_Channel1_IRQHandler                 0x0800011f   Thumb Code     0  startup_stm32f10x_md.o(.text)
    DMA1_Channel2_IRQHandler                 0x0800011f   Thumb Code     0  startup_stm32f10x_md.o(.text)
    DMA1_Channel3_IRQHandler                 0x0800011f   Thumb Code     0  startup_stm32f10x_md.o(.text)
    DMA1_Channel4_IRQHandler                 0x0800011f   Thumb Code     0  startup_stm32f10x_md.o(.text)
    DMA1_Channel5_IRQHandler                 0x0800011f   Thumb Code     0  startup_stm32f10x_md.o(.text)
    DMA1_Channel6_IRQHandler                 0x0800011f   Thumb Code     0  startup_stm32f10x_md.o(.text)
    DMA1_Channel7_IRQHandler                 0x0800011f   Thumb Code     0  startup_stm32f10x_md.o(.text)
    EXTI0_IRQHandler                         0x0800011f   Thumb Code     0  startup_stm32f10x_md.o(.text)
    EXTI15_10_IRQHandler                     0x0800011f   Thumb Code     0  startup_stm32f10x_md.o(.text)
    EXTI1_IRQHandler                         0x0800011f   Thumb Code     0  startup_stm32f10x_md.o(.text)
    EXTI2_IRQHandler                         0x0800011f   Thumb Code     0  startup_stm32f10x_md.o(.text)
    EXTI3_IRQHandler                         0x0800011f   Thumb Code     0  startup_stm32f10x_md.o(.text)
    EXTI4_IRQHandler                         0x0800011f   Thumb Code     0  startup_stm32f10x_md.o(.text)
    EXTI9_5_IRQHandler                       0x0800011f   Thumb Code     0  startup_stm32f10x_md.o(.text)
    FLASH_IRQHandler                         0x0800011f   Thumb Code     0  startup_stm32f10x_md.o(.text)
    I2C1_ER_IRQHandler                       0x0800011f   Thumb Code     0  startup_stm32f10x_md.o(.text)
    I2C1_EV_IRQHandler                       0x0800011f   Thumb Code     0  startup_stm32f10x_md.o(.text)
    I2C2_ER_IRQHandler                       0x0800011f   Thumb Code     0  startup_stm32f10x_md.o(.text)
    I2C2_EV_IRQHandler                       0x0800011f   Thumb Code     0  startup_stm32f10x_md.o(.text)
    PVD_IRQHandler                           0x0800011f   Thumb Code     0  startup_stm32f10x_md.o(.text)
    RCC_IRQHandler                           0x0800011f   Thumb Code     0  startup_stm32f10x_md.o(.text)
    RTCAlarm_IRQHandler                      0x0800011f   Thumb Code     0  startup_stm32f10x_md.o(.text)
    RTC_IRQHandler                           0x0800011f   Thumb Code     0  startup_stm32f10x_md.o(.text)
    SPI1_IRQHandler                          0x0800011f   Thumb Code     0  startup_stm32f10x_md.o(.text)
    SPI2_IRQHandler                          0x0800011f   Thumb Code     0  startup_stm32f10x_md.o(.text)
    TAMPER_IRQHandler                        0x0800011f   Thumb Code     0  startup_stm32f10x_md.o(.text)
    TIM1_BRK_IRQHandler                      0x0800011f   Thumb Code     0  startup_stm32f10x_md.o(.text)
    TIM1_CC_IRQHandler                       0x0800011f   Thumb Code     0  startup_stm32f10x_md.o(.text)
    TIM1_TRG_COM_IRQHandler                  0x0800011f   Thumb Code     0  startup_stm32f10x_md.o(.text)
    TIM2_IRQHandler                          0x0800011f   Thumb Code     0  startup_stm32f10x_md.o(.text)
    TIM3_IRQHandler                          0x0800011f   Thumb Code     0  startup_stm32f10x_md.o(.text)
    TIM4_IRQHandler                          0x0800011f   Thumb Code     0  startup_stm32f10x_md.o(.text)
    USART2_IRQHandler                        0x0800011f   Thumb Code     0  startup_stm32f10x_md.o(.text)
    USART3_IRQHandler                        0x0800011f   Thumb Code     0  startup_stm32f10x_md.o(.text)
    USBWakeUp_IRQHandler                     0x0800011f   Thumb Code     0  startup_stm32f10x_md.o(.text)
    USB_HP_CAN1_TX_IRQHandler                0x0800011f   Thumb Code     0  startup_stm32f10x_md.o(.text)
    USB_LP_CAN1_RX0_IRQHandler               0x0800011f   Thumb Code     0  startup_stm32f10x_md.o(.text)
    WWDG_IRQHandler                          0x0800011f   Thumb Code     0  startup_stm32f10x_md.o(.text)
    __aeabi_fadd                             0x08000129   Thumb Code   164  fadd.o(.text)
    __aeabi_fsub                             0x080001cd   Thumb Code     6  fadd.o(.text)
    __aeabi_frsub                            0x080001d3   Thumb Code     6  fadd.o(.text)
    __aeabi_fmul                             0x080001d9   Thumb Code   100  fmul.o(.text)
    __aeabi_fdiv                             0x0800023d   Thumb Code   124  fdiv.o(.text)
    __aeabi_dadd                             0x080002b9   Thumb Code   322  dadd.o(.text)
    __aeabi_dsub                             0x080003fb   Thumb Code     6  dadd.o(.text)
    __aeabi_drsub                            0x08000401   Thumb Code     6  dadd.o(.text)
    __aeabi_dmul                             0x08000407   Thumb Code   228  dmul.o(.text)
    __aeabi_ddiv                             0x080004eb   Thumb Code   222  ddiv.o(.text)
    __aeabi_i2f                              0x080005c9   Thumb Code    18  fflti.o(.text)
    __aeabi_f2iz                             0x080005db   Thumb Code    50  ffixi.o(.text)
    __aeabi_f2uiz                            0x0800060d   Thumb Code    40  ffixui.o(.text)
    __aeabi_f2d                              0x08000635   Thumb Code    38  f2d.o(.text)
    __aeabi_d2f                              0x0800065b   Thumb Code    56  d2f.o(.text)
    __aeabi_cfcmpeq                          0x08000695   Thumb Code     0  cfcmple.o(.text)
    __aeabi_cfcmple                          0x08000695   Thumb Code    20  cfcmple.o(.text)
    __aeabi_cfrcmple                         0x080006a9   Thumb Code    20  cfrcmple.o(.text)
    __aeabi_uidiv                            0x080006bd   Thumb Code     0  uidiv.o(.text)
    __aeabi_uidivmod                         0x080006bd   Thumb Code    44  uidiv.o(.text)
    __aeabi_uldivmod                         0x080006e9   Thumb Code    98  uldiv.o(.text)
    __aeabi_llsl                             0x0800074b   Thumb Code    30  llshl.o(.text)
    _ll_shift_l                              0x0800074b   Thumb Code     0  llshl.o(.text)
    __aeabi_lasr                             0x08000769   Thumb Code    36  llsshr.o(.text)
    _ll_sshift_r                             0x08000769   Thumb Code     0  llsshr.o(.text)
    __I$use$fp                               0x0800078d   Thumb Code     0  iusefp.o(.text)
    _float_round                             0x0800078d   Thumb Code    18  fepilogue.o(.text)
    _float_epilogue                          0x0800079f   Thumb Code    92  fepilogue.o(.text)
    _double_round                            0x080007fb   Thumb Code    30  depilogue.o(.text)
    _double_epilogue                         0x08000819   Thumb Code   156  depilogue.o(.text)
    _drem                                    0x080008b5   Thumb Code   134  drem.o(.text)
    __aeabi_d2ulz                            0x0800093b   Thumb Code    48  dfixul.o(.text)
    __aeabi_cdrcmple                         0x0800096d   Thumb Code    48  cdrcmple.o(.text)
    __scatterload                            0x0800099d   Thumb Code    28  init.o(.text)
    __scatterload_rt2                        0x0800099d   Thumb Code     0  init.o(.text)
    __aeabi_llsr                             0x080009c1   Thumb Code    32  llushr.o(.text)
    _ll_ushift_r                             0x080009c1   Thumb Code     0  llushr.o(.text)
    ADC_Cmd                                  0x080009e1   Thumb Code    22  stm32f10x_adc.o(i.ADC_Cmd)
    ADC_DMACmd                               0x080009f7   Thumb Code    22  stm32f10x_adc.o(i.ADC_DMACmd)
    ADC_ExternalTrigConvCmd                  0x08000a0d   Thumb Code    22  stm32f10x_adc.o(i.ADC_ExternalTrigConvCmd)
    ADC_GetCalibrationStatus                 0x08000a23   Thumb Code    20  stm32f10x_adc.o(i.ADC_GetCalibrationStatus)
    ADC_GetResetCalibrationStatus            0x08000a37   Thumb Code    20  stm32f10x_adc.o(i.ADC_GetResetCalibrationStatus)
    ADC_Init                                 0x08000a4d   Thumb Code    70  stm32f10x_adc.o(i.ADC_Init)
    ADC_RegularChannelConfig                 0x08000a9d   Thumb Code   184  stm32f10x_adc.o(i.ADC_RegularChannelConfig)
    ADC_ResetCalibration                     0x08000b55   Thumb Code    10  stm32f10x_adc.o(i.ADC_ResetCalibration)
    ADC_StartCalibration                     0x08000b5f   Thumb Code    10  stm32f10x_adc.o(i.ADC_StartCalibration)
    AD_Init                                  0x08000b69   Thumb Code   252  ad.o(i.AD_Init)
    AS5600_IIC_Read_OneByte                  0x08000c75   Thumb Code    64  as5600.o(i.AS5600_IIC_Read_OneByte)
    Angle_limit                              0x08000cb5   Thumb Code    74  foc.o(i.Angle_limit)
    BusFault_Handler                         0x08000d09   Thumb Code     4  stm32f10x_it.o(i.BusFault_Handler)
    DMA_Cmd                                  0x08000d0d   Thumb Code    24  stm32f10x_dma.o(i.DMA_Cmd)
    DMA_Init                                 0x08000d25   Thumb Code    60  stm32f10x_dma.o(i.DMA_Init)
    DebugMon_Handler                         0x08000d61   Thumb Code     2  stm32f10x_it.o(i.DebugMon_Handler)
    GPIO_Init                                0x08000d63   Thumb Code   278  stm32f10x_gpio.o(i.GPIO_Init)
    GPIO_ResetBits                           0x08000e79   Thumb Code     4  stm32f10x_gpio.o(i.GPIO_ResetBits)
    GPIO_SetBits                             0x08000e7d   Thumb Code     4  stm32f10x_gpio.o(i.GPIO_SetBits)
    HardFault_Handler                        0x08000e81   Thumb Code     4  stm32f10x_it.o(i.HardFault_Handler)
    IIC_Ack                                  0x08000e85   Thumb Code    66  i2c.o(i.IIC_Ack)
    IIC_Init                                 0x08000ed5   Thumb Code    46  i2c.o(i.IIC_Init)
    IIC_NAck                                 0x08000f09   Thumb Code    66  i2c.o(i.IIC_NAck)
    IIC_Read_Byte                            0x08000f59   Thumb Code    98  i2c.o(i.IIC_Read_Byte)
    IIC_Send_Byte                            0x08000fc9   Thumb Code   104  i2c.o(i.IIC_Send_Byte)
    IIC_Start                                0x0800103d   Thumb Code    64  i2c.o(i.IIC_Start)
    IIC_Stop                                 0x08001089   Thumb Code    62  i2c.o(i.IIC_Stop)
    IIC_Wait_Ack                             0x080010d5   Thumb Code    86  i2c.o(i.IIC_Wait_Ack)
    Id_pid                                   0x08001139   Thumb Code   144  pid.o(i.Id_pid)
    Iq_pid                                   0x080011f1   Thumb Code   142  pid.o(i.Iq_pid)
    LED1_Turn                                0x080012a5   Thumb Code    14  led.o(i.LED1_Turn)
    LED_Init                                 0x080012b9   Thumb Code    72  led.o(i.LED_Init)
    LowPass_Filter                           0x08001309   Thumb Code   170  pid.o(i.LowPass_Filter)
    MemManage_Handler                        0x080013cd   Thumb Code     4  stm32f10x_it.o(i.MemManage_Handler)
    NMI_Handler                              0x080013d1   Thumb Code     2  stm32f10x_it.o(i.NMI_Handler)
    NVIC_Init                                0x080013d5   Thumb Code   100  misc.o(i.NVIC_Init)
    PWM_Init                                 0x08001445   Thumb Code   176  pwm.o(i.PWM_Init)
    PendSV_Handler                           0x080014f9   Thumb Code     2  stm32f10x_it.o(i.PendSV_Handler)
    RCC_ADCCLKConfig                         0x080014fd   Thumb Code    18  stm32f10x_rcc.o(i.RCC_ADCCLKConfig)
    RCC_AHBPeriphClockCmd                    0x08001515   Thumb Code    26  stm32f10x_rcc.o(i.RCC_AHBPeriphClockCmd)
    RCC_APB1PeriphClockCmd                   0x08001535   Thumb Code    26  stm32f10x_rcc.o(i.RCC_APB1PeriphClockCmd)
    RCC_APB2PeriphClockCmd                   0x08001555   Thumb Code    26  stm32f10x_rcc.o(i.RCC_APB2PeriphClockCmd)
    RCC_GetClocksFreq                        0x08001575   Thumb Code   192  stm32f10x_rcc.o(i.RCC_GetClocksFreq)
    SVC_Handler                              0x08001649   Thumb Code     2  stm32f10x_it.o(i.SVC_Handler)
    SysTick_CLKSourceConfig                  0x08001735   Thumb Code    40  misc.o(i.SysTick_CLKSourceConfig)
    SysTick_Handler                          0x0800175d   Thumb Code     2  stm32f10x_it.o(i.SysTick_Handler)
    SystemInit                               0x08001761   Thumb Code    78  system_stm32f10x.o(i.SystemInit)
    TIM1_UP_IRQHandler                       0x080017c1   Thumb Code    52  main.o(i.TIM1_UP_IRQHandler)
    TIM_ClearFlag                            0x08001809   Thumb Code     6  stm32f10x_tim.o(i.TIM_ClearFlag)
    TIM_ClearITPendingBit                    0x0800180f   Thumb Code     6  stm32f10x_tim.o(i.TIM_ClearITPendingBit)
    TIM_Cmd                                  0x08001815   Thumb Code    24  stm32f10x_tim.o(i.TIM_Cmd)
    TIM_GetITStatus                          0x0800182d   Thumb Code    34  stm32f10x_tim.o(i.TIM_GetITStatus)
    TIM_ITConfig                             0x0800184f   Thumb Code    18  stm32f10x_tim.o(i.TIM_ITConfig)
    TIM_InternalClockConfig                  0x08001861   Thumb Code    12  stm32f10x_tim.o(i.TIM_InternalClockConfig)
    TIM_OC1Init                              0x0800186d   Thumb Code   132  stm32f10x_tim.o(i.TIM_OC1Init)
    TIM_OC2Init                              0x08001905   Thumb Code   154  stm32f10x_tim.o(i.TIM_OC2Init)
    TIM_OC3Init                              0x080019a9   Thumb Code   150  stm32f10x_tim.o(i.TIM_OC3Init)
    TIM_OC4Init                              0x08001a49   Thumb Code   114  stm32f10x_tim.o(i.TIM_OC4Init)
    TIM_OCStructInit                         0x08001ac5   Thumb Code    20  stm32f10x_tim.o(i.TIM_OCStructInit)
    TIM_SetCompare1                          0x08001ad9   Thumb Code     4  stm32f10x_tim.o(i.TIM_SetCompare1)
    TIM_SetCompare2                          0x08001add   Thumb Code     4  stm32f10x_tim.o(i.TIM_SetCompare2)
    TIM_SetCompare3                          0x08001ae1   Thumb Code     4  stm32f10x_tim.o(i.TIM_SetCompare3)
    TIM_TimeBaseInit                         0x08001ae5   Thumb Code   122  stm32f10x_tim.o(i.TIM_TimeBaseInit)
    USART1_IRQHandler                        0x08001b89   Thumb Code   122  usart.o(i.USART1_IRQHandler)
    USART_Cmd                                0x08001c11   Thumb Code    24  stm32f10x_usart.o(i.USART_Cmd)
    USART_GetITStatus                        0x08001c29   Thumb Code    84  stm32f10x_usart.o(i.USART_GetITStatus)
    USART_ITConfig                           0x08001c7d   Thumb Code    74  stm32f10x_usart.o(i.USART_ITConfig)
    USART_Init                               0x08001cc9   Thumb Code   210  stm32f10x_usart.o(i.USART_Init)
    USART_ReceiveData                        0x08001da1   Thumb Code    10  stm32f10x_usart.o(i.USART_ReceiveData)
    UsageFault_Handler                       0x08001dab   Thumb Code     4  stm32f10x_it.o(i.UsageFault_Handler)
    __0printf                                0x08001db1   Thumb Code    22  printfa.o(i.__0printf)
    __1printf                                0x08001db1   Thumb Code     0  printfa.o(i.__0printf)
    __2printf                                0x08001db1   Thumb Code     0  printfa.o(i.__0printf)
    __c89printf                              0x08001db1   Thumb Code     0  printfa.o(i.__0printf)
    printf                                   0x08001db1   Thumb Code     0  printfa.o(i.__0printf)
    __mathlib_dbl_invalid                    0x08001dd1   Thumb Code    12  dunder.o(i.__mathlib_dbl_invalid)
    __scatterload_copy                       0x08001ddd   Thumb Code    14  handlers.o(i.__scatterload_copy)
    __scatterload_null                       0x08001deb   Thumb Code     2  handlers.o(i.__scatterload_null)
    __scatterload_zeroinit                   0x08001ded   Thumb Code    14  handlers.o(i.__scatterload_zeroinit)
    __set_errno                              0x08001dfd   Thumb Code     6  errno.o(i.__set_errno)
    _electricalAngle                         0x08001e09   Thumb Code    14  foc.o(i._electricalAngle)
    angle_get                                0x080026a9   Thumb Code    90  as5600.o(i.angle_get)
    beep_on                                  0x08002711   Thumb Code    54  led.o(i.beep_on)
    delay_init                               0x0800274d   Thumb Code    50  delay.o(i.delay_init)
    delay_ms                                 0x08002791   Thumb Code    72  delay.o(i.delay_ms)
    delay_s                                  0x080027dd   Thumb Code    12  i2c.o(i.delay_s)
    delay_us                                 0x080027e9   Thumb Code    72  delay.o(i.delay_us)
    first_get                                0x08002a3d   Thumb Code    46  ad.o(i.first_get)
    fmod                                     0x08002a71   Thumb Code   144  fmod.o(i.fmod)
    fputc                                    0x08002b05   Thumb Code    24  usart.o(i.fputc)
    limit                                    0x08002b21   Thumb Code    42  foc.o(i.limit)
    main                                     0x08002b4d   Thumb Code   220  main.o(i.main)
    pwm_a_write                              0x08002c55   Thumb Code    16  pwm.o(i.pwm_a_write)
    pwm_b_write                              0x08002c65   Thumb Code    16  pwm.o(i.pwm_b_write)
    pwm_c_write                              0x08002c75   Thumb Code    16  pwm.o(i.pwm_c_write)
    setPhaseVoltage                          0x08002c85   Thumb Code   576  foc.o(i.setPhaseVoltage)
    setpwm                                   0x08002f15   Thumb Code   194  foc.o(i.setpwm)
    timer1_Init                              0x08002fed   Thumb Code   112  timer1.o(i.timer1_Init)
    uart_init                                0x08003061   Thumb Code   152  usart.o(i.uart_init)
    Region$$Table$$Base                      0x08003100   Number         0  anon$$obj.o(Region$$Table)
    Region$$Table$$Limit                     0x08003120   Number         0  anon$$obj.o(Region$$Table)
    SystemCoreClock                          0x20000000   Data           4  system_stm32f10x.o(.data)
    AHBPrescTable                            0x20000004   Data          16  system_stm32f10x.o(.data)
    angle                                    0x20000028   Data           4  main.o(.data)
    t                                        0x2000002c   Data           4  main.o(.data)
    x                                        0x20000030   Data           4  main.o(.data)
    i_1                                      0x20000034   Data           4  main.o(.data)
    i_2                                      0x20000038   Data           4  main.o(.data)
    i_3                                      0x2000003c   Data           4  main.o(.data)
    f_a                                      0x20000040   Data           2  main.o(.data)
    f_b                                      0x20000042   Data           2  main.o(.data)
    value                                    0x20000044   Data           4  as5600.o(.data)
    Angle                                    0x20000048   Data           4  as5600.o(.data)
    _PI                                      0x2000004c   Data           4  as5600.o(.data)
    pwm_a                                    0x20000050   Data           4  foc.o(.data)
    pwm_b                                    0x20000054   Data           4  foc.o(.data)
    pwm_c                                    0x20000058   Data           4  foc.o(.data)
    Ualpha                                   0x2000005c   Data           4  foc.o(.data)
    Ubate                                    0x20000060   Data           4  foc.o(.data)
    Ialpha                                   0x20000064   Data           4  foc.o(.data)
    Ibate                                    0x20000068   Data           4  foc.o(.data)
    Ua                                       0x2000006c   Data           4  foc.o(.data)
    Ub                                       0x20000070   Data           4  foc.o(.data)
    Uc                                       0x20000074   Data           4  foc.o(.data)
    Uq                                       0x20000078   Data           4  foc.o(.data)
    Ud                                       0x2000007c   Data           4  foc.o(.data)
    Iq                                       0x20000080   Data           4  foc.o(.data)
    Id                                       0x20000084   Data           4  foc.o(.data)
    AD_Value                                 0x20000088   Data           4  ad.o(.data)
    Err                                      0x2000008c   Data           4  pid.o(.data)
    last_err                                 0x20000090   Data           4  pid.o(.data)
    next_err                                 0x20000094   Data           4  pid.o(.data)
    out                                      0x20000098   Data           4  pid.o(.data)
    add                                      0x2000009c   Data           4  pid.o(.data)
    P                                        0x200000a0   Data           4  pid.o(.data)
    I                                        0x200000a4   Data           4  pid.o(.data)
    Err_2                                    0x200000a8   Data           4  pid.o(.data)
    last_err_2                               0x200000ac   Data           4  pid.o(.data)
    next_err_2                               0x200000b0   Data           4  pid.o(.data)
    out_2                                    0x200000b4   Data           4  pid.o(.data)
    add_2                                    0x200000b8   Data           4  pid.o(.data)
    P_2                                      0x200000bc   Data           4  pid.o(.data)
    I_2                                      0x200000c0   Data           4  pid.o(.data)
    __stdout                                 0x200000d0   Data           4  usart.o(.data)
    USART_RX_STA                             0x200000d4   Data           2  usart.o(.data)
    USART_RX_BUF                             0x200000dc   Data         200  usart.o(.bss)
    __initial_sp                             0x200005a8   Data           0  startup_stm32f10x_md.o(STACK)



==============================================================================

Memory Map of the image

  Image Entry point : 0x080000ed

  Load Region LR_IROM1 (Base: 0x08000000, Size: 0x000031fc, Max: 0x00010000, ABSOLUTE)

    Execution Region ER_IROM1 (Exec base: 0x08000000, Load base: 0x08000000, Size: 0x00003120, Max: 0x00010000, ABSOLUTE)

    Exec Addr    Load Addr    Size         Type   Attr      Idx    E Section Name        Object

    0x08000000   0x08000000   0x000000ec   Data   RO            3    RESET               startup_stm32f10x_md.o
    0x080000ec   0x080000ec   0x00000000   Code   RO         3846  * .ARM.Collect$$$$00000000  mc_w.l(entry.o)
    0x080000ec   0x080000ec   0x00000004   Code   RO         4150    .ARM.Collect$$$$00000001  mc_w.l(entry2.o)
    0x080000f0   0x080000f0   0x00000004   Code   RO         4153    .ARM.Collect$$$$00000004  mc_w.l(entry5.o)
    0x080000f4   0x080000f4   0x00000000   Code   RO         4155    .ARM.Collect$$$$00000008  mc_w.l(entry7b.o)
    0x080000f4   0x080000f4   0x00000000   Code   RO         4157    .ARM.Collect$$$$0000000A  mc_w.l(entry8b.o)
    0x080000f4   0x080000f4   0x00000008   Code   RO         4158    .ARM.Collect$$$$0000000B  mc_w.l(entry9a.o)
    0x080000fc   0x080000fc   0x00000004   Code   RO         4165    .ARM.Collect$$$$0000000E  mc_w.l(entry12b.o)
    0x08000100   0x08000100   0x00000000   Code   RO         4160    .ARM.Collect$$$$0000000F  mc_w.l(entry10a.o)
    0x08000100   0x08000100   0x00000000   Code   RO         4162    .ARM.Collect$$$$00000011  mc_w.l(entry11a.o)
    0x08000100   0x08000100   0x00000004   Code   RO         4151    .ARM.Collect$$$$00002712  mc_w.l(entry2.o)
    0x08000104   0x08000104   0x00000024   Code   RO            4    .text               startup_stm32f10x_md.o
    0x08000128   0x08000128   0x000000b0   Code   RO         4110    .text               mf_w.l(fadd.o)
    0x080001d8   0x080001d8   0x00000064   Code   RO         4112    .text               mf_w.l(fmul.o)
    0x0800023c   0x0800023c   0x0000007c   Code   RO         4114    .text               mf_w.l(fdiv.o)
    0x080002b8   0x080002b8   0x0000014e   Code   RO         4116    .text               mf_w.l(dadd.o)
    0x08000406   0x08000406   0x000000e4   Code   RO         4118    .text               mf_w.l(dmul.o)
    0x080004ea   0x080004ea   0x000000de   Code   RO         4120    .text               mf_w.l(ddiv.o)
    0x080005c8   0x080005c8   0x00000012   Code   RO         4122    .text               mf_w.l(fflti.o)
    0x080005da   0x080005da   0x00000032   Code   RO         4124    .text               mf_w.l(ffixi.o)
    0x0800060c   0x0800060c   0x00000028   Code   RO         4126    .text               mf_w.l(ffixui.o)
    0x08000634   0x08000634   0x00000026   Code   RO         4128    .text               mf_w.l(f2d.o)
    0x0800065a   0x0800065a   0x00000038   Code   RO         4130    .text               mf_w.l(d2f.o)
    0x08000692   0x08000692   0x00000002   PAD
    0x08000694   0x08000694   0x00000014   Code   RO         4132    .text               mf_w.l(cfcmple.o)
    0x080006a8   0x080006a8   0x00000014   Code   RO         4134    .text               mf_w.l(cfrcmple.o)
    0x080006bc   0x080006bc   0x0000002c   Code   RO         4166    .text               mc_w.l(uidiv.o)
    0x080006e8   0x080006e8   0x00000062   Code   RO         4168    .text               mc_w.l(uldiv.o)
    0x0800074a   0x0800074a   0x0000001e   Code   RO         4170    .text               mc_w.l(llshl.o)
    0x08000768   0x08000768   0x00000024   Code   RO         4172    .text               mc_w.l(llsshr.o)
    0x0800078c   0x0800078c   0x00000000   Code   RO         4181    .text               mc_w.l(iusefp.o)
    0x0800078c   0x0800078c   0x0000006e   Code   RO         4182    .text               mf_w.l(fepilogue.o)
    0x080007fa   0x080007fa   0x000000ba   Code   RO         4184    .text               mf_w.l(depilogue.o)
    0x080008b4   0x080008b4   0x00000086   Code   RO         4186    .text               mf_w.l(drem.o)
    0x0800093a   0x0800093a   0x00000030   Code   RO         4188    .text               mf_w.l(dfixul.o)
    0x0800096a   0x0800096a   0x00000002   PAD
    0x0800096c   0x0800096c   0x00000030   Code   RO         4190    .text               mf_w.l(cdrcmple.o)
    0x0800099c   0x0800099c   0x00000024   Code   RO         4192    .text               mc_w.l(init.o)
    0x080009c0   0x080009c0   0x00000020   Code   RO         4194    .text               mc_w.l(llushr.o)
    0x080009e0   0x080009e0   0x00000016   Code   RO          202    i.ADC_Cmd           stm32f10x_adc.o
    0x080009f6   0x080009f6   0x00000016   Code   RO          203    i.ADC_DMACmd        stm32f10x_adc.o
    0x08000a0c   0x08000a0c   0x00000016   Code   RO          207    i.ADC_ExternalTrigConvCmd  stm32f10x_adc.o
    0x08000a22   0x08000a22   0x00000014   Code   RO          210    i.ADC_GetCalibrationStatus  stm32f10x_adc.o
    0x08000a36   0x08000a36   0x00000014   Code   RO          216    i.ADC_GetResetCalibrationStatus  stm32f10x_adc.o
    0x08000a4a   0x08000a4a   0x00000002   PAD
    0x08000a4c   0x08000a4c   0x00000050   Code   RO          220    i.ADC_Init          stm32f10x_adc.o
    0x08000a9c   0x08000a9c   0x000000b8   Code   RO          224    i.ADC_RegularChannelConfig  stm32f10x_adc.o
    0x08000b54   0x08000b54   0x0000000a   Code   RO          225    i.ADC_ResetCalibration  stm32f10x_adc.o
    0x08000b5e   0x08000b5e   0x0000000a   Code   RO          229    i.ADC_StartCalibration  stm32f10x_adc.o
    0x08000b68   0x08000b68   0x0000010c   Code   RO         3667    i.AD_Init           ad.o
    0x08000c74   0x08000c74   0x00000040   Code   RO         3515    i.AS5600_IIC_Read_OneByte  as5600.o
    0x08000cb4   0x08000cb4   0x00000054   Code   RO         3554    i.Angle_limit       foc.o
    0x08000d08   0x08000d08   0x00000004   Code   RO         3261    i.BusFault_Handler  stm32f10x_it.o
    0x08000d0c   0x08000d0c   0x00000018   Code   RO          911    i.DMA_Cmd           stm32f10x_dma.o
    0x08000d24   0x08000d24   0x0000003c   Code   RO          917    i.DMA_Init          stm32f10x_dma.o
    0x08000d60   0x08000d60   0x00000002   Code   RO         3262    i.DebugMon_Handler  stm32f10x_it.o
    0x08000d62   0x08000d62   0x00000116   Code   RO         1347    i.GPIO_Init         stm32f10x_gpio.o
    0x08000e78   0x08000e78   0x00000004   Code   RO         1354    i.GPIO_ResetBits    stm32f10x_gpio.o
    0x08000e7c   0x08000e7c   0x00000004   Code   RO         1355    i.GPIO_SetBits      stm32f10x_gpio.o
    0x08000e80   0x08000e80   0x00000004   Code   RO         3263    i.HardFault_Handler  stm32f10x_it.o
    0x08000e84   0x08000e84   0x00000050   Code   RO         3452    i.IIC_Ack           i2c.o
    0x08000ed4   0x08000ed4   0x00000034   Code   RO         3453    i.IIC_Init          i2c.o
    0x08000f08   0x08000f08   0x00000050   Code   RO         3454    i.IIC_NAck          i2c.o
    0x08000f58   0x08000f58   0x00000070   Code   RO         3455    i.IIC_Read_Byte     i2c.o
    0x08000fc8   0x08000fc8   0x00000074   Code   RO         3456    i.IIC_Send_Byte     i2c.o
    0x0800103c   0x0800103c   0x0000004c   Code   RO         3457    i.IIC_Start         i2c.o
    0x08001088   0x08001088   0x0000004c   Code   RO         3458    i.IIC_Stop          i2c.o
    0x080010d4   0x080010d4   0x00000064   Code   RO         3459    i.IIC_Wait_Ack      i2c.o
    0x08001138   0x08001138   0x000000b8   Code   RO         3691    i.Id_pid            pid.o
    0x080011f0   0x080011f0   0x000000b4   Code   RO         3692    i.Iq_pid            pid.o
    0x080012a4   0x080012a4   0x00000014   Code   RO         3624    i.LED1_Turn         led.o
    0x080012b8   0x080012b8   0x00000050   Code   RO         3625    i.LED_Init          led.o
    0x08001308   0x08001308   0x000000c4   Code   RO         3693    i.LowPass_Filter    pid.o
    0x080013cc   0x080013cc   0x00000004   Code   RO         3264    i.MemManage_Handler  stm32f10x_it.o
    0x080013d0   0x080013d0   0x00000002   Code   RO         3265    i.NMI_Handler       stm32f10x_it.o
    0x080013d2   0x080013d2   0x00000002   PAD
    0x080013d4   0x080013d4   0x00000070   Code   RO          137    i.NVIC_Init         misc.o
    0x08001444   0x08001444   0x000000b4   Code   RO         3324    i.PWM_Init          pwm.o
    0x080014f8   0x080014f8   0x00000002   Code   RO         3266    i.PendSV_Handler    stm32f10x_it.o
    0x080014fa   0x080014fa   0x00000002   PAD
    0x080014fc   0x080014fc   0x00000018   Code   RO         1773    i.RCC_ADCCLKConfig  stm32f10x_rcc.o
    0x08001514   0x08001514   0x00000020   Code   RO         1774    i.RCC_AHBPeriphClockCmd  stm32f10x_rcc.o
    0x08001534   0x08001534   0x00000020   Code   RO         1775    i.RCC_APB1PeriphClockCmd  stm32f10x_rcc.o
    0x08001554   0x08001554   0x00000020   Code   RO         1777    i.RCC_APB2PeriphClockCmd  stm32f10x_rcc.o
    0x08001574   0x08001574   0x000000d4   Code   RO         1785    i.RCC_GetClocksFreq  stm32f10x_rcc.o
    0x08001648   0x08001648   0x00000002   Code   RO         3267    i.SVC_Handler       stm32f10x_it.o
    0x0800164a   0x0800164a   0x00000008   Code   RO           24    i.SetSysClock       system_stm32f10x.o
    0x08001652   0x08001652   0x00000002   PAD
    0x08001654   0x08001654   0x000000e0   Code   RO           25    i.SetSysClockTo72   system_stm32f10x.o
    0x08001734   0x08001734   0x00000028   Code   RO          141    i.SysTick_CLKSourceConfig  misc.o
    0x0800175c   0x0800175c   0x00000002   Code   RO         3268    i.SysTick_Handler   stm32f10x_it.o
    0x0800175e   0x0800175e   0x00000002   PAD
    0x08001760   0x08001760   0x00000060   Code   RO           27    i.SystemInit        system_stm32f10x.o
    0x080017c0   0x080017c0   0x00000048   Code   RO         3196    i.TIM1_UP_IRQHandler  main.o
    0x08001808   0x08001808   0x00000006   Code   RO         2415    i.TIM_ClearFlag     stm32f10x_tim.o
    0x0800180e   0x0800180e   0x00000006   Code   RO         2416    i.TIM_ClearITPendingBit  stm32f10x_tim.o
    0x08001814   0x08001814   0x00000018   Code   RO         2421    i.TIM_Cmd           stm32f10x_tim.o
    0x0800182c   0x0800182c   0x00000022   Code   RO         2442    i.TIM_GetITStatus   stm32f10x_tim.o
    0x0800184e   0x0800184e   0x00000012   Code   RO         2446    i.TIM_ITConfig      stm32f10x_tim.o
    0x08001860   0x08001860   0x0000000c   Code   RO         2448    i.TIM_InternalClockConfig  stm32f10x_tim.o
    0x0800186c   0x0800186c   0x00000098   Code   RO         2450    i.TIM_OC1Init       stm32f10x_tim.o
    0x08001904   0x08001904   0x000000a4   Code   RO         2455    i.TIM_OC2Init       stm32f10x_tim.o
    0x080019a8   0x080019a8   0x000000a0   Code   RO         2460    i.TIM_OC3Init       stm32f10x_tim.o
    0x08001a48   0x08001a48   0x0000007c   Code   RO         2465    i.TIM_OC4Init       stm32f10x_tim.o
    0x08001ac4   0x08001ac4   0x00000014   Code   RO         2468    i.TIM_OCStructInit  stm32f10x_tim.o
    0x08001ad8   0x08001ad8   0x00000004   Code   RO         2482    i.TIM_SetCompare1   stm32f10x_tim.o
    0x08001adc   0x08001adc   0x00000004   Code   RO         2483    i.TIM_SetCompare2   stm32f10x_tim.o
    0x08001ae0   0x08001ae0   0x00000004   Code   RO         2484    i.TIM_SetCompare3   stm32f10x_tim.o
    0x08001ae4   0x08001ae4   0x000000a4   Code   RO         2492    i.TIM_TimeBaseInit  stm32f10x_tim.o
    0x08001b88   0x08001b88   0x00000088   Code   RO         3797    i.USART1_IRQHandler  usart.o
    0x08001c10   0x08001c10   0x00000018   Code   RO         2960    i.USART_Cmd         stm32f10x_usart.o
    0x08001c28   0x08001c28   0x00000054   Code   RO         2964    i.USART_GetITStatus  stm32f10x_usart.o
    0x08001c7c   0x08001c7c   0x0000004a   Code   RO         2966    i.USART_ITConfig    stm32f10x_usart.o
    0x08001cc6   0x08001cc6   0x00000002   PAD
    0x08001cc8   0x08001cc8   0x000000d8   Code   RO         2967    i.USART_Init        stm32f10x_usart.o
    0x08001da0   0x08001da0   0x0000000a   Code   RO         2974    i.USART_ReceiveData  stm32f10x_usart.o
    0x08001daa   0x08001daa   0x00000004   Code   RO         3269    i.UsageFault_Handler  stm32f10x_it.o
    0x08001dae   0x08001dae   0x00000002   PAD
    0x08001db0   0x08001db0   0x00000020   Code   RO         4082    i.__0printf         mc_w.l(printfa.o)
    0x08001dd0   0x08001dd0   0x0000000c   Code   RO         4139    i.__mathlib_dbl_invalid  m_ws.l(dunder.o)
    0x08001ddc   0x08001ddc   0x0000000e   Code   RO         4200    i.__scatterload_copy  mc_w.l(handlers.o)
    0x08001dea   0x08001dea   0x00000002   Code   RO         4201    i.__scatterload_null  mc_w.l(handlers.o)
    0x08001dec   0x08001dec   0x0000000e   Code   RO         4202    i.__scatterload_zeroinit  mc_w.l(handlers.o)
    0x08001dfa   0x08001dfa   0x00000002   PAD
    0x08001dfc   0x08001dfc   0x0000000c   Code   RO         4176    i.__set_errno       mc_w.l(errno.o)
    0x08001e08   0x08001e08   0x00000014   Code   RO         3555    i._electricalAngle  foc.o
    0x08001e1c   0x08001e1c   0x00000184   Code   RO         4089    i._fp_digits        mc_w.l(printfa.o)
    0x08001fa0   0x08001fa0   0x000006b4   Code   RO         4090    i._printf_core      mc_w.l(printfa.o)
    0x08002654   0x08002654   0x00000024   Code   RO         4091    i._printf_post_padding  mc_w.l(printfa.o)
    0x08002678   0x08002678   0x0000002e   Code   RO         4092    i._printf_pre_padding  mc_w.l(printfa.o)
    0x080026a6   0x080026a6   0x00000002   PAD
    0x080026a8   0x080026a8   0x00000068   Code   RO         3516    i.angle_get         as5600.o
    0x08002710   0x08002710   0x0000003c   Code   RO         3626    i.beep_on           led.o
    0x0800274c   0x0800274c   0x00000044   Code   RO         3737    i.delay_init        delay.o
    0x08002790   0x08002790   0x0000004c   Code   RO         3738    i.delay_ms          delay.o
    0x080027dc   0x080027dc   0x0000000c   Code   RO         3460    i.delay_s           i2c.o
    0x080027e8   0x080027e8   0x0000004c   Code   RO         3739    i.delay_us          delay.o
    0x08002834   0x08002834   0x00000078   Code   RO         3556    i.f1                foc.o
    0x080028ac   0x080028ac   0x00000078   Code   RO         3557    i.f2                foc.o
    0x08002924   0x08002924   0x00000088   Code   RO         3558    i.fast_cos          foc.o
    0x080029ac   0x080029ac   0x00000090   Code   RO         3559    i.fast_sin          foc.o
    0x08002a3c   0x08002a3c   0x00000034   Code   RO         3668    i.first_get         ad.o
    0x08002a70   0x08002a70   0x00000094   Code   RO         3839    i.fmod              m_ws.l(fmod.o)
    0x08002b04   0x08002b04   0x0000001c   Code   RO         3799    i.fputc             usart.o
    0x08002b20   0x08002b20   0x0000002a   Code   RO         3560    i.limit             foc.o
    0x08002b4a   0x08002b4a   0x00000002   PAD
    0x08002b4c   0x08002b4c   0x00000108   Code   RO         3197    i.main              main.o
    0x08002c54   0x08002c54   0x00000010   Code   RO         3327    i.pwm_a_write       pwm.o
    0x08002c64   0x08002c64   0x00000010   Code   RO         3328    i.pwm_b_write       pwm.o
    0x08002c74   0x08002c74   0x00000010   Code   RO         3329    i.pwm_c_write       pwm.o
    0x08002c84   0x08002c84   0x00000290   Code   RO         3561    i.setPhaseVoltage   foc.o
    0x08002f14   0x08002f14   0x000000d8   Code   RO         3562    i.setpwm            foc.o
    0x08002fec   0x08002fec   0x00000074   Code   RO         3539    i.timer1_Init       timer1.o
    0x08003060   0x08003060   0x000000a0   Code   RO         3800    i.uart_init         usart.o
    0x08003100   0x08003100   0x00000020   Data   RO         4198    Region$$Table       anon$$obj.o


    Execution Region RW_IRAM1 (Exec base: 0x20000000, Load base: 0x08003120, Size: 0x000005a8, Max: 0x00005000, ABSOLUTE)

    Exec Addr    Load Addr    Size         Type   Attr      Idx    E Section Name        Object

    0x20000000   0x08003120   0x00000014   Data   RW           28    .data               system_stm32f10x.o
    0x20000014   0x08003134   0x00000014   Data   RW         1805    .data               stm32f10x_rcc.o
    0x20000028   0x08003148   0x0000001c   Data   RW         3198    .data               main.o
    0x20000044   0x08003164   0x0000000c   Data   RW         3517    .data               as5600.o
    0x20000050   0x08003170   0x00000038   Data   RW         3563    .data               foc.o
    0x20000088   0x080031a8   0x00000004   Data   RW         3669    .data               ad.o
    0x2000008c   0x080031ac   0x00000040   Data   RW         3696    .data               pid.o
    0x200000cc   0x080031ec   0x00000004   Data   RW         3740    .data               delay.o
    0x200000d0   0x080031f0   0x00000006   Data   RW         3802    .data               usart.o
    0x200000d6   0x080031f6   0x00000002   PAD
    0x200000d8   0x080031f8   0x00000004   Data   RW         4177    .data               mc_w.l(errno.o)
    0x200000dc        -       0x000000c8   Zero   RW         3801    .bss                usart.o
    0x200001a4   0x080031fc   0x00000004   PAD
    0x200001a8        -       0x00000400   Zero   RW            1    STACK               startup_stm32f10x_md.o


==============================================================================

Image component sizes


      Code (inc. data)   RO Data    RW Data    ZI Data      Debug   Object Name

       320         22          0          4          0       1693   ad.o
       168         14          0         12          0       1344   as5600.o
         0          0          0          0          0       4516   core_cm3.o
       220         26          0          4          0       1563   delay.o
      1538        184          0         56          0       5723   foc.o
       704        100          0          0          0       4276   i2c.o
       160         20          0          0          0       1369   led.o
       336         64          0         28          0       1260   main.o
       152         12          0          0          0     213614   misc.o
       560        104          0         64          0       2395   pid.o
       228          4          0          0          0     233881   pwm.o
        36          8        236          0       1024        780   startup_stm32f10x_md.o
       390         10          0          0          0      17364   stm32f10x_adc.o
        84          0          0          0          0      12341   stm32f10x_dma.o
       286          0          0          0          0      11060   stm32f10x_gpio.o
        26          0          0          0          0       3486   stm32f10x_it.o
       332         44          0         20          0      13793   stm32f10x_rcc.o
       896         92          0          0          0      28825   stm32f10x_tim.o
       408          6          0          0          0      10574   stm32f10x_usart.o
       328         28          0         20          0      34725   system_stm32f10x.o
       116          4          0          0          0        542   timer1.o
       324         26          0          6        200       3456   usart.o

    ----------------------------------------------------------------------
      7628        768        268        216       1228     608580   Object Totals
         0          0         32          0          0          0   (incl. Generated)
        16          0          0          2          4          0   (incl. Padding)

    ----------------------------------------------------------------------

      Code (inc. data)   RO Data    RW Data    ZI Data      Debug   Library Member Name

        12          0          0          0          0         68   dunder.o
       148          4          0          0          0         88   fmod.o
         0          0          0          0          0          0   entry.o
         0          0          0          0          0          0   entry10a.o
         0          0          0          0          0          0   entry11a.o
         4          0          0          0          0          0   entry12b.o
         8          4          0          0          0          0   entry2.o
         4          0          0          0          0          0   entry5.o
         0          0          0          0          0          0   entry7b.o
         0          0          0          0          0          0   entry8b.o
         8          4          0          0          0          0   entry9a.o
        12          6          0          4          0         68   errno.o
        30          0          0          0          0          0   handlers.o
        36          8          0          0          0         68   init.o
         0          0          0          0          0          0   iusefp.o
        30          0          0          0          0         68   llshl.o
        36          0          0          0          0         68   llsshr.o
        32          0          0          0          0         68   llushr.o
      2218         90          0          0          0        464   printfa.o
        44          0          0          0          0         80   uidiv.o
        98          0          0          0          0         92   uldiv.o
        48          0          0          0          0         68   cdrcmple.o
        20          0          0          0          0         68   cfcmple.o
        20          0          0          0          0         68   cfrcmple.o
        56          0          0          0          0         88   d2f.o
       334          0          0          0          0        148   dadd.o
       222          0          0          0          0        100   ddiv.o
       186          0          0          0          0        176   depilogue.o
        48          0          0          0          0         68   dfixul.o
       228          0          0          0          0         96   dmul.o
       134          0          0          0          0         96   drem.o
        38          0          0          0          0         68   f2d.o
       176          0          0          0          0        140   fadd.o
       124          0          0          0          0         88   fdiv.o
       110          0          0          0          0        168   fepilogue.o
        50          0          0          0          0         68   ffixi.o
        40          0          0          0          0         68   ffixui.o
        18          0          0          0          0         68   fflti.o
       100          0          0          0          0         76   fmul.o

    ----------------------------------------------------------------------
      4680        116          0          4          0       2852   Library Totals
         8          0          0          0          0          0   (incl. Padding)

    ----------------------------------------------------------------------

      Code (inc. data)   RO Data    RW Data    ZI Data      Debug   Library Name

       160          4          0          0          0        156   m_ws.l
      2560        112          0          4          0        976   mc_w.l
      1952          0          0          0          0       1720   mf_w.l

    ----------------------------------------------------------------------
      4680        116          0          4          0       2852   Library Totals

    ----------------------------------------------------------------------

==============================================================================


      Code (inc. data)   RO Data    RW Data    ZI Data      Debug   

     12308        884        268        220       1228     605344   Grand Totals
     12308        884        268        220       1228     605344   ELF Image Totals
     12308        884        268        220          0          0   ROM Totals

==============================================================================

    Total RO  Size (Code + RO Data)                12576 (  12.28kB)
    Total RW  Size (RW Data + ZI Data)              1448 (   1.41kB)
    Total ROM Size (Code + RO Data + RW Data)      12796 (  12.50kB)

==============================================================================

